2024-05-07 18:19:55,861 - [INFO] - dataset [mnist] is loaded
2024-05-07 18:19:55,862 - [INFO] - model [cnn] is built
2024-05-07 18:19:55,862 - [INFO] - dp mechanism [no_dp] is set
2024-05-07 18:19:55,862 - [INFO] - The server has been initialized
2024-05-07 18:19:56,912 - [INFO] - The clients[10] have been initialized
2024-05-07 18:19:56,912 - [INFO] - protocal [SecAgg] start
2024-05-07 18:19:56,912 - [INFO] - clients [0, 1, 2, 3, 4, 5, 6, 7, 8, 9] are selected
2024-05-07 18:19:57,040 - [INFO] - advertise keys finished
2024-05-07 18:19:57,040 - [INFO] - online users: 0,1,2,3,4,5,6,7,8,9
2024-05-07 18:19:58,465 - [INFO] - share secret finished
2024-05-07 18:19:58,465 - [INFO] - online users: 0,1,2,3,4,5,6,7,8,9
2024-05-07 18:20:14,477 - [INFO] - Round   0,Testing accuracy: 11.82,Time:  17.56s
2024-05-07 18:20:14,477 - [INFO] - clients [0, 1, 2, 3, 4, 5, 6, 7, 8, 9] are selected
2024-05-07 18:20:14,633 - [INFO] - advertise keys finished
2024-05-07 18:20:14,633 - [INFO] - online users: 0,1,2,3,4,5,6,7,8,9,0,1,2,3,4,5,6,7,8,9
2024-05-07 18:20:18,915 - [INFO] - dataset [mnist] is loaded
2024-05-07 18:20:18,916 - [INFO] - model [cnn] is built
2024-05-07 18:20:18,917 - [INFO] - dp mechanism [no_dp] is set
2024-05-07 18:20:18,917 - [INFO] - The server has been initialized
2024-05-07 18:20:19,868 - [INFO] - The clients[10] have been initialized
2024-05-07 18:20:19,868 - [INFO] - protocal [SecAgg] start
2024-05-07 18:20:19,868 - [INFO] - clients [0, 1, 2, 3, 4, 5, 6, 7, 8, 9] are selected
2024-05-07 18:20:19,997 - [INFO] - advertise keys finished
2024-05-07 18:20:19,998 - [INFO] - U_1 users: 0,1,2,3,4,5,6,7,8,9
2024-05-07 18:20:21,399 - [INFO] - share secret finished
2024-05-07 18:20:21,399 - [INFO] - U_2 users: 0,1,2,3,4,5,6,7,8,9
2024-05-08 03:49:47,570 - [INFO] - dataset [mnist] is loaded
2024-05-08 03:49:47,577 - [INFO] - model [cnn] is built
2024-05-08 03:49:47,577 - [INFO] - dp mechanism [no_dp] is set
2024-05-08 03:49:47,578 - [INFO] - The server has been initialized
2024-05-08 03:49:50,382 - [INFO] - The clients[10] have been initialized
2024-05-08 03:49:50,383 - [INFO] - protocal [SecAgg] start
2024-05-08 03:49:50,383 - [INFO] - clients [0, 1, 2, 3, 4, 5, 6, 7, 8, 9] are selected
2024-05-08 03:49:50,678 - [INFO] - advertise keys finished
2024-05-08 03:49:50,678 - [INFO] - U_1 users: 0,1,2,3,4,5,6,7,8,9
2024-05-08 03:49:53,975 - [INFO] - share secret finished
2024-05-08 03:49:53,976 - [INFO] - U_2 users: 0,1,2,3,4,5,6,7,8,9
2024-05-08 03:51:53,532 - [INFO] - dataset [mnist] is loaded
2024-05-08 03:51:53,535 - [INFO] - model [cnn] is built
2024-05-08 03:51:53,536 - [INFO] - dp mechanism [no_dp] is set
2024-05-08 03:51:53,536 - [INFO] - The server has been initialized
2024-05-08 03:51:55,025 - [INFO] - The clients[10] have been initialized
2024-05-08 03:51:55,025 - [INFO] - protocal [SecAgg] start
2024-05-08 03:51:55,026 - [INFO] - clients [0, 1, 2, 3, 4, 5, 6, 7, 8, 9] are selected
2024-05-08 03:51:55,308 - [INFO] - advertise keys finished
2024-05-08 03:51:55,309 - [INFO] - U_1 users: 0,1,2,3,4,5,6,7,8,9
2024-05-08 03:51:58,631 - [INFO] - share secret finished
2024-05-08 03:51:58,632 - [INFO] - U_2 users: 0,1,2,3,4,5,6,7,8,9
2024-05-08 03:57:50,056 - [INFO] - dataset [mnist] is loaded
2024-05-08 03:57:50,059 - [INFO] - model [cnn] is built
2024-05-08 03:57:50,060 - [INFO] - dp mechanism [no_dp] is set
2024-05-08 03:57:50,060 - [INFO] - The server has been initialized
2024-05-08 03:57:51,944 - [INFO] - The clients[10] have been initialized
2024-05-08 03:57:51,945 - [INFO] - protocal [SecAgg] start
2024-05-08 03:57:51,945 - [INFO] - clients [0, 1, 2, 3, 4, 5, 6, 7, 8, 9] are selected
2024-05-08 03:57:52,252 - [INFO] - advertise keys finished
2024-05-08 03:57:52,253 - [INFO] - U_1 users: 0,1,2,3,4,5,6,7,8,9
2024-05-08 03:57:55,748 - [INFO] - share secret finished
2024-05-08 03:57:55,748 - [INFO] - U_2 users: 0,1,2,3,4,5,6,7,8,9
2024-05-08 04:22:19,815 - [INFO] - dataset [mnist] is loaded
2024-05-08 04:22:19,816 - [INFO] - model [cnn] is built
2024-05-08 04:22:19,816 - [INFO] - dp mechanism [no_dp] is set
2024-05-08 04:22:19,816 - [INFO] - The server has been initialized
2024-05-08 04:22:20,916 - [INFO] - The clients[10] have been initialized
2024-05-08 04:22:20,916 - [INFO] - protocal [SecAgg] start
2024-05-08 04:22:20,916 - [INFO] - clients [0, 1, 2, 3, 4, 5, 6, 7, 8, 9] are selected
2024-05-08 04:22:21,071 - [INFO] - advertise keys finished
2024-05-08 04:22:21,071 - [INFO] - U_1 users: 0,1,2,3,4,5,6,7,8,9
2024-05-08 04:22:22,836 - [INFO] - share secret finished
2024-05-08 04:22:22,836 - [INFO] - U_2 users: 0,1,2,3,4,5,6,7,8,9
2024-05-08 10:53:45,199 - [INFO] - dataset [mnist] is loaded
2024-05-08 10:53:45,205 - [INFO] - model [cnn] is built
2024-05-08 10:53:45,205 - [INFO] - dp mechanism [no_dp] is set
2024-05-08 10:53:45,206 - [INFO] - The server has been initialized
2024-05-08 10:53:47,254 - [INFO] - The clients[10] have been initialized
2024-05-08 10:53:47,255 - [INFO] - protocal [SecAgg] start
2024-05-08 10:53:47,255 - [INFO] - clients [0, 1, 2, 3, 4, 5, 6, 7, 8, 9] are selected
2024-05-08 10:53:47,552 - [INFO] - advertise keys finished
2024-05-08 10:53:47,553 - [INFO] - U_1 users: 0,1,2,3,4,5,6,7,8,9
2024-05-08 10:53:50,891 - [INFO] - share secret finished
2024-05-08 10:53:50,892 - [INFO] - U_2 users: 0,1,2,3,4,5,6,7,8,9
2024-05-08 10:56:54,849 - [INFO] - dataset [mnist] is loaded
2024-05-08 10:56:54,852 - [INFO] - model [cnn] is built
2024-05-08 10:56:54,852 - [INFO] - dp mechanism [no_dp] is set
2024-05-08 10:56:54,853 - [INFO] - The server has been initialized
2024-05-08 10:56:56,504 - [INFO] - The clients[10] have been initialized
2024-05-08 10:56:56,506 - [INFO] - protocal [SecAgg] start
2024-05-08 10:56:56,506 - [INFO] - clients [0, 1, 2, 3, 4, 5, 6, 7, 8, 9] are selected
2024-05-08 10:56:56,807 - [INFO] - advertise keys finished
2024-05-08 10:56:56,807 - [INFO] - U_1 users: 0,1,2,3,4,5,6,7,8,9
2024-05-08 10:57:00,114 - [INFO] - share secret finished
2024-05-08 10:57:00,115 - [INFO] - U_2 users: 0,1,2,3,4,5,6,7,8,9
2024-05-08 10:57:16,219 - [INFO] - dataset [mnist] is loaded
2024-05-08 10:57:16,222 - [INFO] - model [cnn] is built
2024-05-08 10:57:16,222 - [INFO] - dp mechanism [no_dp] is set
2024-05-08 10:57:16,223 - [INFO] - The server has been initialized
2024-05-08 10:57:18,650 - [INFO] - The clients[10] have been initialized
2024-05-08 10:57:18,651 - [INFO] - protocal [SecAgg] start
2024-05-08 10:57:18,652 - [INFO] - clients [0, 1, 2, 3, 4, 5, 6, 7, 8, 9] are selected
2024-05-08 10:57:18,958 - [INFO] - advertise keys finished
2024-05-08 10:57:18,959 - [INFO] - U_1 users: 0,1,2,3,4,5,6,7,8,9
2024-05-08 10:57:22,316 - [INFO] - share secret finished
2024-05-08 10:57:22,316 - [INFO] - U_2 users: 0,1,2,3,4,5,6,7,8,9
2024-05-08 10:59:11,755 - [INFO] - dataset [mnist] is loaded
2024-05-08 10:59:11,757 - [INFO] - model [cnn] is built
2024-05-08 10:59:11,758 - [INFO] - dp mechanism [no_dp] is set
2024-05-08 10:59:11,758 - [INFO] - The server has been initialized
2024-05-08 10:59:14,240 - [INFO] - The clients[10] have been initialized
2024-05-08 10:59:14,241 - [INFO] - protocal [SecAgg] start
2024-05-08 10:59:14,241 - [INFO] - clients [0, 1, 2, 3, 4, 5, 6, 7, 8, 9] are selected
2024-05-08 10:59:14,532 - [INFO] - advertise keys finished
2024-05-08 10:59:14,532 - [INFO] - U_1 users: 0,1,2,3,4,5,6,7,8,9
2024-05-08 10:59:17,858 - [INFO] - share secret finished
2024-05-08 10:59:17,859 - [INFO] - U_2 users: 0,1,2,3,4,5,6,7,8,9
2024-05-08 11:00:43,423 - [INFO] - dataset [mnist] is loaded
2024-05-08 11:00:43,425 - [INFO] - model [cnn] is built
2024-05-08 11:00:43,426 - [INFO] - dp mechanism [no_dp] is set
2024-05-08 11:00:43,426 - [INFO] - The server has been initialized
2024-05-08 11:00:45,543 - [INFO] - The clients[10] have been initialized
2024-05-08 11:00:45,543 - [INFO] - protocal [SecAgg] start
2024-05-08 11:00:45,544 - [INFO] - clients [0, 1, 2, 3, 4, 5, 6, 7, 8, 9] are selected
2024-05-08 11:00:45,828 - [INFO] - advertise keys finished
2024-05-08 11:00:45,828 - [INFO] - U_1 users: 0,1,2,3,4,5,6,7,8,9
2024-05-08 11:00:49,182 - [INFO] - share secret finished
2024-05-08 11:00:49,182 - [INFO] - U_2 users: 0,1,2,3,4,5,6,7,8,9
2024-05-08 11:02:47,457 - [INFO] - dataset [mnist] is loaded
2024-05-08 11:02:47,459 - [INFO] - model [cnn] is built
2024-05-08 11:02:47,460 - [INFO] - dp mechanism [no_dp] is set
2024-05-08 11:02:47,460 - [INFO] - The server has been initialized
2024-05-08 11:02:49,364 - [INFO] - The clients[10] have been initialized
2024-05-08 11:02:49,365 - [INFO] - protocal [SecAgg] start
2024-05-08 11:02:49,366 - [INFO] - clients [0, 1, 2, 3, 4, 5, 6, 7, 8, 9] are selected
2024-05-08 11:02:49,751 - [INFO] - advertise keys finished
2024-05-08 11:02:49,751 - [INFO] - U_1 users: 0,1,2,3,4,5,6,7,8,9
2024-05-08 11:02:53,050 - [INFO] - share secret finished
2024-05-08 11:02:53,051 - [INFO] - U_2 users: 0,1,2,3,4,5,6,7,8,9
2024-05-08 11:04:51,354 - [INFO] - dataset [mnist] is loaded
2024-05-08 11:04:51,356 - [INFO] - model [cnn] is built
2024-05-08 11:04:51,357 - [INFO] - dp mechanism [no_dp] is set
2024-05-08 11:04:51,357 - [INFO] - The server has been initialized
2024-05-08 11:04:52,969 - [INFO] - The clients[10] have been initialized
2024-05-08 11:04:52,969 - [INFO] - protocal [SecAgg] start
2024-05-08 11:04:52,969 - [INFO] - clients [0, 1, 2, 3, 4, 5, 6, 7, 8, 9] are selected
2024-05-08 11:04:53,264 - [INFO] - advertise keys finished
2024-05-08 11:04:53,265 - [INFO] - U_1 users: 0,1,2,3,4,5,6,7,8,9
2024-05-08 11:04:56,648 - [INFO] - share secret finished
2024-05-08 11:04:56,649 - [INFO] - U_2 users: 0,1,2,3,4,5,6,7,8,9
2024-05-08 11:11:38,799 - [INFO] - dataset [mnist] is loaded
2024-05-08 11:11:38,802 - [INFO] - model [cnn] is built
2024-05-08 11:11:38,803 - [INFO] - dp mechanism [no_dp] is set
2024-05-08 11:11:38,803 - [INFO] - The server has been initialized
2024-05-08 11:11:40,876 - [INFO] - The clients[10] have been initialized
2024-05-08 11:11:40,876 - [INFO] - protocal [SecAgg] start
2024-05-08 11:11:40,877 - [INFO] - clients [0, 1, 2, 3, 4, 5, 6, 7, 8, 9] are selected
2024-05-08 11:11:41,186 - [INFO] - advertise keys finished
2024-05-08 11:11:41,187 - [INFO] - U_1 users: 0,1,2,3,4,5,6,7,8,9
2024-05-08 11:11:44,463 - [INFO] - share secret finished
2024-05-08 11:11:44,463 - [INFO] - U_2 users: 0,1,2,3,4,5,6,7,8,9
2024-05-08 11:13:03,872 - [INFO] - dataset [mnist] is loaded
2024-05-08 11:13:03,875 - [INFO] - model [cnn] is built
2024-05-08 11:13:03,875 - [INFO] - dp mechanism [no_dp] is set
2024-05-08 11:13:03,875 - [INFO] - The server has been initialized
2024-05-08 11:13:05,374 - [INFO] - The clients[10] have been initialized
2024-05-08 11:13:05,375 - [INFO] - protocal [SecAgg] start
2024-05-08 11:13:05,375 - [INFO] - clients [0, 1, 2, 3, 4, 5, 6, 7, 8, 9] are selected
2024-05-08 11:13:05,657 - [INFO] - advertise keys finished
2024-05-08 11:13:05,657 - [INFO] - U_1 users: 0,1,2,3,4,5,6,7,8,9
2024-05-08 11:13:08,969 - [INFO] - share secret finished
2024-05-08 11:13:08,969 - [INFO] - U_2 users: 0,1,2,3,4,5,6,7,8,9
2024-05-08 11:14:49,944 - [INFO] - dataset [mnist] is loaded
2024-05-08 11:14:49,946 - [INFO] - model [cnn] is built
2024-05-08 11:14:49,947 - [INFO] - dp mechanism [no_dp] is set
2024-05-08 11:14:49,947 - [INFO] - The server has been initialized
2024-05-08 11:14:52,370 - [INFO] - The clients[10] have been initialized
2024-05-08 11:14:52,371 - [INFO] - protocal [SecAgg] start
2024-05-08 11:14:52,371 - [INFO] - clients [0, 1, 2, 3, 4, 5, 6, 7, 8, 9] are selected
2024-05-08 11:14:52,691 - [INFO] - advertise keys finished
2024-05-08 11:14:52,691 - [INFO] - U_1 users: 0,1,2,3,4,5,6,7,8,9
2024-05-08 11:14:56,053 - [INFO] - share secret finished
2024-05-08 11:14:56,054 - [INFO] - U_2 users: 0,1,2,3,4,5,6,7,8,9
2024-05-08 11:15:56,666 - [INFO] - dataset [mnist] is loaded
2024-05-08 11:15:56,669 - [INFO] - model [cnn] is built
2024-05-08 11:15:56,669 - [INFO] - dp mechanism [no_dp] is set
2024-05-08 11:15:56,670 - [INFO] - The server has been initialized
2024-05-08 11:15:58,353 - [INFO] - The clients[10] have been initialized
2024-05-08 11:15:58,354 - [INFO] - protocal [SecAgg] start
2024-05-08 11:15:58,354 - [INFO] - clients [0, 1, 2, 3, 4, 5, 6, 7, 8, 9] are selected
2024-05-08 11:15:58,672 - [INFO] - advertise keys finished
2024-05-08 11:15:58,672 - [INFO] - U_1 users: 0,1,2,3,4,5,6,7,8,9
2024-05-08 11:16:02,016 - [INFO] - share secret finished
2024-05-08 11:16:02,016 - [INFO] - U_2 users: 0,1,2,3,4,5,6,7,8,9
2024-05-08 11:16:59,572 - [INFO] - dataset [mnist] is loaded
2024-05-08 11:16:59,575 - [INFO] - model [cnn] is built
2024-05-08 11:16:59,575 - [INFO] - dp mechanism [no_dp] is set
2024-05-08 11:16:59,576 - [INFO] - The server has been initialized
2024-05-08 11:17:02,842 - [INFO] - The clients[10] have been initialized
2024-05-08 11:17:02,843 - [INFO] - protocal [SecAgg] start
2024-05-08 11:17:02,843 - [INFO] - clients [0, 1, 2, 3, 4, 5, 6, 7, 8, 9] are selected
2024-05-08 11:17:03,146 - [INFO] - advertise keys finished
2024-05-08 11:17:03,147 - [INFO] - U_1 users: 0,1,2,3,4,5,6,7,8,9
2024-05-08 11:17:06,460 - [INFO] - share secret finished
2024-05-08 11:17:06,461 - [INFO] - U_2 users: 0,1,2,3,4,5,6,7,8,9
2024-05-08 11:18:11,407 - [INFO] - dataset [mnist] is loaded
2024-05-08 11:18:11,409 - [INFO] - model [cnn] is built
2024-05-08 11:18:11,410 - [INFO] - dp mechanism [no_dp] is set
2024-05-08 11:18:11,410 - [INFO] - The server has been initialized
2024-05-08 11:18:13,890 - [INFO] - The clients[10] have been initialized
2024-05-08 11:18:13,891 - [INFO] - protocal [SecAgg] start
2024-05-08 11:18:13,892 - [INFO] - clients [0, 1, 2, 3, 4, 5, 6, 7, 8, 9] are selected
2024-05-08 11:18:14,181 - [INFO] - advertise keys finished
2024-05-08 11:18:14,182 - [INFO] - U_1 users: 0,1,2,3,4,5,6,7,8,9
2024-05-08 11:18:17,568 - [INFO] - share secret finished
2024-05-08 11:18:17,569 - [INFO] - U_2 users: 0,1,2,3,4,5,6,7,8,9
2024-05-08 11:18:55,632 - [INFO] - Round   0,Testing accuracy: 9.86,Time:  41.74s
2024-05-08 11:18:55,633 - [INFO] - clients [0, 1, 2, 3, 4, 5, 6, 7, 8, 9] are selected
2024-05-08 11:18:55,913 - [INFO] - advertise keys finished
2024-05-08 11:18:55,913 - [INFO] - U_1 users: 0,1,2,3,4,5,6,7,8,9,0,1,2,3,4,5,6,7,8,9
2024-05-08 11:19:09,302 - [INFO] - share secret finished
2024-05-08 11:19:09,302 - [INFO] - U_2 users: 0,1,2,3,4,5,6,7,8,9,0,1,2,3,4,5,6,7,8,9,0,1,2,3,4,5,6,7,8,9
2024-05-08 11:23:12,776 - [INFO] - dataset [mnist] is loaded
2024-05-08 11:23:12,779 - [INFO] - model [cnn] is built
2024-05-08 11:23:12,779 - [INFO] - dp mechanism [no_dp] is set
2024-05-08 11:23:12,779 - [INFO] - The server has been initialized
2024-05-08 11:23:14,824 - [INFO] - The clients[10] have been initialized
2024-05-08 11:23:14,826 - [INFO] - protocal [SecAgg] start
2024-05-08 11:23:14,827 - [INFO] - clients [0, 1, 2, 3, 4, 5, 6, 7, 8, 9] are selected
2024-05-08 11:23:15,128 - [INFO] - advertise keys finished
2024-05-08 11:23:15,128 - [INFO] - U_1 users: 0,1,2,3,4,5,6,7,8,9
2024-05-08 11:23:18,444 - [INFO] - share secret finished
2024-05-08 11:23:18,444 - [INFO] - U_2 users: 0,1,2,3,4,5,6,7,8,9
2024-05-08 11:23:21,395 - [INFO] - mask gradients finished
2024-05-08 11:23:21,395 - [INFO] - U_3 users: 
2024-05-08 11:23:25,078 - [INFO] - mask gradients finished
2024-05-08 11:23:25,078 - [INFO] - U_3 users: 
2024-05-08 11:23:27,968 - [INFO] - mask gradients finished
2024-05-08 11:23:27,968 - [INFO] - U_3 users: 
2024-05-08 11:23:31,110 - [INFO] - mask gradients finished
2024-05-08 11:23:31,111 - [INFO] - U_3 users: 
2024-05-08 11:23:34,263 - [INFO] - mask gradients finished
2024-05-08 11:23:34,263 - [INFO] - U_3 users: 
2024-05-08 11:23:37,234 - [INFO] - mask gradients finished
2024-05-08 11:23:37,236 - [INFO] - U_3 users: 
2024-05-08 11:23:40,437 - [INFO] - mask gradients finished
2024-05-08 11:23:40,437 - [INFO] - U_3 users: 
2024-05-08 11:23:43,432 - [INFO] - mask gradients finished
2024-05-08 11:23:43,432 - [INFO] - U_3 users: 
2024-05-08 11:25:08,463 - [INFO] - dataset [mnist] is loaded
2024-05-08 11:25:08,466 - [INFO] - model [cnn] is built
2024-05-08 11:25:08,466 - [INFO] - dp mechanism [no_dp] is set
2024-05-08 11:25:08,467 - [INFO] - The server has been initialized
2024-05-08 11:25:10,103 - [INFO] - The clients[10] have been initialized
2024-05-08 11:25:10,104 - [INFO] - protocal [SecAgg] start
2024-05-08 11:25:10,104 - [INFO] - clients [0, 1, 2, 3, 4, 5, 6, 7, 8, 9] are selected
2024-05-08 11:25:10,473 - [INFO] - advertise keys finished
2024-05-08 11:25:10,473 - [INFO] - U_1 users: 0,1,2,3,4,5,6,7,8,9
2024-05-08 11:25:13,767 - [INFO] - share secret finished
2024-05-08 11:25:13,767 - [INFO] - U_2 users: 0,1,2,3,4,5,6,7,8,9
2024-05-08 11:25:44,311 - [INFO] - mask gradients finished
2024-05-08 11:25:47,931 - [INFO] - unmask gradients finished
2024-05-08 11:25:47,932 - [INFO] - U_3 users: 0,1,2,3,4,5,6,7,8,9
2024-05-08 11:25:51,217 - [INFO] - Round   0,Testing accuracy: 9.86,Time:  41.11s
2024-05-08 11:25:51,218 - [INFO] - clients [0, 1, 2, 3, 4, 5, 6, 7, 8, 9] are selected
2024-05-08 11:25:51,510 - [INFO] - advertise keys finished
2024-05-08 11:25:51,510 - [INFO] - U_1 users: 0,1,2,3,4,5,6,7,8,9
2024-05-08 11:25:54,850 - [INFO] - share secret finished
2024-05-08 11:25:54,850 - [INFO] - U_2 users: 0,1,2,3,4,5,6,7,8,9
2024-05-08 11:26:23,626 - [INFO] - mask gradients finished
2024-05-08 11:30:36,297 - [INFO] - dataset [mnist] is loaded
2024-05-08 11:30:36,299 - [INFO] - model [cnn] is built
2024-05-08 11:30:36,299 - [INFO] - dp mechanism [no_dp] is set
2024-05-08 11:30:36,299 - [INFO] - The server has been initialized
2024-05-08 11:30:37,998 - [INFO] - The clients[10] have been initialized
2024-05-08 11:30:37,999 - [INFO] - protocal [SecAgg] start
2024-05-08 11:30:37,999 - [INFO] - clients [0, 1, 2, 3, 4, 5, 6, 7, 8, 9] are selected
2024-05-08 11:30:38,276 - [INFO] - advertise keys finished
2024-05-08 11:30:38,276 - [INFO] - U_1 users: 0,1,2,3,4,5,6,7,8,9
2024-05-08 11:30:41,637 - [INFO] - share secret finished
2024-05-08 11:30:41,638 - [INFO] - U_2 users: 0,1,2,3,4,5,6,7,8,9
2024-05-08 11:31:12,164 - [INFO] - mask gradients finished
2024-05-08 11:31:15,534 - [INFO] - unmask gradients finished
2024-05-08 11:31:15,534 - [INFO] - U_3 users: 0,1,2,3,4,5,6,7,8,9
2024-05-08 11:31:18,440 - [INFO] - Round   0,Testing accuracy: 9.86,Time:  40.44s
2024-05-08 11:31:18,440 - [INFO] - clients [0, 1, 2, 3, 4, 5, 6, 7, 8, 9] are selected
2024-05-08 11:31:18,720 - [INFO] - advertise keys finished
2024-05-08 11:31:18,721 - [INFO] - U_1 users: 0,1,2,3,4,5,6,7,8,9
2024-05-08 11:31:22,185 - [INFO] - share secret finished
2024-05-08 11:31:22,185 - [INFO] - U_2 users: 0,1,2,3,4,5,6,7,8,9
2024-05-08 11:31:51,705 - [INFO] - mask gradients finished
2024-05-08 11:31:55,192 - [INFO] - unmask gradients finished
2024-05-08 11:31:55,192 - [INFO] - U_3 users: 0,1,2,3,4,5,6,7,8,9
2024-05-08 11:31:58,179 - [INFO] - Round   1,Testing accuracy: 9.86,Time:  39.74s
2024-05-08 11:31:58,180 - [INFO] - clients [0, 1, 2, 3, 4, 5, 6, 7, 8, 9] are selected
2024-05-08 11:31:58,451 - [INFO] - advertise keys finished
2024-05-08 11:31:58,451 - [INFO] - U_1 users: 0,1,2,3,4,5,6,7,8,9
2024-05-08 11:32:01,742 - [INFO] - share secret finished
2024-05-08 11:32:01,743 - [INFO] - U_2 users: 0,1,2,3,4,5,6,7,8,9
2024-05-08 11:32:20,673 - [INFO] - dataset [mnist] is loaded
2024-05-08 11:32:20,676 - [INFO] - model [cnn] is built
2024-05-08 11:32:20,677 - [INFO] - dp mechanism [no_dp] is set
2024-05-08 11:32:20,677 - [INFO] - The server has been initialized
2024-05-08 11:32:21,267 - [INFO] - The clients[3] have been initialized
2024-05-08 11:32:21,268 - [INFO] - protocal [SecAgg] start
2024-05-08 11:32:21,268 - [INFO] - clients [0, 1, 2] are selected
2024-05-08 11:32:21,362 - [INFO] - advertise keys finished
2024-05-08 11:32:21,362 - [INFO] - U_1 users: 0,1,2
2024-05-08 11:32:31,760 - [INFO] - dataset [mnist] is loaded
2024-05-08 11:32:31,762 - [INFO] - model [cnn] is built
2024-05-08 11:32:31,763 - [INFO] - dp mechanism [no_dp] is set
2024-05-08 11:32:31,763 - [INFO] - The server has been initialized
2024-05-08 11:32:32,796 - [INFO] - The clients[6] have been initialized
2024-05-08 11:32:32,796 - [INFO] - protocal [SecAgg] start
2024-05-08 11:32:32,797 - [INFO] - clients [0, 1, 2, 3, 4, 5] are selected
2024-05-08 11:32:32,977 - [INFO] - advertise keys finished
2024-05-08 11:32:32,977 - [INFO] - U_1 users: 0,1,2,3,4,5
2024-05-08 11:33:30,990 - [INFO] - dataset [mnist] is loaded
2024-05-08 11:33:30,992 - [INFO] - model [mlp] is built
2024-05-08 11:33:30,993 - [INFO] - dp mechanism [no_dp] is set
2024-05-08 11:33:30,994 - [INFO] - The server has been initialized
2024-05-08 11:33:34,340 - [INFO] - The clients[10] have been initialized
2024-05-08 11:33:34,340 - [INFO] - protocal [SecAgg] start
2024-05-08 11:33:34,341 - [INFO] - clients [0, 1, 2, 3, 4, 5, 6, 7, 8, 9] are selected
2024-05-08 11:33:34,660 - [INFO] - advertise keys finished
2024-05-08 11:33:34,660 - [INFO] - U_1 users: 0,1,2,3,4,5,6,7,8,9
2024-05-08 11:33:37,961 - [INFO] - share secret finished
2024-05-08 11:33:37,961 - [INFO] - U_2 users: 0,1,2,3,4,5,6,7,8,9
2024-05-08 11:33:58,161 - [INFO] - mask gradients finished
2024-05-08 11:34:01,841 - [INFO] - unmask gradients finished
2024-05-08 11:34:01,842 - [INFO] - U_3 users: 0,1,2,3,4,5,6,7,8,9
2024-05-08 11:34:04,937 - [INFO] - Round   0,Testing accuracy: 11.64,Time:  30.60s
2024-05-08 11:34:04,938 - [INFO] - clients [0, 1, 2, 3, 4, 5, 6, 7, 8, 9] are selected
2024-05-08 11:34:05,234 - [INFO] - advertise keys finished
2024-05-08 11:34:05,235 - [INFO] - U_1 users: 0,1,2,3,4,5,6,7,8,9
2024-05-08 11:34:08,571 - [INFO] - share secret finished
2024-05-08 11:34:08,571 - [INFO] - U_2 users: 0,1,2,3,4,5,6,7,8,9
2024-05-08 11:34:28,638 - [INFO] - mask gradients finished
2024-05-08 11:34:31,956 - [INFO] - unmask gradients finished
2024-05-08 11:34:31,956 - [INFO] - U_3 users: 0,1,2,3,4,5,6,7,8,9
2024-05-08 11:34:34,583 - [INFO] - Round   1,Testing accuracy: 11.64,Time:  29.64s
2024-05-08 11:34:34,583 - [INFO] - clients [0, 1, 2, 3, 4, 5, 6, 7, 8, 9] are selected
2024-05-08 11:34:34,867 - [INFO] - advertise keys finished
2024-05-08 11:34:34,868 - [INFO] - U_1 users: 0,1,2,3,4,5,6,7,8,9
2024-05-08 11:34:38,229 - [INFO] - share secret finished
2024-05-08 11:34:38,230 - [INFO] - U_2 users: 0,1,2,3,4,5,6,7,8,9
2024-05-08 11:34:58,078 - [INFO] - mask gradients finished
2024-05-08 11:35:01,388 - [INFO] - unmask gradients finished
2024-05-08 11:35:01,388 - [INFO] - U_3 users: 0,1,2,3,4,5,6,7,8,9
2024-05-08 11:35:03,936 - [INFO] - Round   2,Testing accuracy: 11.64,Time:  29.35s
2024-05-08 11:35:03,936 - [INFO] - clients [0, 1, 2, 3, 4, 5, 6, 7, 8, 9] are selected
2024-05-08 11:35:04,216 - [INFO] - advertise keys finished
2024-05-08 11:35:04,216 - [INFO] - U_1 users: 0,1,2,3,4,5,6,7,8,9
2024-05-08 11:35:07,490 - [INFO] - share secret finished
2024-05-08 11:35:07,491 - [INFO] - U_2 users: 0,1,2,3,4,5,6,7,8,9
2024-05-08 11:35:27,455 - [INFO] - mask gradients finished
2024-05-08 11:35:30,861 - [INFO] - unmask gradients finished
2024-05-08 11:35:30,862 - [INFO] - U_3 users: 0,1,2,3,4,5,6,7,8,9
2024-05-08 11:35:33,607 - [INFO] - Round   3,Testing accuracy: 11.64,Time:  29.67s
2024-05-08 11:35:33,607 - [INFO] - clients [0, 1, 2, 3, 4, 5, 6, 7, 8, 9] are selected
2024-05-08 11:35:33,893 - [INFO] - advertise keys finished
2024-05-08 11:35:33,894 - [INFO] - U_1 users: 0,1,2,3,4,5,6,7,8,9
2024-05-08 11:35:37,441 - [INFO] - share secret finished
2024-05-08 11:35:37,442 - [INFO] - U_2 users: 0,1,2,3,4,5,6,7,8,9
2024-05-08 11:35:57,900 - [INFO] - mask gradients finished
2024-05-08 11:36:01,248 - [INFO] - unmask gradients finished
2024-05-08 11:36:01,248 - [INFO] - U_3 users: 0,1,2,3,4,5,6,7,8,9
2024-05-08 11:36:03,801 - [INFO] - Round   4,Testing accuracy: 11.64,Time:  30.19s
2024-05-08 11:36:03,802 - [INFO] - clients [0, 1, 2, 3, 4, 5, 6, 7, 8, 9] are selected
2024-05-08 11:36:04,096 - [INFO] - advertise keys finished
2024-05-08 11:36:04,096 - [INFO] - U_1 users: 0,1,2,3,4,5,6,7,8,9
2024-05-08 11:36:07,494 - [INFO] - share secret finished
2024-05-08 11:36:07,495 - [INFO] - U_2 users: 0,1,2,3,4,5,6,7,8,9
2024-05-08 11:36:27,074 - [INFO] - mask gradients finished
2024-05-08 11:36:30,529 - [INFO] - unmask gradients finished
2024-05-08 11:36:30,530 - [INFO] - U_3 users: 0,1,2,3,4,5,6,7,8,9
2024-05-08 11:36:49,804 - [INFO] - dataset [mnist] is loaded
2024-05-08 11:36:49,806 - [INFO] - model [mlp] is built
2024-05-08 11:36:49,806 - [INFO] - dp mechanism [no_dp] is set
2024-05-08 11:36:49,807 - [INFO] - The server has been initialized
2024-05-08 11:36:52,026 - [INFO] - The clients[10] have been initialized
2024-05-08 11:36:52,027 - [INFO] - protocal [SecAgg] start
2024-05-08 11:36:52,027 - [INFO] - clients [0, 1, 2, 3, 4, 5, 6, 7, 8, 9] are selected
2024-05-08 11:36:52,323 - [INFO] - advertise keys finished
2024-05-08 11:36:52,324 - [INFO] - U_1 users: 0,1,2,3,4,5,6,7,8,9
2024-05-08 11:36:55,634 - [INFO] - share secret finished
2024-05-08 11:36:55,635 - [INFO] - U_2 users: 0,1,2,3,4,5,6,7,8,9
2024-05-08 11:37:16,581 - [INFO] - mask gradients finished
2024-05-08 11:39:56,945 - [INFO] - dataset [mnist] is loaded
2024-05-08 11:39:56,948 - [INFO] - model [mlp] is built
2024-05-08 11:39:56,948 - [INFO] - dp mechanism [no_dp] is set
2024-05-08 11:39:56,948 - [INFO] - The server has been initialized
2024-05-08 11:39:58,494 - [INFO] - The clients[10] have been initialized
2024-05-08 11:39:58,495 - [INFO] - protocal [SecAgg] start
2024-05-08 11:39:58,495 - [INFO] - clients [0, 1, 2, 3, 4, 5, 6, 7, 8, 9] are selected
2024-05-08 11:39:58,797 - [INFO] - advertise keys finished
2024-05-08 11:39:58,797 - [INFO] - U_1 users: 0,1,2,3,4,5,6,7,8,9
2024-05-08 11:40:02,162 - [INFO] - share secret finished
2024-05-08 11:40:02,162 - [INFO] - U_2 users: 0,1,2,3,4,5,6,7,8,9
2024-05-08 11:40:22,029 - [INFO] - mask gradients finished
2024-05-08 11:40:25,304 - [INFO] - unmask gradients finished
2024-05-08 11:40:25,305 - [INFO] - U_3 users: 0,1,2,3,4,5,6,7,8,9
2024-05-08 11:40:27,801 - [INFO] - Round   0,Testing accuracy: 5.56,Time:  29.31s
2024-05-08 11:40:27,801 - [INFO] - clients [0, 1, 2, 3, 4, 5, 6, 7, 8, 9] are selected
2024-05-08 11:40:28,087 - [INFO] - advertise keys finished
2024-05-08 11:40:28,088 - [INFO] - U_1 users: 0,1,2,3,4,5,6,7,8,9
2024-05-08 11:40:31,415 - [INFO] - share secret finished
2024-05-08 11:40:31,416 - [INFO] - U_2 users: 0,1,2,3,4,5,6,7,8,9
2024-05-08 11:40:52,046 - [INFO] - mask gradients finished
2024-05-08 11:40:55,345 - [INFO] - unmask gradients finished
2024-05-08 11:40:55,345 - [INFO] - U_3 users: 0,1,2,3,4,5,6,7,8,9
2024-05-08 11:40:57,901 - [INFO] - Round   1,Testing accuracy: 9.09,Time:  30.10s
2024-05-08 11:40:57,902 - [INFO] - clients [0, 1, 2, 3, 4, 5, 6, 7, 8, 9] are selected
2024-05-08 11:40:58,183 - [INFO] - advertise keys finished
2024-05-08 11:40:58,183 - [INFO] - U_1 users: 0,1,2,3,4,5,6,7,8,9
2024-05-08 11:41:01,482 - [INFO] - share secret finished
2024-05-08 11:41:01,482 - [INFO] - U_2 users: 0,1,2,3,4,5,6,7,8,9
2024-05-08 11:41:21,442 - [INFO] - mask gradients finished
2024-05-08 11:41:24,749 - [INFO] - unmask gradients finished
2024-05-08 11:41:24,750 - [INFO] - U_3 users: 0,1,2,3,4,5,6,7,8,9
2024-05-08 11:41:27,384 - [INFO] - Round   2,Testing accuracy: 7.41,Time:  29.48s
2024-05-08 11:41:27,384 - [INFO] - clients [0, 1, 2, 3, 4, 5, 6, 7, 8, 9] are selected
2024-05-08 11:41:27,664 - [INFO] - advertise keys finished
2024-05-08 11:41:27,664 - [INFO] - U_1 users: 0,1,2,3,4,5,6,7,8,9
2024-05-08 11:41:30,943 - [INFO] - share secret finished
2024-05-08 11:41:30,943 - [INFO] - U_2 users: 0,1,2,3,4,5,6,7,8,9
2024-05-08 11:41:51,174 - [INFO] - mask gradients finished
2024-05-08 11:41:54,521 - [INFO] - unmask gradients finished
2024-05-08 11:41:54,521 - [INFO] - U_3 users: 0,1,2,3,4,5,6,7,8,9
2024-05-08 11:41:57,127 - [INFO] - Round   3,Testing accuracy: 7.05,Time:  29.74s
2024-05-08 11:41:57,128 - [INFO] - clients [0, 1, 2, 3, 4, 5, 6, 7, 8, 9] are selected
2024-05-08 11:41:57,412 - [INFO] - advertise keys finished
2024-05-08 11:41:57,412 - [INFO] - U_1 users: 0,1,2,3,4,5,6,7,8,9
2024-05-08 11:42:00,749 - [INFO] - share secret finished
2024-05-08 11:42:00,750 - [INFO] - U_2 users: 0,1,2,3,4,5,6,7,8,9
2024-05-08 11:44:42,849 - [INFO] - dataset [mnist] is loaded
2024-05-08 11:44:42,850 - [INFO] - model [mlp] is built
2024-05-08 11:44:42,851 - [INFO] - dp mechanism [no_dp] is set
2024-05-08 11:44:42,851 - [INFO] - The server has been initialized
2024-05-08 11:44:44,450 - [INFO] - The clients[10] have been initialized
2024-05-08 11:44:44,450 - [INFO] - protocal [SecAgg] start
2024-05-08 11:44:44,457 - [INFO] - clients [0, 1, 2, 3, 4, 5, 6, 7, 8, 9] are selected
2024-05-08 11:44:44,733 - [INFO] - advertise keys finished
2024-05-08 11:44:44,734 - [INFO] - U_1 users: 0,1,2,3,4,5,6,7,8,9
2024-05-08 11:44:48,091 - [INFO] - share secret finished
2024-05-08 11:44:48,092 - [INFO] - U_2 users: 0,1,2,3,4,5,6,7,8,9
2024-05-08 11:45:03,170 - [INFO] - dataset [mnist] is loaded
2024-05-08 11:45:03,173 - [INFO] - model [mlp] is built
2024-05-08 11:45:03,173 - [INFO] - dp mechanism [no_dp] is set
2024-05-08 11:45:03,174 - [INFO] - The server has been initialized
2024-05-08 11:45:05,887 - [INFO] - The clients[10] have been initialized
2024-05-08 11:45:05,888 - [INFO] - protocal [SecAgg] start
2024-05-08 11:45:05,888 - [INFO] - clients [0, 1, 2, 3, 4, 5, 6, 7, 8, 9] are selected
2024-05-08 11:45:06,180 - [INFO] - advertise keys finished
2024-05-08 11:45:06,180 - [INFO] - U_1 users: 0,1,2,3,4,5,6,7,8,9
2024-05-08 11:45:09,502 - [INFO] - share secret finished
2024-05-08 11:45:09,502 - [INFO] - U_2 users: 0,1,2,3,4,5,6,7,8,9
2024-05-08 11:45:30,703 - [INFO] - mask gradients finished
2024-05-08 11:45:34,010 - [INFO] - unmask gradients finished
2024-05-08 11:45:34,014 - [INFO] - U_3 users: 0,1,2,3,4,5,6,7,8,9
2024-05-08 11:45:36,601 - [INFO] - Round   0,Testing accuracy: 5.56,Time:  30.71s
2024-05-08 11:45:36,602 - [INFO] - clients [0, 1, 2, 3, 4, 5, 6, 7, 8, 9] are selected
2024-05-08 11:45:36,876 - [INFO] - advertise keys finished
2024-05-08 11:45:36,877 - [INFO] - U_1 users: 0,1,2,3,4,5,6,7,8,9
2024-05-08 11:45:40,216 - [INFO] - share secret finished
2024-05-08 11:45:40,216 - [INFO] - U_2 users: 0,1,2,3,4,5,6,7,8,9
2024-05-08 11:47:16,418 - [INFO] - dataset [mnist] is loaded
2024-05-08 11:47:16,420 - [INFO] - model [mlp] is built
2024-05-08 11:47:16,420 - [INFO] - dp mechanism [no_dp] is set
2024-05-08 11:47:16,421 - [INFO] - The server has been initialized
2024-05-08 11:47:18,913 - [INFO] - The clients[10] have been initialized
2024-05-08 11:47:18,914 - [INFO] - protocal [SecAgg] start
2024-05-08 11:47:18,915 - [INFO] - clients [0, 1, 2, 3, 4, 5, 6, 7, 8, 9] are selected
2024-05-08 11:47:19,218 - [INFO] - advertise keys finished
2024-05-08 11:47:19,219 - [INFO] - U_1 users: 0,1,2,3,4,5,6,7,8,9
2024-05-08 11:47:22,481 - [INFO] - share secret finished
2024-05-08 11:47:22,482 - [INFO] - U_2 users: 0,1,2,3,4,5,6,7,8,9
2024-05-08 11:47:42,393 - [INFO] - mask gradients finished
2024-05-08 11:47:45,735 - [INFO] - unmask gradients finished
2024-05-08 11:47:45,735 - [INFO] - U_3 users: 0,1,2,3,4,5,6,7,8,9
2024-05-08 11:47:48,382 - [INFO] - Round   0,Testing accuracy: 5.56,Time:  29.47s
2024-05-08 11:47:48,382 - [INFO] - clients [0, 1, 2, 3, 4, 5, 6, 7, 8, 9] are selected
2024-05-08 11:47:48,662 - [INFO] - advertise keys finished
2024-05-08 11:47:48,662 - [INFO] - U_1 users: 0,1,2,3,4,5,6,7,8,9
2024-05-08 11:47:51,989 - [INFO] - share secret finished
2024-05-08 11:47:51,989 - [INFO] - U_2 users: 0,1,2,3,4,5,6,7,8,9
2024-05-08 11:48:12,521 - [INFO] - mask gradients finished
2024-05-08 11:48:15,815 - [INFO] - unmask gradients finished
2024-05-08 11:48:15,816 - [INFO] - U_3 users: 0,1,2,3,4,5,6,7,8,9
2024-05-08 11:48:18,492 - [INFO] - Round   1,Testing accuracy: 7.04,Time:  30.11s
2024-05-08 11:48:18,492 - [INFO] - clients [0, 1, 2, 3, 4, 5, 6, 7, 8, 9] are selected
2024-05-08 11:48:18,784 - [INFO] - advertise keys finished
2024-05-08 11:48:18,785 - [INFO] - U_1 users: 0,1,2,3,4,5,6,7,8,9
2024-05-08 11:48:22,065 - [INFO] - share secret finished
2024-05-08 11:48:22,065 - [INFO] - U_2 users: 0,1,2,3,4,5,6,7,8,9
2024-05-08 11:48:56,712 - [INFO] - dataset [mnist] is loaded
2024-05-08 11:48:56,714 - [INFO] - model [mlp] is built
2024-05-08 11:48:56,715 - [INFO] - dp mechanism [no_dp] is set
2024-05-08 11:48:56,715 - [INFO] - The server has been initialized
2024-05-08 11:48:58,413 - [INFO] - The clients[10] have been initialized
2024-05-08 11:48:58,414 - [INFO] - protocal [SecAgg] start
2024-05-08 11:48:58,414 - [INFO] - clients [0, 1, 2, 3, 4, 5, 6, 7, 8, 9] are selected
2024-05-08 11:48:58,718 - [INFO] - advertise keys finished
2024-05-08 11:48:58,719 - [INFO] - U_1 users: 0,1,2,3,4,5,6,7,8,9
2024-05-08 11:49:02,044 - [INFO] - share secret finished
2024-05-08 11:49:02,045 - [INFO] - U_2 users: 0,1,2,3,4,5,6,7,8,9
2024-05-08 11:49:21,871 - [INFO] - mask gradients finished
2024-05-08 11:49:25,215 - [INFO] - unmask gradients finished
2024-05-08 11:49:25,216 - [INFO] - U_3 users: 0,1,2,3,4,5,6,7,8,9
2024-05-08 11:49:27,697 - [INFO] - Round   0,Testing accuracy: 5.56,Time:  29.28s
2024-05-08 11:49:27,698 - [INFO] - clients [0, 1, 2, 3, 4, 5, 6, 7, 8, 9] are selected
2024-05-08 11:49:27,979 - [INFO] - advertise keys finished
2024-05-08 11:49:27,979 - [INFO] - U_1 users: 0,1,2,3,4,5,6,7,8,9
2024-05-08 11:49:31,254 - [INFO] - share secret finished
2024-05-08 11:49:31,255 - [INFO] - U_2 users: 0,1,2,3,4,5,6,7,8,9
2024-05-08 11:49:51,360 - [INFO] - mask gradients finished
2024-05-08 11:49:54,639 - [INFO] - unmask gradients finished
2024-05-08 11:49:54,640 - [INFO] - U_3 users: 0,1,2,3,4,5,6,7,8,9
2024-05-08 11:49:57,164 - [INFO] - Round   1,Testing accuracy: 9.97,Time:  29.47s
2024-05-08 11:49:57,164 - [INFO] - clients [0, 1, 2, 3, 4, 5, 6, 7, 8, 9] are selected
2024-05-08 11:49:57,445 - [INFO] - advertise keys finished
2024-05-08 11:49:57,445 - [INFO] - U_1 users: 0,1,2,3,4,5,6,7,8,9
2024-05-08 11:50:00,712 - [INFO] - share secret finished
2024-05-08 11:50:00,712 - [INFO] - U_2 users: 0,1,2,3,4,5,6,7,8,9
2024-05-08 11:50:20,244 - [INFO] - mask gradients finished
2024-05-08 11:50:23,644 - [INFO] - unmask gradients finished
2024-05-08 11:50:23,645 - [INFO] - U_3 users: 0,1,2,3,4,5,6,7,8,9
2024-05-08 11:50:26,199 - [INFO] - Round   2,Testing accuracy: 13.32,Time:  29.04s
2024-05-08 11:50:26,200 - [INFO] - clients [0, 1, 2, 3, 4, 5, 6, 7, 8, 9] are selected
2024-05-08 11:50:26,476 - [INFO] - advertise keys finished
2024-05-08 11:50:26,476 - [INFO] - U_1 users: 0,1,2,3,4,5,6,7,8,9
2024-05-08 11:50:29,786 - [INFO] - share secret finished
2024-05-08 11:50:29,786 - [INFO] - U_2 users: 0,1,2,3,4,5,6,7,8,9
2024-05-08 11:50:49,113 - [INFO] - mask gradients finished
2024-05-08 11:50:52,422 - [INFO] - unmask gradients finished
2024-05-08 11:50:52,423 - [INFO] - U_3 users: 0,1,2,3,4,5,6,7,8,9
2024-05-08 11:50:54,997 - [INFO] - Round   3,Testing accuracy: 6.84,Time:  28.80s
2024-05-08 11:50:54,997 - [INFO] - clients [0, 1, 2, 3, 4, 5, 6, 7, 8, 9] are selected
2024-05-08 11:50:55,294 - [INFO] - advertise keys finished
2024-05-08 11:50:55,295 - [INFO] - U_1 users: 0,1,2,3,4,5,6,7,8,9
2024-05-08 11:50:58,737 - [INFO] - share secret finished
2024-05-08 11:50:58,737 - [INFO] - U_2 users: 0,1,2,3,4,5,6,7,8,9
2024-05-08 11:51:18,517 - [INFO] - mask gradients finished
2024-05-08 11:51:21,950 - [INFO] - unmask gradients finished
2024-05-08 11:51:21,951 - [INFO] - U_3 users: 0,1,2,3,4,5,6,7,8,9
2024-05-08 11:51:24,618 - [INFO] - Round   4,Testing accuracy: 14.93,Time:  29.62s
2024-05-08 11:51:24,618 - [INFO] - clients [0, 1, 2, 3, 4, 5, 6, 7, 8, 9] are selected
2024-05-08 11:51:24,893 - [INFO] - advertise keys finished
2024-05-08 11:51:24,893 - [INFO] - U_1 users: 0,1,2,3,4,5,6,7,8,9
2024-05-08 11:51:28,236 - [INFO] - share secret finished
2024-05-08 11:51:28,236 - [INFO] - U_2 users: 0,1,2,3,4,5,6,7,8,9
2024-05-08 11:51:48,562 - [INFO] - mask gradients finished
2024-05-08 11:51:51,927 - [INFO] - unmask gradients finished
2024-05-08 11:51:51,927 - [INFO] - U_3 users: 0,1,2,3,4,5,6,7,8,9
2024-05-08 11:51:54,494 - [INFO] - Round   5,Testing accuracy: 11.92,Time:  29.88s
2024-05-08 11:51:54,495 - [INFO] - clients [0, 1, 2, 3, 4, 5, 6, 7, 8, 9] are selected
2024-05-08 11:51:54,769 - [INFO] - advertise keys finished
2024-05-08 11:51:54,770 - [INFO] - U_1 users: 0,1,2,3,4,5,6,7,8,9
2024-05-08 11:51:58,008 - [INFO] - share secret finished
2024-05-08 11:51:58,008 - [INFO] - U_2 users: 0,1,2,3,4,5,6,7,8,9
2024-05-08 11:52:29,657 - [INFO] - dataset [mnist] is loaded
2024-05-08 11:52:29,658 - [INFO] - model [mlp] is built
2024-05-08 11:52:29,659 - [INFO] - dp mechanism [no_dp] is set
2024-05-08 11:52:29,659 - [INFO] - The server has been initialized
2024-05-08 11:52:31,927 - [INFO] - The clients[10] have been initialized
2024-05-08 11:52:31,927 - [INFO] - protocal [SecAgg] start
2024-05-08 11:52:31,928 - [INFO] - clients [0, 1, 2, 3, 4, 5, 6, 7, 8, 9] are selected
2024-05-08 11:52:32,213 - [INFO] - advertise keys finished
2024-05-08 11:52:32,214 - [INFO] - U_1 users: 0,1,2,3,4,5,6,7,8,9
2024-05-08 11:52:35,519 - [INFO] - share secret finished
2024-05-08 11:52:35,519 - [INFO] - U_2 users: 0,1,2,3,4,5,6,7,8,9
2024-05-08 11:53:00,363 - [INFO] - mask gradients finished
2024-05-08 11:53:03,870 - [INFO] - unmask gradients finished
2024-05-08 11:53:03,870 - [INFO] - U_3 users: 0,1,2,3,4,5,6,7,8,9
2024-05-08 11:53:07,263 - [INFO] - Round   0,Testing accuracy: 11.35,Time:  35.34s
2024-05-08 11:53:07,265 - [INFO] - clients [0, 1, 2, 3, 4, 5, 6, 7, 8, 9] are selected
2024-05-08 11:53:07,607 - [INFO] - advertise keys finished
2024-05-08 11:53:07,607 - [INFO] - U_1 users: 0,1,2,3,4,5,6,7,8,9
2024-05-08 11:53:11,673 - [INFO] - share secret finished
2024-05-08 11:53:11,674 - [INFO] - U_2 users: 0,1,2,3,4,5,6,7,8,9
2024-05-08 11:53:33,854 - [INFO] - mask gradients finished
2024-05-08 11:53:37,164 - [INFO] - unmask gradients finished
2024-05-08 11:53:37,165 - [INFO] - U_3 users: 0,1,2,3,4,5,6,7,8,9
2024-05-08 11:53:39,820 - [INFO] - Round   1,Testing accuracy: 9.82,Time:  32.56s
2024-05-08 11:53:39,820 - [INFO] - clients [0, 1, 2, 3, 4, 5, 6, 7, 8, 9] are selected
2024-05-08 11:53:40,099 - [INFO] - advertise keys finished
2024-05-08 11:53:40,100 - [INFO] - U_1 users: 0,1,2,3,4,5,6,7,8,9
2024-05-08 11:53:43,369 - [INFO] - share secret finished
2024-05-08 11:53:43,369 - [INFO] - U_2 users: 0,1,2,3,4,5,6,7,8,9
2024-05-08 11:54:02,987 - [INFO] - mask gradients finished
2024-05-08 11:54:06,351 - [INFO] - unmask gradients finished
2024-05-08 11:54:06,351 - [INFO] - U_3 users: 0,1,2,3,4,5,6,7,8,9
2024-05-08 11:54:09,025 - [INFO] - Round   2,Testing accuracy: 8.92,Time:  29.20s
2024-05-08 11:54:09,025 - [INFO] - clients [0, 1, 2, 3, 4, 5, 6, 7, 8, 9] are selected
2024-05-08 11:54:09,318 - [INFO] - advertise keys finished
2024-05-08 11:54:09,319 - [INFO] - U_1 users: 0,1,2,3,4,5,6,7,8,9
2024-05-08 11:54:12,680 - [INFO] - share secret finished
2024-05-08 11:54:12,680 - [INFO] - U_2 users: 0,1,2,3,4,5,6,7,8,9
2024-05-08 11:54:32,828 - [INFO] - mask gradients finished
2024-05-08 11:54:36,145 - [INFO] - unmask gradients finished
2024-05-08 11:54:36,146 - [INFO] - U_3 users: 0,1,2,3,4,5,6,7,8,9
2024-05-08 11:54:38,791 - [INFO] - Round   3,Testing accuracy: 11.35,Time:  29.77s
2024-05-08 11:54:38,792 - [INFO] - clients [0, 1, 2, 3, 4, 5, 6, 7, 8, 9] are selected
2024-05-08 11:54:39,073 - [INFO] - advertise keys finished
2024-05-08 11:54:39,073 - [INFO] - U_1 users: 0,1,2,3,4,5,6,7,8,9
2024-05-08 11:54:42,421 - [INFO] - share secret finished
2024-05-08 11:54:42,421 - [INFO] - U_2 users: 0,1,2,3,4,5,6,7,8,9
2024-05-08 11:55:02,579 - [INFO] - mask gradients finished
2024-05-08 11:55:05,929 - [INFO] - unmask gradients finished
2024-05-08 11:55:05,930 - [INFO] - U_3 users: 0,1,2,3,4,5,6,7,8,9
2024-05-08 11:55:08,467 - [INFO] - Round   4,Testing accuracy: 11.35,Time:  29.68s
2024-05-08 11:55:08,467 - [INFO] - clients [0, 1, 2, 3, 4, 5, 6, 7, 8, 9] are selected
2024-05-08 11:55:08,745 - [INFO] - advertise keys finished
2024-05-08 11:55:08,745 - [INFO] - U_1 users: 0,1,2,3,4,5,6,7,8,9
2024-05-08 11:55:12,007 - [INFO] - share secret finished
2024-05-08 11:55:12,007 - [INFO] - U_2 users: 0,1,2,3,4,5,6,7,8,9
2024-05-08 11:55:32,806 - [INFO] - mask gradients finished
2024-05-08 11:55:36,340 - [INFO] - unmask gradients finished
2024-05-08 11:55:36,340 - [INFO] - U_3 users: 0,1,2,3,4,5,6,7,8,9
2024-05-08 11:55:39,103 - [INFO] - Round   5,Testing accuracy: 10.10,Time:  30.64s
2024-05-08 11:55:39,103 - [INFO] - clients [0, 1, 2, 3, 4, 5, 6, 7, 8, 9] are selected
2024-05-08 11:55:39,377 - [INFO] - advertise keys finished
2024-05-08 11:55:39,378 - [INFO] - U_1 users: 0,1,2,3,4,5,6,7,8,9
2024-05-08 11:55:42,692 - [INFO] - share secret finished
2024-05-08 11:55:42,692 - [INFO] - U_2 users: 0,1,2,3,4,5,6,7,8,9
2024-05-08 11:56:02,416 - [INFO] - mask gradients finished
2024-05-08 11:56:05,850 - [INFO] - unmask gradients finished
2024-05-08 11:56:05,850 - [INFO] - U_3 users: 0,1,2,3,4,5,6,7,8,9
2024-05-08 11:56:08,560 - [INFO] - Round   6,Testing accuracy: 10.32,Time:  29.46s
2024-05-08 11:56:08,561 - [INFO] - clients [0, 1, 2, 3, 4, 5, 6, 7, 8, 9] are selected
2024-05-08 11:56:08,856 - [INFO] - advertise keys finished
2024-05-08 11:56:08,856 - [INFO] - U_1 users: 0,1,2,3,4,5,6,7,8,9
2024-05-08 11:56:12,236 - [INFO] - share secret finished
2024-05-08 11:56:12,236 - [INFO] - U_2 users: 0,1,2,3,4,5,6,7,8,9
2024-05-08 11:56:31,932 - [INFO] - mask gradients finished
2024-05-08 11:56:35,426 - [INFO] - unmask gradients finished
2024-05-08 11:56:35,427 - [INFO] - U_3 users: 0,1,2,3,4,5,6,7,8,9
2024-05-08 11:56:38,429 - [INFO] - Round   7,Testing accuracy: 11.35,Time:  29.87s
2024-05-08 11:56:38,429 - [INFO] - clients [0, 1, 2, 3, 4, 5, 6, 7, 8, 9] are selected
2024-05-08 11:56:38,730 - [INFO] - advertise keys finished
2024-05-08 11:56:38,730 - [INFO] - U_1 users: 0,1,2,3,4,5,6,7,8,9
2024-05-08 11:56:42,385 - [INFO] - share secret finished
2024-05-08 11:56:42,385 - [INFO] - U_2 users: 0,1,2,3,4,5,6,7,8,9
2024-05-08 11:57:03,041 - [INFO] - mask gradients finished
2024-05-08 11:57:06,317 - [INFO] - unmask gradients finished
2024-05-08 11:57:06,318 - [INFO] - U_3 users: 0,1,2,3,4,5,6,7,8,9
2024-05-08 11:57:09,134 - [INFO] - Round   8,Testing accuracy: 8.92,Time:  30.70s
2024-05-08 11:57:09,134 - [INFO] - clients [0, 1, 2, 3, 4, 5, 6, 7, 8, 9] are selected
2024-05-08 11:57:09,412 - [INFO] - advertise keys finished
2024-05-08 11:57:09,412 - [INFO] - U_1 users: 0,1,2,3,4,5,6,7,8,9
2024-05-08 11:57:12,704 - [INFO] - share secret finished
2024-05-08 11:57:12,704 - [INFO] - U_2 users: 0,1,2,3,4,5,6,7,8,9
2024-05-08 11:57:32,807 - [INFO] - mask gradients finished
2024-05-08 11:57:36,213 - [INFO] - unmask gradients finished
2024-05-08 11:57:36,213 - [INFO] - U_3 users: 0,1,2,3,4,5,6,7,8,9
2024-05-08 11:57:39,009 - [INFO] - Round   9,Testing accuracy: 9.82,Time:  29.87s
2024-05-08 11:57:39,010 - [INFO] - clients [0, 1, 2, 3, 4, 5, 6, 7, 8, 9] are selected
2024-05-08 11:57:39,291 - [INFO] - advertise keys finished
2024-05-08 11:57:39,291 - [INFO] - U_1 users: 0,1,2,3,4,5,6,7,8,9
2024-05-08 11:57:42,709 - [INFO] - share secret finished
2024-05-08 11:57:42,709 - [INFO] - U_2 users: 0,1,2,3,4,5,6,7,8,9
2024-05-08 11:58:32,916 - [INFO] - dataset [mnist] is loaded
2024-05-08 11:58:32,919 - [INFO] - model [mlp] is built
2024-05-08 11:58:32,920 - [INFO] - dp mechanism [no_dp] is set
2024-05-08 11:58:32,920 - [INFO] - The server has been initialized
2024-05-08 11:58:35,330 - [INFO] - The clients[10] have been initialized
2024-05-08 11:58:35,331 - [INFO] - protocal [SecAgg] start
2024-05-08 11:58:35,331 - [INFO] - clients [0, 1, 2, 3, 4, 5, 6, 7, 8, 9] are selected
2024-05-08 11:58:35,631 - [INFO] - advertise keys finished
2024-05-08 11:58:35,631 - [INFO] - U_1 users: 0,1,2,3,4,5,6,7,8,9
2024-05-08 11:58:38,957 - [INFO] - share secret finished
2024-05-08 11:58:38,957 - [INFO] - U_2 users: 0,1,2,3,4,5,6,7,8,9
2024-05-08 11:58:59,173 - [INFO] - mask gradients finished
2024-05-08 11:59:02,444 - [INFO] - unmask gradients finished
2024-05-08 11:59:02,445 - [INFO] - U_3 users: 0,1,2,3,4,5,6,7,8,9
2024-05-08 11:59:04,937 - [INFO] - Round   0,Testing accuracy: 12.87,Time:  29.61s
2024-05-08 11:59:04,938 - [INFO] - clients [0, 1, 2, 3, 4, 5, 6, 7, 8, 9] are selected
2024-05-08 11:59:05,220 - [INFO] - advertise keys finished
2024-05-08 11:59:05,220 - [INFO] - U_1 users: 0,1,2,3,4,5,6,7,8,9
2024-05-08 11:59:08,471 - [INFO] - share secret finished
2024-05-08 11:59:08,472 - [INFO] - U_2 users: 0,1,2,3,4,5,6,7,8,9
2024-05-08 11:59:28,393 - [INFO] - mask gradients finished
2024-05-08 11:59:31,692 - [INFO] - unmask gradients finished
2024-05-08 11:59:31,692 - [INFO] - U_3 users: 0,1,2,3,4,5,6,7,8,9
2024-05-08 11:59:34,274 - [INFO] - Round   1,Testing accuracy: 13.95,Time:  29.34s
2024-05-08 11:59:34,274 - [INFO] - clients [0, 1, 2, 3, 4, 5, 6, 7, 8, 9] are selected
2024-05-08 11:59:34,554 - [INFO] - advertise keys finished
2024-05-08 11:59:34,554 - [INFO] - U_1 users: 0,1,2,3,4,5,6,7,8,9
2024-05-08 11:59:37,801 - [INFO] - share secret finished
2024-05-08 11:59:37,801 - [INFO] - U_2 users: 0,1,2,3,4,5,6,7,8,9
2024-05-08 11:59:57,366 - [INFO] - mask gradients finished
2024-05-08 12:00:00,673 - [INFO] - unmask gradients finished
2024-05-08 12:00:00,674 - [INFO] - U_3 users: 0,1,2,3,4,5,6,7,8,9
2024-05-08 12:00:03,254 - [INFO] - Round   2,Testing accuracy: 15.10,Time:  28.98s
2024-05-08 12:00:03,254 - [INFO] - clients [0, 1, 2, 3, 4, 5, 6, 7, 8, 9] are selected
2024-05-08 12:00:03,535 - [INFO] - advertise keys finished
2024-05-08 12:00:03,535 - [INFO] - U_1 users: 0,1,2,3,4,5,6,7,8,9
2024-05-08 12:00:06,869 - [INFO] - share secret finished
2024-05-08 12:00:06,870 - [INFO] - U_2 users: 0,1,2,3,4,5,6,7,8,9
2024-05-08 12:00:26,211 - [INFO] - mask gradients finished
2024-05-08 12:00:29,532 - [INFO] - unmask gradients finished
2024-05-08 12:00:29,533 - [INFO] - U_3 users: 0,1,2,3,4,5,6,7,8,9
2024-05-08 12:00:32,147 - [INFO] - Round   3,Testing accuracy: 16.50,Time:  28.89s
2024-05-08 12:00:32,148 - [INFO] - clients [0, 1, 2, 3, 4, 5, 6, 7, 8, 9] are selected
2024-05-08 12:00:32,440 - [INFO] - advertise keys finished
2024-05-08 12:00:32,440 - [INFO] - U_1 users: 0,1,2,3,4,5,6,7,8,9
2024-05-08 12:00:35,750 - [INFO] - share secret finished
2024-05-08 12:00:35,750 - [INFO] - U_2 users: 0,1,2,3,4,5,6,7,8,9
2024-05-08 12:00:55,585 - [INFO] - mask gradients finished
2024-05-08 12:00:58,988 - [INFO] - unmask gradients finished
2024-05-08 12:00:58,988 - [INFO] - U_3 users: 0,1,2,3,4,5,6,7,8,9
2024-05-08 12:01:01,609 - [INFO] - Round   4,Testing accuracy: 17.83,Time:  29.46s
2024-05-08 12:01:01,609 - [INFO] - clients [0, 1, 2, 3, 4, 5, 6, 7, 8, 9] are selected
2024-05-08 12:01:01,887 - [INFO] - advertise keys finished
2024-05-08 12:01:01,888 - [INFO] - U_1 users: 0,1,2,3,4,5,6,7,8,9
2024-05-08 12:01:05,176 - [INFO] - share secret finished
2024-05-08 12:01:05,176 - [INFO] - U_2 users: 0,1,2,3,4,5,6,7,8,9
2024-05-08 12:01:25,048 - [INFO] - mask gradients finished
2024-05-08 12:01:28,387 - [INFO] - unmask gradients finished
2024-05-08 12:01:28,387 - [INFO] - U_3 users: 0,1,2,3,4,5,6,7,8,9
2024-05-08 12:01:31,003 - [INFO] - Round   5,Testing accuracy: 19.19,Time:  29.39s
2024-05-08 12:01:31,003 - [INFO] - clients [0, 1, 2, 3, 4, 5, 6, 7, 8, 9] are selected
2024-05-08 12:01:31,300 - [INFO] - advertise keys finished
2024-05-08 12:01:31,300 - [INFO] - U_1 users: 0,1,2,3,4,5,6,7,8,9
2024-05-08 12:01:34,578 - [INFO] - share secret finished
2024-05-08 12:01:34,579 - [INFO] - U_2 users: 0,1,2,3,4,5,6,7,8,9
2024-05-08 12:01:54,217 - [INFO] - mask gradients finished
2024-05-08 12:01:57,538 - [INFO] - unmask gradients finished
2024-05-08 12:01:57,539 - [INFO] - U_3 users: 0,1,2,3,4,5,6,7,8,9
2024-05-08 12:02:00,395 - [INFO] - Round   6,Testing accuracy: 20.91,Time:  29.39s
2024-05-08 12:02:00,395 - [INFO] - clients [0, 1, 2, 3, 4, 5, 6, 7, 8, 9] are selected
2024-05-08 12:02:00,689 - [INFO] - advertise keys finished
2024-05-08 12:02:00,690 - [INFO] - U_1 users: 0,1,2,3,4,5,6,7,8,9
2024-05-08 12:02:04,010 - [INFO] - share secret finished
2024-05-08 12:02:04,010 - [INFO] - U_2 users: 0,1,2,3,4,5,6,7,8,9
2024-05-08 12:02:23,516 - [INFO] - mask gradients finished
2024-05-08 12:02:26,787 - [INFO] - unmask gradients finished
2024-05-08 12:02:26,788 - [INFO] - U_3 users: 0,1,2,3,4,5,6,7,8,9
2024-05-08 12:02:29,548 - [INFO] - Round   7,Testing accuracy: 22.10,Time:  29.15s
2024-05-08 12:02:29,550 - [INFO] - clients [0, 1, 2, 3, 4, 5, 6, 7, 8, 9] are selected
2024-05-08 12:02:29,839 - [INFO] - advertise keys finished
2024-05-08 12:02:29,839 - [INFO] - U_1 users: 0,1,2,3,4,5,6,7,8,9
2024-05-08 12:02:33,223 - [INFO] - share secret finished
2024-05-08 12:02:33,223 - [INFO] - U_2 users: 0,1,2,3,4,5,6,7,8,9
2024-05-08 12:02:53,645 - [INFO] - mask gradients finished
2024-05-08 12:02:56,920 - [INFO] - unmask gradients finished
2024-05-08 12:02:56,921 - [INFO] - U_3 users: 0,1,2,3,4,5,6,7,8,9
2024-05-08 12:02:59,421 - [INFO] - Round   8,Testing accuracy: 23.69,Time:  29.87s
2024-05-08 12:02:59,421 - [INFO] - clients [0, 1, 2, 3, 4, 5, 6, 7, 8, 9] are selected
2024-05-08 12:02:59,704 - [INFO] - advertise keys finished
2024-05-08 12:02:59,704 - [INFO] - U_1 users: 0,1,2,3,4,5,6,7,8,9
2024-05-08 12:03:02,962 - [INFO] - share secret finished
2024-05-08 12:03:02,963 - [INFO] - U_2 users: 0,1,2,3,4,5,6,7,8,9
2024-05-08 12:03:22,767 - [INFO] - mask gradients finished
2024-05-08 12:03:26,116 - [INFO] - unmask gradients finished
2024-05-08 12:03:26,117 - [INFO] - U_3 users: 0,1,2,3,4,5,6,7,8,9
2024-05-08 12:03:28,873 - [INFO] - Round   9,Testing accuracy: 24.76,Time:  29.45s
2024-05-08 12:03:28,874 - [INFO] - clients [0, 1, 2, 3, 4, 5, 6, 7, 8, 9] are selected
2024-05-08 12:03:29,154 - [INFO] - advertise keys finished
2024-05-08 12:03:29,154 - [INFO] - U_1 users: 0,1,2,3,4,5,6,7,8,9
2024-05-08 12:03:32,489 - [INFO] - share secret finished
2024-05-08 12:03:32,489 - [INFO] - U_2 users: 0,1,2,3,4,5,6,7,8,9
2024-05-08 12:03:52,141 - [INFO] - mask gradients finished
2024-05-08 12:03:55,494 - [INFO] - unmask gradients finished
2024-05-08 12:03:55,495 - [INFO] - U_3 users: 0,1,2,3,4,5,6,7,8,9
2024-05-08 12:03:58,181 - [INFO] - Round  10,Testing accuracy: 25.81,Time:  29.31s
2024-05-08 12:03:58,181 - [INFO] - clients [0, 1, 2, 3, 4, 5, 6, 7, 8, 9] are selected
2024-05-08 12:03:58,477 - [INFO] - advertise keys finished
2024-05-08 12:03:58,477 - [INFO] - U_1 users: 0,1,2,3,4,5,6,7,8,9
2024-05-08 12:04:01,867 - [INFO] - share secret finished
2024-05-08 12:04:01,868 - [INFO] - U_2 users: 0,1,2,3,4,5,6,7,8,9
2024-05-08 12:04:21,191 - [INFO] - mask gradients finished
2024-05-08 12:04:24,529 - [INFO] - unmask gradients finished
2024-05-08 12:04:24,530 - [INFO] - U_3 users: 0,1,2,3,4,5,6,7,8,9
2024-05-08 12:04:27,166 - [INFO] - Round  11,Testing accuracy: 26.92,Time:  28.98s
2024-05-08 12:04:27,166 - [INFO] - clients [0, 1, 2, 3, 4, 5, 6, 7, 8, 9] are selected
2024-05-08 12:04:27,469 - [INFO] - advertise keys finished
2024-05-08 12:04:27,469 - [INFO] - U_1 users: 0,1,2,3,4,5,6,7,8,9
2024-05-08 12:04:30,806 - [INFO] - share secret finished
2024-05-08 12:04:30,807 - [INFO] - U_2 users: 0,1,2,3,4,5,6,7,8,9
2024-05-08 12:04:50,497 - [INFO] - mask gradients finished
2024-05-08 12:04:53,776 - [INFO] - unmask gradients finished
2024-05-08 12:04:53,777 - [INFO] - U_3 users: 0,1,2,3,4,5,6,7,8,9
2024-05-08 12:04:56,274 - [INFO] - Round  12,Testing accuracy: 27.90,Time:  29.11s
2024-05-08 12:04:56,275 - [INFO] - clients [0, 1, 2, 3, 4, 5, 6, 7, 8, 9] are selected
2024-05-08 12:04:56,560 - [INFO] - advertise keys finished
2024-05-08 12:04:56,560 - [INFO] - U_1 users: 0,1,2,3,4,5,6,7,8,9
2024-05-08 12:04:59,817 - [INFO] - share secret finished
2024-05-08 12:04:59,817 - [INFO] - U_2 users: 0,1,2,3,4,5,6,7,8,9
2024-05-08 12:05:19,863 - [INFO] - mask gradients finished
2024-05-08 12:05:23,187 - [INFO] - unmask gradients finished
2024-05-08 12:05:23,188 - [INFO] - U_3 users: 0,1,2,3,4,5,6,7,8,9
2024-05-08 12:05:25,817 - [INFO] - Round  13,Testing accuracy: 28.83,Time:  29.54s
2024-05-08 12:05:25,818 - [INFO] - clients [0, 1, 2, 3, 4, 5, 6, 7, 8, 9] are selected
2024-05-08 12:05:26,096 - [INFO] - advertise keys finished
2024-05-08 12:05:26,097 - [INFO] - U_1 users: 0,1,2,3,4,5,6,7,8,9
2024-05-08 12:05:29,329 - [INFO] - share secret finished
2024-05-08 12:05:29,329 - [INFO] - U_2 users: 0,1,2,3,4,5,6,7,8,9
2024-05-08 12:05:49,064 - [INFO] - mask gradients finished
2024-05-08 12:05:52,386 - [INFO] - unmask gradients finished
2024-05-08 12:05:52,386 - [INFO] - U_3 users: 0,1,2,3,4,5,6,7,8,9
2024-05-08 12:05:54,980 - [INFO] - Round  14,Testing accuracy: 29.73,Time:  29.16s
2024-05-08 12:05:54,980 - [INFO] - clients [0, 1, 2, 3, 4, 5, 6, 7, 8, 9] are selected
2024-05-08 12:05:55,264 - [INFO] - advertise keys finished
2024-05-08 12:05:55,265 - [INFO] - U_1 users: 0,1,2,3,4,5,6,7,8,9
2024-05-08 12:05:58,625 - [INFO] - share secret finished
2024-05-08 12:05:58,625 - [INFO] - U_2 users: 0,1,2,3,4,5,6,7,8,9
2024-05-08 12:06:18,349 - [INFO] - mask gradients finished
2024-05-08 12:06:21,685 - [INFO] - unmask gradients finished
2024-05-08 12:06:21,686 - [INFO] - U_3 users: 0,1,2,3,4,5,6,7,8,9
2024-05-08 12:06:24,373 - [INFO] - Round  15,Testing accuracy: 30.56,Time:  29.39s
2024-05-08 12:06:24,374 - [INFO] - clients [0, 1, 2, 3, 4, 5, 6, 7, 8, 9] are selected
2024-05-08 12:06:24,648 - [INFO] - advertise keys finished
2024-05-08 12:06:24,648 - [INFO] - U_1 users: 0,1,2,3,4,5,6,7,8,9
2024-05-08 12:06:27,995 - [INFO] - share secret finished
2024-05-08 12:06:27,995 - [INFO] - U_2 users: 0,1,2,3,4,5,6,7,8,9
2024-05-08 12:06:47,809 - [INFO] - mask gradients finished
2024-05-08 12:06:51,080 - [INFO] - unmask gradients finished
2024-05-08 12:06:51,081 - [INFO] - U_3 users: 0,1,2,3,4,5,6,7,8,9
2024-05-08 12:06:53,609 - [INFO] - Round  16,Testing accuracy: 31.40,Time:  29.23s
2024-05-08 12:06:53,609 - [INFO] - clients [0, 1, 2, 3, 4, 5, 6, 7, 8, 9] are selected
2024-05-08 12:06:53,897 - [INFO] - advertise keys finished
2024-05-08 12:06:53,898 - [INFO] - U_1 users: 0,1,2,3,4,5,6,7,8,9
2024-05-08 12:06:57,187 - [INFO] - share secret finished
2024-05-08 12:06:57,187 - [INFO] - U_2 users: 0,1,2,3,4,5,6,7,8,9
2024-05-08 12:07:17,173 - [INFO] - mask gradients finished
2024-05-08 12:07:20,502 - [INFO] - unmask gradients finished
2024-05-08 12:07:20,502 - [INFO] - U_3 users: 0,1,2,3,4,5,6,7,8,9
2024-05-08 12:07:23,089 - [INFO] - Round  17,Testing accuracy: 32.18,Time:  29.48s
2024-05-08 12:07:23,090 - [INFO] - clients [0, 1, 2, 3, 4, 5, 6, 7, 8, 9] are selected
2024-05-08 12:07:23,374 - [INFO] - advertise keys finished
2024-05-08 12:07:23,374 - [INFO] - U_1 users: 0,1,2,3,4,5,6,7,8,9
2024-05-08 12:07:26,637 - [INFO] - share secret finished
2024-05-08 12:07:26,637 - [INFO] - U_2 users: 0,1,2,3,4,5,6,7,8,9
2024-05-08 12:07:46,075 - [INFO] - mask gradients finished
2024-05-08 12:07:49,412 - [INFO] - unmask gradients finished
2024-05-08 12:07:49,413 - [INFO] - U_3 users: 0,1,2,3,4,5,6,7,8,9
2024-05-08 12:07:51,914 - [INFO] - Round  18,Testing accuracy: 32.77,Time:  28.82s
2024-05-08 12:07:51,915 - [INFO] - clients [0, 1, 2, 3, 4, 5, 6, 7, 8, 9] are selected
2024-05-08 12:07:52,200 - [INFO] - advertise keys finished
2024-05-08 12:07:52,200 - [INFO] - U_1 users: 0,1,2,3,4,5,6,7,8,9
2024-05-08 12:07:55,489 - [INFO] - share secret finished
2024-05-08 12:07:55,489 - [INFO] - U_2 users: 0,1,2,3,4,5,6,7,8,9
2024-05-08 12:08:14,892 - [INFO] - mask gradients finished
2024-05-08 12:08:18,200 - [INFO] - unmask gradients finished
2024-05-08 12:08:18,201 - [INFO] - U_3 users: 0,1,2,3,4,5,6,7,8,9
2024-05-08 12:08:20,801 - [INFO] - Round  19,Testing accuracy: 33.39,Time:  28.89s
2024-05-08 12:08:20,801 - [INFO] - clients [0, 1, 2, 3, 4, 5, 6, 7, 8, 9] are selected
2024-05-08 12:08:21,103 - [INFO] - advertise keys finished
2024-05-08 12:08:21,103 - [INFO] - U_1 users: 0,1,2,3,4,5,6,7,8,9
2024-05-08 12:08:24,429 - [INFO] - share secret finished
2024-05-08 12:08:24,429 - [INFO] - U_2 users: 0,1,2,3,4,5,6,7,8,9
2024-05-08 12:08:44,285 - [INFO] - mask gradients finished
2024-05-08 12:08:47,550 - [INFO] - unmask gradients finished
2024-05-08 12:08:47,550 - [INFO] - U_3 users: 0,1,2,3,4,5,6,7,8,9
2024-05-08 12:08:50,056 - [INFO] - Round  20,Testing accuracy: 33.89,Time:  29.25s
2024-05-08 12:08:50,056 - [INFO] - clients [0, 1, 2, 3, 4, 5, 6, 7, 8, 9] are selected
2024-05-08 12:08:50,334 - [INFO] - advertise keys finished
2024-05-08 12:08:50,334 - [INFO] - U_1 users: 0,1,2,3,4,5,6,7,8,9
2024-05-08 12:08:53,567 - [INFO] - share secret finished
2024-05-08 12:08:53,567 - [INFO] - U_2 users: 0,1,2,3,4,5,6,7,8,9
2024-05-08 12:09:13,161 - [INFO] - mask gradients finished
2024-05-08 12:09:16,518 - [INFO] - unmask gradients finished
2024-05-08 12:09:16,519 - [INFO] - U_3 users: 0,1,2,3,4,5,6,7,8,9
2024-05-08 12:09:19,112 - [INFO] - Round  21,Testing accuracy: 34.23,Time:  29.06s
2024-05-08 12:09:19,113 - [INFO] - clients [0, 1, 2, 3, 4, 5, 6, 7, 8, 9] are selected
2024-05-08 12:09:19,401 - [INFO] - advertise keys finished
2024-05-08 12:09:19,401 - [INFO] - U_1 users: 0,1,2,3,4,5,6,7,8,9
2024-05-08 12:09:22,685 - [INFO] - share secret finished
2024-05-08 12:09:22,685 - [INFO] - U_2 users: 0,1,2,3,4,5,6,7,8,9
2024-05-08 12:09:42,033 - [INFO] - mask gradients finished
2024-05-08 12:09:45,340 - [INFO] - unmask gradients finished
2024-05-08 12:09:45,340 - [INFO] - U_3 users: 0,1,2,3,4,5,6,7,8,9
2024-05-08 12:09:47,922 - [INFO] - Round  22,Testing accuracy: 34.65,Time:  28.81s
2024-05-08 12:09:47,923 - [INFO] - clients [0, 1, 2, 3, 4, 5, 6, 7, 8, 9] are selected
2024-05-08 12:09:48,221 - [INFO] - advertise keys finished
2024-05-08 12:09:48,221 - [INFO] - U_1 users: 0,1,2,3,4,5,6,7,8,9
2024-05-08 12:09:51,567 - [INFO] - share secret finished
2024-05-08 12:09:51,567 - [INFO] - U_2 users: 0,1,2,3,4,5,6,7,8,9
2024-05-08 12:10:11,296 - [INFO] - mask gradients finished
2024-05-08 12:10:14,580 - [INFO] - unmask gradients finished
2024-05-08 12:10:14,581 - [INFO] - U_3 users: 0,1,2,3,4,5,6,7,8,9
2024-05-08 12:10:17,101 - [INFO] - Round  23,Testing accuracy: 35.02,Time:  29.18s
2024-05-08 12:10:17,101 - [INFO] - clients [0, 1, 2, 3, 4, 5, 6, 7, 8, 9] are selected
2024-05-08 12:10:17,410 - [INFO] - advertise keys finished
2024-05-08 12:10:17,410 - [INFO] - U_1 users: 0,1,2,3,4,5,6,7,8,9
2024-05-08 12:10:20,697 - [INFO] - share secret finished
2024-05-08 12:10:20,697 - [INFO] - U_2 users: 0,1,2,3,4,5,6,7,8,9
2024-05-08 12:10:40,740 - [INFO] - mask gradients finished
2024-05-08 12:10:44,014 - [INFO] - unmask gradients finished
2024-05-08 12:10:44,014 - [INFO] - U_3 users: 0,1,2,3,4,5,6,7,8,9
2024-05-08 12:10:46,520 - [INFO] - Round  24,Testing accuracy: 35.37,Time:  29.42s
2024-05-08 12:10:46,520 - [INFO] - clients [0, 1, 2, 3, 4, 5, 6, 7, 8, 9] are selected
2024-05-08 12:10:46,800 - [INFO] - advertise keys finished
2024-05-08 12:10:46,800 - [INFO] - U_1 users: 0,1,2,3,4,5,6,7,8,9
2024-05-08 12:10:50,032 - [INFO] - share secret finished
2024-05-08 12:10:50,034 - [INFO] - U_2 users: 0,1,2,3,4,5,6,7,8,9
2024-05-08 12:11:09,531 - [INFO] - mask gradients finished
2024-05-08 12:11:12,867 - [INFO] - unmask gradients finished
2024-05-08 12:11:12,868 - [INFO] - U_3 users: 0,1,2,3,4,5,6,7,8,9
2024-05-08 12:11:15,536 - [INFO] - Round  25,Testing accuracy: 35.50,Time:  29.02s
2024-05-08 12:11:15,537 - [INFO] - clients [0, 1, 2, 3, 4, 5, 6, 7, 8, 9] are selected
2024-05-08 12:11:15,816 - [INFO] - advertise keys finished
2024-05-08 12:11:15,816 - [INFO] - U_1 users: 0,1,2,3,4,5,6,7,8,9
2024-05-08 12:11:19,261 - [INFO] - share secret finished
2024-05-08 12:11:19,261 - [INFO] - U_2 users: 0,1,2,3,4,5,6,7,8,9
2024-05-08 12:11:39,716 - [INFO] - mask gradients finished
2024-05-08 12:11:43,048 - [INFO] - unmask gradients finished
2024-05-08 12:11:43,049 - [INFO] - U_3 users: 0,1,2,3,4,5,6,7,8,9
2024-05-08 12:11:45,823 - [INFO] - Round  26,Testing accuracy: 35.75,Time:  30.29s
2024-05-08 12:11:45,824 - [INFO] - clients [0, 1, 2, 3, 4, 5, 6, 7, 8, 9] are selected
2024-05-08 12:11:46,108 - [INFO] - advertise keys finished
2024-05-08 12:11:46,108 - [INFO] - U_1 users: 0,1,2,3,4,5,6,7,8,9
2024-05-08 12:11:49,472 - [INFO] - share secret finished
2024-05-08 12:11:49,472 - [INFO] - U_2 users: 0,1,2,3,4,5,6,7,8,9
2024-05-08 12:12:09,968 - [INFO] - mask gradients finished
2024-05-08 12:12:13,337 - [INFO] - unmask gradients finished
2024-05-08 12:12:13,337 - [INFO] - U_3 users: 0,1,2,3,4,5,6,7,8,9
2024-05-08 12:12:16,004 - [INFO] - Round  27,Testing accuracy: 36.10,Time:  30.18s
2024-05-08 12:12:16,005 - [INFO] - clients [0, 1, 2, 3, 4, 5, 6, 7, 8, 9] are selected
2024-05-08 12:12:16,293 - [INFO] - advertise keys finished
2024-05-08 12:12:16,294 - [INFO] - U_1 users: 0,1,2,3,4,5,6,7,8,9
2024-05-08 12:12:19,664 - [INFO] - share secret finished
2024-05-08 12:12:19,664 - [INFO] - U_2 users: 0,1,2,3,4,5,6,7,8,9
2024-05-08 12:12:39,944 - [INFO] - mask gradients finished
2024-05-08 12:12:43,376 - [INFO] - unmask gradients finished
2024-05-08 12:12:43,376 - [INFO] - U_3 users: 0,1,2,3,4,5,6,7,8,9
2024-05-08 12:12:46,109 - [INFO] - Round  28,Testing accuracy: 36.47,Time:  30.10s
2024-05-08 12:12:46,109 - [INFO] - clients [0, 1, 2, 3, 4, 5, 6, 7, 8, 9] are selected
2024-05-08 12:12:46,386 - [INFO] - advertise keys finished
2024-05-08 12:12:46,386 - [INFO] - U_1 users: 0,1,2,3,4,5,6,7,8,9
2024-05-08 12:12:49,785 - [INFO] - share secret finished
2024-05-08 12:12:49,786 - [INFO] - U_2 users: 0,1,2,3,4,5,6,7,8,9
2024-05-08 12:13:09,557 - [INFO] - mask gradients finished
2024-05-08 12:13:12,895 - [INFO] - unmask gradients finished
2024-05-08 12:13:12,895 - [INFO] - U_3 users: 0,1,2,3,4,5,6,7,8,9
2024-05-08 12:13:15,609 - [INFO] - Round  29,Testing accuracy: 36.74,Time:  29.50s
2024-05-08 12:13:15,609 - [INFO] - clients [0, 1, 2, 3, 4, 5, 6, 7, 8, 9] are selected
2024-05-08 12:13:15,889 - [INFO] - advertise keys finished
2024-05-08 12:13:15,889 - [INFO] - U_1 users: 0,1,2,3,4,5,6,7,8,9
2024-05-08 12:13:19,246 - [INFO] - share secret finished
2024-05-08 12:13:19,246 - [INFO] - U_2 users: 0,1,2,3,4,5,6,7,8,9
2024-05-08 12:13:39,046 - [INFO] - mask gradients finished
2024-05-08 12:13:42,393 - [INFO] - unmask gradients finished
2024-05-08 12:13:42,394 - [INFO] - U_3 users: 0,1,2,3,4,5,6,7,8,9
2024-05-08 12:13:45,030 - [INFO] - Round  30,Testing accuracy: 37.18,Time:  29.42s
2024-05-08 12:13:45,030 - [INFO] - clients [0, 1, 2, 3, 4, 5, 6, 7, 8, 9] are selected
2024-05-08 12:13:45,314 - [INFO] - advertise keys finished
2024-05-08 12:13:45,314 - [INFO] - U_1 users: 0,1,2,3,4,5,6,7,8,9
2024-05-08 12:13:48,574 - [INFO] - share secret finished
2024-05-08 12:13:48,574 - [INFO] - U_2 users: 0,1,2,3,4,5,6,7,8,9
2024-05-08 12:14:08,302 - [INFO] - mask gradients finished
2024-05-08 12:14:11,649 - [INFO] - unmask gradients finished
2024-05-08 12:14:11,650 - [INFO] - U_3 users: 0,1,2,3,4,5,6,7,8,9
2024-05-08 12:14:14,389 - [INFO] - Round  31,Testing accuracy: 37.59,Time:  29.36s
2024-05-08 12:14:14,391 - [INFO] - clients [0, 1, 2, 3, 4, 5, 6, 7, 8, 9] are selected
2024-05-08 12:14:14,691 - [INFO] - advertise keys finished
2024-05-08 12:14:14,691 - [INFO] - U_1 users: 0,1,2,3,4,5,6,7,8,9
2024-05-08 12:14:18,032 - [INFO] - share secret finished
2024-05-08 12:14:18,032 - [INFO] - U_2 users: 0,1,2,3,4,5,6,7,8,9
2024-05-08 12:14:37,500 - [INFO] - mask gradients finished
2024-05-08 12:14:39,390 - [INFO] - unmask gradients finished
2024-05-08 12:14:39,390 - [INFO] - U_3 users: 0,1,2,3,4,5,6,7,8,9
2024-05-08 12:14:40,800 - [INFO] - Round  32,Testing accuracy: 38.15,Time:  26.41s
2024-05-08 12:14:40,801 - [INFO] - clients [0, 1, 2, 3, 4, 5, 6, 7, 8, 9] are selected
2024-05-08 12:14:40,955 - [INFO] - advertise keys finished
2024-05-08 12:14:40,955 - [INFO] - U_1 users: 0,1,2,3,4,5,6,7,8,9
2024-05-08 12:14:43,322 - [INFO] - share secret finished
2024-05-08 12:14:43,322 - [INFO] - U_2 users: 0,1,2,3,4,5,6,7,8,9
2024-05-08 12:15:03,067 - [INFO] - mask gradients finished
2024-05-08 12:15:06,340 - [INFO] - unmask gradients finished
2024-05-08 12:15:06,341 - [INFO] - U_3 users: 0,1,2,3,4,5,6,7,8,9
2024-05-08 12:15:08,919 - [INFO] - Round  33,Testing accuracy: 38.72,Time:  28.12s
2024-05-08 12:15:08,920 - [INFO] - clients [0, 1, 2, 3, 4, 5, 6, 7, 8, 9] are selected
2024-05-08 12:15:09,196 - [INFO] - advertise keys finished
2024-05-08 12:15:09,196 - [INFO] - U_1 users: 0,1,2,3,4,5,6,7,8,9
2024-05-08 12:15:12,423 - [INFO] - share secret finished
2024-05-08 12:15:12,424 - [INFO] - U_2 users: 0,1,2,3,4,5,6,7,8,9
2024-05-08 12:15:32,106 - [INFO] - mask gradients finished
2024-05-08 12:15:35,466 - [INFO] - unmask gradients finished
2024-05-08 12:15:35,467 - [INFO] - U_3 users: 0,1,2,3,4,5,6,7,8,9
2024-05-08 12:15:38,120 - [INFO] - Round  34,Testing accuracy: 39.35,Time:  29.20s
2024-05-08 12:15:38,120 - [INFO] - clients [0, 1, 2, 3, 4, 5, 6, 7, 8, 9] are selected
2024-05-08 12:15:38,409 - [INFO] - advertise keys finished
2024-05-08 12:15:38,409 - [INFO] - U_1 users: 0,1,2,3,4,5,6,7,8,9
2024-05-08 12:15:41,773 - [INFO] - share secret finished
2024-05-08 12:15:41,773 - [INFO] - U_2 users: 0,1,2,3,4,5,6,7,8,9
2024-05-08 12:16:01,173 - [INFO] - mask gradients finished
2024-05-08 12:16:04,507 - [INFO] - unmask gradients finished
2024-05-08 12:16:04,507 - [INFO] - U_3 users: 0,1,2,3,4,5,6,7,8,9
2024-05-08 12:16:06,894 - [INFO] - Round  35,Testing accuracy: 40.06,Time:  28.77s
2024-05-08 12:16:06,895 - [INFO] - clients [0, 1, 2, 3, 4, 5, 6, 7, 8, 9] are selected
2024-05-08 12:16:07,166 - [INFO] - advertise keys finished
2024-05-08 12:16:07,166 - [INFO] - U_1 users: 0,1,2,3,4,5,6,7,8,9
2024-05-08 12:16:09,109 - [INFO] - share secret finished
2024-05-08 12:16:09,109 - [INFO] - U_2 users: 0,1,2,3,4,5,6,7,8,9
2024-05-08 13:08:24,849 - [INFO] - mask gradients finished
2024-05-08 13:08:26,612 - [INFO] - unmask gradients finished
2024-05-08 13:08:26,612 - [INFO] - U_3 users: 0,1,2,3,4,5,6,7,8,9
2024-05-08 13:08:27,949 - [INFO] - Round  36,Testing accuracy: 41.06,Time:  3141.05s
2024-05-08 13:08:27,949 - [INFO] - clients [0, 1, 2, 3, 4, 5, 6, 7, 8, 9] are selected
2024-05-08 13:08:28,129 - [INFO] - advertise keys finished
2024-05-08 13:08:28,129 - [INFO] - U_1 users: 0,1,2,3,4,5,6,7,8,9
2024-05-08 13:08:29,904 - [INFO] - share secret finished
2024-05-08 13:08:29,904 - [INFO] - U_2 users: 0,1,2,3,4,5,6,7,8,9
2024-05-08 13:08:39,775 - [INFO] - mask gradients finished
2024-05-08 13:08:41,532 - [INFO] - unmask gradients finished
2024-05-08 13:08:41,532 - [INFO] - U_3 users: 0,1,2,3,4,5,6,7,8,9
2024-05-08 13:08:42,864 - [INFO] - Round  37,Testing accuracy: 42.09,Time:  14.91s
2024-05-08 13:08:42,864 - [INFO] - clients [0, 1, 2, 3, 4, 5, 6, 7, 8, 9] are selected
2024-05-08 13:08:43,018 - [INFO] - advertise keys finished
2024-05-08 13:08:43,019 - [INFO] - U_1 users: 0,1,2,3,4,5,6,7,8,9
2024-05-08 13:08:44,809 - [INFO] - share secret finished
2024-05-08 13:08:44,809 - [INFO] - U_2 users: 0,1,2,3,4,5,6,7,8,9
2024-05-08 13:08:55,185 - [INFO] - mask gradients finished
2024-05-08 13:08:57,076 - [INFO] - unmask gradients finished
2024-05-08 13:08:57,077 - [INFO] - U_3 users: 0,1,2,3,4,5,6,7,8,9
2024-05-08 13:08:58,490 - [INFO] - Round  38,Testing accuracy: 43.35,Time:  15.63s
2024-05-08 13:08:58,491 - [INFO] - clients [0, 1, 2, 3, 4, 5, 6, 7, 8, 9] are selected
2024-05-08 13:08:58,654 - [INFO] - advertise keys finished
2024-05-08 13:08:58,654 - [INFO] - U_1 users: 0,1,2,3,4,5,6,7,8,9
2024-05-08 13:09:00,453 - [INFO] - share secret finished
2024-05-08 13:09:00,454 - [INFO] - U_2 users: 0,1,2,3,4,5,6,7,8,9
2024-05-08 13:09:10,335 - [INFO] - mask gradients finished
2024-05-08 13:09:11,955 - [INFO] - unmask gradients finished
2024-05-08 13:09:11,955 - [INFO] - U_3 users: 0,1,2,3,4,5,6,7,8,9
2024-05-08 13:09:12,928 - [INFO] - Round  39,Testing accuracy: 44.62,Time:  14.44s
2024-05-08 13:09:12,929 - [INFO] - clients [0, 1, 2, 3, 4, 5, 6, 7, 8, 9] are selected
2024-05-08 13:09:13,049 - [INFO] - advertise keys finished
2024-05-08 13:09:13,049 - [INFO] - U_1 users: 0,1,2,3,4,5,6,7,8,9
2024-05-08 13:09:14,866 - [INFO] - share secret finished
2024-05-08 13:09:14,866 - [INFO] - U_2 users: 0,1,2,3,4,5,6,7,8,9
2024-05-08 13:09:25,711 - [INFO] - mask gradients finished
2024-05-08 13:09:27,234 - [INFO] - unmask gradients finished
2024-05-08 13:09:27,234 - [INFO] - U_3 users: 0,1,2,3,4,5,6,7,8,9
2024-05-08 13:09:28,297 - [INFO] - Round  40,Testing accuracy: 46.17,Time:  15.37s
2024-05-08 13:09:28,297 - [INFO] - clients [0, 1, 2, 3, 4, 5, 6, 7, 8, 9] are selected
2024-05-08 13:09:28,420 - [INFO] - advertise keys finished
2024-05-08 13:09:28,421 - [INFO] - U_1 users: 0,1,2,3,4,5,6,7,8,9
2024-05-08 13:09:29,857 - [INFO] - share secret finished
2024-05-08 13:09:29,857 - [INFO] - U_2 users: 0,1,2,3,4,5,6,7,8,9
2024-05-08 13:09:38,422 - [INFO] - mask gradients finished
2024-05-08 13:09:39,855 - [INFO] - unmask gradients finished
2024-05-08 13:09:39,855 - [INFO] - U_3 users: 0,1,2,3,4,5,6,7,8,9
2024-05-08 13:09:41,014 - [INFO] - Round  41,Testing accuracy: 47.60,Time:  12.72s
2024-05-08 13:09:41,014 - [INFO] - clients [0, 1, 2, 3, 4, 5, 6, 7, 8, 9] are selected
2024-05-08 13:09:41,138 - [INFO] - advertise keys finished
2024-05-08 13:09:41,138 - [INFO] - U_1 users: 0,1,2,3,4,5,6,7,8,9
2024-05-08 13:09:42,667 - [INFO] - share secret finished
2024-05-08 13:09:42,667 - [INFO] - U_2 users: 0,1,2,3,4,5,6,7,8,9
2024-05-08 13:09:52,481 - [INFO] - mask gradients finished
2024-05-08 13:09:53,958 - [INFO] - unmask gradients finished
2024-05-08 13:09:53,958 - [INFO] - U_3 users: 0,1,2,3,4,5,6,7,8,9
2024-05-08 13:09:55,198 - [INFO] - Round  42,Testing accuracy: 49.20,Time:  14.18s
2024-05-08 13:09:55,199 - [INFO] - clients [0, 1, 2, 3, 4, 5, 6, 7, 8, 9] are selected
2024-05-08 13:09:55,355 - [INFO] - advertise keys finished
2024-05-08 13:09:55,355 - [INFO] - U_1 users: 0,1,2,3,4,5,6,7,8,9
2024-05-08 13:09:56,992 - [INFO] - share secret finished
2024-05-08 13:09:56,993 - [INFO] - U_2 users: 0,1,2,3,4,5,6,7,8,9
2024-05-08 13:10:05,303 - [INFO] - mask gradients finished
2024-05-08 13:10:06,729 - [INFO] - unmask gradients finished
2024-05-08 13:10:06,729 - [INFO] - U_3 users: 0,1,2,3,4,5,6,7,8,9
2024-05-08 13:10:07,862 - [INFO] - Round  43,Testing accuracy: 50.43,Time:  12.66s
2024-05-08 13:10:07,863 - [INFO] - clients [0, 1, 2, 3, 4, 5, 6, 7, 8, 9] are selected
2024-05-08 13:10:08,089 - [INFO] - advertise keys finished
2024-05-08 13:10:08,090 - [INFO] - U_1 users: 0,1,2,3,4,5,6,7,8,9
2024-05-08 13:10:09,899 - [INFO] - share secret finished
2024-05-08 13:10:09,899 - [INFO] - U_2 users: 0,1,2,3,4,5,6,7,8,9
2024-05-08 13:25:30,863 - [INFO] - mask gradients finished
2024-05-08 13:25:32,218 - [INFO] - unmask gradients finished
2024-05-08 13:25:32,218 - [INFO] - U_3 users: 0,1,2,3,4,5,6,7,8,9
2024-05-08 13:25:33,225 - [INFO] - Round  44,Testing accuracy: 51.44,Time:  925.36s
2024-05-08 13:25:33,225 - [INFO] - clients [0, 1, 2, 3, 4, 5, 6, 7, 8, 9] are selected
2024-05-08 13:25:33,344 - [INFO] - advertise keys finished
2024-05-08 13:25:33,344 - [INFO] - U_1 users: 0,1,2,3,4,5,6,7,8,9
2024-05-08 13:25:34,682 - [INFO] - share secret finished
2024-05-08 13:25:34,682 - [INFO] - U_2 users: 0,1,2,3,4,5,6,7,8,9
2024-05-08 13:25:42,561 - [INFO] - mask gradients finished
2024-05-08 13:25:43,991 - [INFO] - unmask gradients finished
2024-05-08 13:25:43,991 - [INFO] - U_3 users: 0,1,2,3,4,5,6,7,8,9
2024-05-08 13:25:45,128 - [INFO] - Round  45,Testing accuracy: 52.15,Time:  11.90s
2024-05-08 13:25:45,129 - [INFO] - clients [0, 1, 2, 3, 4, 5, 6, 7, 8, 9] are selected
2024-05-08 13:25:45,253 - [INFO] - advertise keys finished
2024-05-08 13:25:45,253 - [INFO] - U_1 users: 0,1,2,3,4,5,6,7,8,9
2024-05-08 13:25:46,703 - [INFO] - share secret finished
2024-05-08 13:25:46,703 - [INFO] - U_2 users: 0,1,2,3,4,5,6,7,8,9
2024-05-08 13:25:55,229 - [INFO] - mask gradients finished
2024-05-08 13:25:56,968 - [INFO] - unmask gradients finished
2024-05-08 13:25:56,968 - [INFO] - U_3 users: 0,1,2,3,4,5,6,7,8,9
2024-05-08 13:25:58,231 - [INFO] - Round  46,Testing accuracy: 52.91,Time:  13.10s
2024-05-08 13:25:58,232 - [INFO] - clients [0, 1, 2, 3, 4, 5, 6, 7, 8, 9] are selected
2024-05-08 13:25:58,384 - [INFO] - advertise keys finished
2024-05-08 13:25:58,384 - [INFO] - U_1 users: 0,1,2,3,4,5,6,7,8,9
2024-05-08 13:26:00,129 - [INFO] - share secret finished
2024-05-08 13:26:00,129 - [INFO] - U_2 users: 0,1,2,3,4,5,6,7,8,9
2024-05-08 13:26:09,889 - [INFO] - mask gradients finished
2024-05-08 13:26:11,669 - [INFO] - unmask gradients finished
2024-05-08 13:26:11,670 - [INFO] - U_3 users: 0,1,2,3,4,5,6,7,8,9
2024-05-08 13:26:12,986 - [INFO] - Round  47,Testing accuracy: 53.62,Time:  14.75s
2024-05-08 13:26:12,986 - [INFO] - clients [0, 1, 2, 3, 4, 5, 6, 7, 8, 9] are selected
2024-05-08 13:26:13,139 - [INFO] - advertise keys finished
2024-05-08 13:26:13,139 - [INFO] - U_1 users: 0,1,2,3,4,5,6,7,8,9
2024-05-08 13:26:14,914 - [INFO] - share secret finished
2024-05-08 13:26:14,914 - [INFO] - U_2 users: 0,1,2,3,4,5,6,7,8,9
2024-05-08 13:26:24,460 - [INFO] - mask gradients finished
2024-05-08 13:26:25,873 - [INFO] - unmask gradients finished
2024-05-08 13:26:25,873 - [INFO] - U_3 users: 0,1,2,3,4,5,6,7,8,9
2024-05-08 13:26:26,858 - [INFO] - Round  48,Testing accuracy: 54.32,Time:  13.87s
2024-05-08 13:26:26,858 - [INFO] - clients [0, 1, 2, 3, 4, 5, 6, 7, 8, 9] are selected
2024-05-08 13:26:26,977 - [INFO] - advertise keys finished
2024-05-08 13:26:26,977 - [INFO] - U_1 users: 0,1,2,3,4,5,6,7,8,9
2024-05-08 13:26:28,341 - [INFO] - share secret finished
2024-05-08 13:26:28,341 - [INFO] - U_2 users: 0,1,2,3,4,5,6,7,8,9
2024-05-08 13:26:35,824 - [INFO] - mask gradients finished
2024-05-08 13:26:37,190 - [INFO] - unmask gradients finished
2024-05-08 13:26:37,190 - [INFO] - U_3 users: 0,1,2,3,4,5,6,7,8,9
2024-05-08 13:26:38,149 - [INFO] - Round  49,Testing accuracy: 54.80,Time:  11.29s
2024-05-08 13:26:38,149 - [INFO] - clients [0, 1, 2, 3, 4, 5, 6, 7, 8, 9] are selected
2024-05-08 13:26:38,267 - [INFO] - advertise keys finished
2024-05-08 13:26:38,267 - [INFO] - U_1 users: 0,1,2,3,4,5,6,7,8,9
2024-05-08 13:26:39,632 - [INFO] - share secret finished
2024-05-08 13:26:39,633 - [INFO] - U_2 users: 0,1,2,3,4,5,6,7,8,9
2024-05-08 13:26:47,481 - [INFO] - mask gradients finished
2024-05-08 13:26:48,930 - [INFO] - unmask gradients finished
2024-05-08 13:26:48,930 - [INFO] - U_3 users: 0,1,2,3,4,5,6,7,8,9
2024-05-08 13:26:49,980 - [INFO] - Round  50,Testing accuracy: 55.14,Time:  11.83s
2024-05-08 13:26:49,980 - [INFO] - clients [0, 1, 2, 3, 4, 5, 6, 7, 8, 9] are selected
2024-05-08 13:26:50,119 - [INFO] - advertise keys finished
2024-05-08 13:26:50,119 - [INFO] - U_1 users: 0,1,2,3,4,5,6,7,8,9
2024-05-08 13:26:51,651 - [INFO] - share secret finished
2024-05-08 13:26:51,651 - [INFO] - U_2 users: 0,1,2,3,4,5,6,7,8,9
2024-05-08 13:26:59,610 - [INFO] - mask gradients finished
2024-05-08 13:27:00,983 - [INFO] - unmask gradients finished
2024-05-08 13:27:00,983 - [INFO] - U_3 users: 0,1,2,3,4,5,6,7,8,9
2024-05-08 13:27:01,969 - [INFO] - Round  51,Testing accuracy: 55.55,Time:  11.99s
2024-05-08 13:27:01,970 - [INFO] - clients [0, 1, 2, 3, 4, 5, 6, 7, 8, 9] are selected
2024-05-08 13:27:02,091 - [INFO] - advertise keys finished
2024-05-08 13:27:02,091 - [INFO] - U_1 users: 0,1,2,3,4,5,6,7,8,9
2024-05-08 13:27:03,462 - [INFO] - share secret finished
2024-05-08 13:27:03,462 - [INFO] - U_2 users: 0,1,2,3,4,5,6,7,8,9
2024-05-08 13:27:11,209 - [INFO] - mask gradients finished
2024-05-08 13:27:12,595 - [INFO] - unmask gradients finished
2024-05-08 13:27:12,595 - [INFO] - U_3 users: 0,1,2,3,4,5,6,7,8,9
2024-05-08 13:27:13,613 - [INFO] - Round  52,Testing accuracy: 56.01,Time:  11.64s
2024-05-08 13:27:13,613 - [INFO] - clients [0, 1, 2, 3, 4, 5, 6, 7, 8, 9] are selected
2024-05-08 13:27:13,740 - [INFO] - advertise keys finished
2024-05-08 13:27:13,740 - [INFO] - U_1 users: 0,1,2,3,4,5,6,7,8,9
2024-05-08 13:27:15,180 - [INFO] - share secret finished
2024-05-08 13:27:15,180 - [INFO] - U_2 users: 0,1,2,3,4,5,6,7,8,9
2024-05-08 13:27:23,236 - [INFO] - mask gradients finished
2024-05-08 13:27:24,688 - [INFO] - unmask gradients finished
2024-05-08 13:27:24,688 - [INFO] - U_3 users: 0,1,2,3,4,5,6,7,8,9
2024-05-08 13:27:25,739 - [INFO] - Round  53,Testing accuracy: 56.28,Time:  12.13s
2024-05-08 13:27:25,739 - [INFO] - clients [0, 1, 2, 3, 4, 5, 6, 7, 8, 9] are selected
2024-05-08 13:27:25,864 - [INFO] - advertise keys finished
2024-05-08 13:27:25,865 - [INFO] - U_1 users: 0,1,2,3,4,5,6,7,8,9
2024-05-08 13:27:27,265 - [INFO] - share secret finished
2024-05-08 13:27:27,265 - [INFO] - U_2 users: 0,1,2,3,4,5,6,7,8,9
2024-05-08 13:27:34,915 - [INFO] - mask gradients finished
2024-05-08 13:27:36,287 - [INFO] - unmask gradients finished
2024-05-08 13:27:36,287 - [INFO] - U_3 users: 0,1,2,3,4,5,6,7,8,9
2024-05-08 13:27:37,348 - [INFO] - Round  54,Testing accuracy: 56.61,Time:  11.61s
2024-05-08 13:27:37,348 - [INFO] - clients [0, 1, 2, 3, 4, 5, 6, 7, 8, 9] are selected
2024-05-08 13:27:37,468 - [INFO] - advertise keys finished
2024-05-08 13:27:37,468 - [INFO] - U_1 users: 0,1,2,3,4,5,6,7,8,9
2024-05-08 13:27:38,828 - [INFO] - share secret finished
2024-05-08 13:27:38,828 - [INFO] - U_2 users: 0,1,2,3,4,5,6,7,8,9
2024-05-08 13:27:46,760 - [INFO] - mask gradients finished
2024-05-08 13:27:48,200 - [INFO] - unmask gradients finished
2024-05-08 13:27:48,200 - [INFO] - U_3 users: 0,1,2,3,4,5,6,7,8,9
2024-05-08 13:27:49,290 - [INFO] - Round  55,Testing accuracy: 56.96,Time:  11.94s
2024-05-08 13:27:49,291 - [INFO] - clients [0, 1, 2, 3, 4, 5, 6, 7, 8, 9] are selected
2024-05-08 13:27:49,414 - [INFO] - advertise keys finished
2024-05-08 13:27:49,414 - [INFO] - U_1 users: 0,1,2,3,4,5,6,7,8,9
2024-05-08 13:27:50,826 - [INFO] - share secret finished
2024-05-08 13:27:50,826 - [INFO] - U_2 users: 0,1,2,3,4,5,6,7,8,9
2024-05-08 13:27:58,813 - [INFO] - mask gradients finished
2024-05-08 13:28:00,209 - [INFO] - unmask gradients finished
2024-05-08 13:28:00,209 - [INFO] - U_3 users: 0,1,2,3,4,5,6,7,8,9
2024-05-08 13:28:01,253 - [INFO] - Round  56,Testing accuracy: 57.29,Time:  11.96s
2024-05-08 13:28:01,253 - [INFO] - clients [0, 1, 2, 3, 4, 5, 6, 7, 8, 9] are selected
2024-05-08 13:28:01,373 - [INFO] - advertise keys finished
2024-05-08 13:28:01,373 - [INFO] - U_1 users: 0,1,2,3,4,5,6,7,8,9
2024-05-08 13:28:02,749 - [INFO] - share secret finished
2024-05-08 13:28:02,749 - [INFO] - U_2 users: 0,1,2,3,4,5,6,7,8,9
2024-05-08 13:28:10,341 - [INFO] - mask gradients finished
2024-05-08 13:28:11,720 - [INFO] - unmask gradients finished
2024-05-08 13:28:11,720 - [INFO] - U_3 users: 0,1,2,3,4,5,6,7,8,9
2024-05-08 13:28:12,797 - [INFO] - Round  57,Testing accuracy: 57.59,Time:  11.54s
2024-05-08 13:28:12,798 - [INFO] - clients [0, 1, 2, 3, 4, 5, 6, 7, 8, 9] are selected
2024-05-08 13:28:12,921 - [INFO] - advertise keys finished
2024-05-08 13:28:12,921 - [INFO] - U_1 users: 0,1,2,3,4,5,6,7,8,9
2024-05-08 13:28:14,346 - [INFO] - share secret finished
2024-05-08 13:28:14,347 - [INFO] - U_2 users: 0,1,2,3,4,5,6,7,8,9
2024-05-08 13:28:22,391 - [INFO] - mask gradients finished
2024-05-08 13:28:23,808 - [INFO] - unmask gradients finished
2024-05-08 13:28:23,809 - [INFO] - U_3 users: 0,1,2,3,4,5,6,7,8,9
2024-05-08 13:28:24,910 - [INFO] - Round  58,Testing accuracy: 58.01,Time:  12.11s
2024-05-08 13:28:24,910 - [INFO] - clients [0, 1, 2, 3, 4, 5, 6, 7, 8, 9] are selected
2024-05-08 13:28:25,037 - [INFO] - advertise keys finished
2024-05-08 13:28:25,037 - [INFO] - U_1 users: 0,1,2,3,4,5,6,7,8,9
2024-05-08 13:28:26,433 - [INFO] - share secret finished
2024-05-08 13:28:26,434 - [INFO] - U_2 users: 0,1,2,3,4,5,6,7,8,9
2024-05-08 13:28:34,121 - [INFO] - mask gradients finished
2024-05-08 13:28:35,486 - [INFO] - unmask gradients finished
2024-05-08 13:28:35,486 - [INFO] - U_3 users: 0,1,2,3,4,5,6,7,8,9
2024-05-08 13:28:36,481 - [INFO] - Round  59,Testing accuracy: 58.38,Time:  11.57s
2024-05-08 13:28:36,481 - [INFO] - clients [0, 1, 2, 3, 4, 5, 6, 7, 8, 9] are selected
2024-05-08 13:28:36,602 - [INFO] - advertise keys finished
2024-05-08 13:28:36,602 - [INFO] - U_1 users: 0,1,2,3,4,5,6,7,8,9
2024-05-08 13:28:38,008 - [INFO] - share secret finished
2024-05-08 13:28:38,009 - [INFO] - U_2 users: 0,1,2,3,4,5,6,7,8,9
2024-05-08 13:28:45,872 - [INFO] - mask gradients finished
2024-05-08 13:28:47,296 - [INFO] - unmask gradients finished
2024-05-08 13:28:47,296 - [INFO] - U_3 users: 0,1,2,3,4,5,6,7,8,9
2024-05-08 13:28:48,342 - [INFO] - Round  60,Testing accuracy: 58.75,Time:  11.86s
2024-05-08 13:28:48,342 - [INFO] - clients [0, 1, 2, 3, 4, 5, 6, 7, 8, 9] are selected
2024-05-08 13:28:48,467 - [INFO] - advertise keys finished
2024-05-08 13:28:48,467 - [INFO] - U_1 users: 0,1,2,3,4,5,6,7,8,9
2024-05-08 13:28:49,937 - [INFO] - share secret finished
2024-05-08 13:28:49,937 - [INFO] - U_2 users: 0,1,2,3,4,5,6,7,8,9
2024-05-08 13:28:57,809 - [INFO] - mask gradients finished
2024-05-08 13:28:59,204 - [INFO] - unmask gradients finished
2024-05-08 13:28:59,204 - [INFO] - U_3 users: 0,1,2,3,4,5,6,7,8,9
2024-05-08 13:29:00,213 - [INFO] - Round  61,Testing accuracy: 59.12,Time:  11.87s
2024-05-08 13:29:00,213 - [INFO] - clients [0, 1, 2, 3, 4, 5, 6, 7, 8, 9] are selected
2024-05-08 13:29:00,335 - [INFO] - advertise keys finished
2024-05-08 13:29:00,335 - [INFO] - U_1 users: 0,1,2,3,4,5,6,7,8,9
2024-05-08 13:29:01,704 - [INFO] - share secret finished
2024-05-08 13:29:01,704 - [INFO] - U_2 users: 0,1,2,3,4,5,6,7,8,9
2024-05-08 13:29:09,590 - [INFO] - mask gradients finished
2024-05-08 13:29:10,956 - [INFO] - unmask gradients finished
2024-05-08 13:29:10,956 - [INFO] - U_3 users: 0,1,2,3,4,5,6,7,8,9
2024-05-08 13:29:11,957 - [INFO] - Round  62,Testing accuracy: 59.46,Time:  11.74s
2024-05-08 13:29:11,958 - [INFO] - clients [0, 1, 2, 3, 4, 5, 6, 7, 8, 9] are selected
2024-05-08 13:29:12,078 - [INFO] - advertise keys finished
2024-05-08 13:29:12,078 - [INFO] - U_1 users: 0,1,2,3,4,5,6,7,8,9
2024-05-08 13:29:13,490 - [INFO] - share secret finished
2024-05-08 13:29:13,491 - [INFO] - U_2 users: 0,1,2,3,4,5,6,7,8,9
2024-05-08 13:29:21,623 - [INFO] - mask gradients finished
2024-05-08 13:29:23,057 - [INFO] - unmask gradients finished
2024-05-08 13:29:23,057 - [INFO] - U_3 users: 0,1,2,3,4,5,6,7,8,9
2024-05-08 13:29:24,109 - [INFO] - Round  63,Testing accuracy: 59.82,Time:  12.15s
2024-05-08 13:29:24,109 - [INFO] - clients [0, 1, 2, 3, 4, 5, 6, 7, 8, 9] are selected
2024-05-08 13:29:24,240 - [INFO] - advertise keys finished
2024-05-08 13:29:24,240 - [INFO] - U_1 users: 0,1,2,3,4,5,6,7,8,9
2024-05-08 13:29:25,702 - [INFO] - share secret finished
2024-05-08 13:29:25,702 - [INFO] - U_2 users: 0,1,2,3,4,5,6,7,8,9
2024-05-08 13:29:33,414 - [INFO] - mask gradients finished
2024-05-08 13:29:34,800 - [INFO] - unmask gradients finished
2024-05-08 13:29:34,800 - [INFO] - U_3 users: 0,1,2,3,4,5,6,7,8,9
2024-05-08 13:29:35,775 - [INFO] - Round  64,Testing accuracy: 60.21,Time:  11.67s
2024-05-08 13:29:35,775 - [INFO] - clients [0, 1, 2, 3, 4, 5, 6, 7, 8, 9] are selected
2024-05-08 13:29:35,895 - [INFO] - advertise keys finished
2024-05-08 13:29:35,895 - [INFO] - U_1 users: 0,1,2,3,4,5,6,7,8,9
2024-05-08 13:29:37,280 - [INFO] - share secret finished
2024-05-08 13:29:37,280 - [INFO] - U_2 users: 0,1,2,3,4,5,6,7,8,9
2024-05-08 13:29:45,122 - [INFO] - mask gradients finished
2024-05-08 13:29:46,558 - [INFO] - unmask gradients finished
2024-05-08 13:29:46,558 - [INFO] - U_3 users: 0,1,2,3,4,5,6,7,8,9
2024-05-08 13:29:47,608 - [INFO] - Round  65,Testing accuracy: 60.63,Time:  11.83s
2024-05-08 13:29:47,608 - [INFO] - clients [0, 1, 2, 3, 4, 5, 6, 7, 8, 9] are selected
2024-05-08 13:29:47,733 - [INFO] - advertise keys finished
2024-05-08 13:29:47,733 - [INFO] - U_1 users: 0,1,2,3,4,5,6,7,8,9
2024-05-08 13:29:49,151 - [INFO] - share secret finished
2024-05-08 13:29:49,151 - [INFO] - U_2 users: 0,1,2,3,4,5,6,7,8,9
2024-05-08 13:29:57,173 - [INFO] - mask gradients finished
2024-05-08 13:29:58,535 - [INFO] - unmask gradients finished
2024-05-08 13:29:58,535 - [INFO] - U_3 users: 0,1,2,3,4,5,6,7,8,9
2024-05-08 13:29:59,569 - [INFO] - Round  66,Testing accuracy: 60.99,Time:  11.96s
2024-05-08 13:29:59,569 - [INFO] - clients [0, 1, 2, 3, 4, 5, 6, 7, 8, 9] are selected
2024-05-08 13:29:59,696 - [INFO] - advertise keys finished
2024-05-08 13:29:59,696 - [INFO] - U_1 users: 0,1,2,3,4,5,6,7,8,9
2024-05-08 13:30:01,070 - [INFO] - share secret finished
2024-05-08 13:30:01,070 - [INFO] - U_2 users: 0,1,2,3,4,5,6,7,8,9
2024-05-08 13:30:08,801 - [INFO] - mask gradients finished
2024-05-08 13:30:10,161 - [INFO] - unmask gradients finished
2024-05-08 13:30:10,161 - [INFO] - U_3 users: 0,1,2,3,4,5,6,7,8,9
2024-05-08 13:30:11,175 - [INFO] - Round  67,Testing accuracy: 61.45,Time:  11.61s
2024-05-08 13:30:11,176 - [INFO] - clients [0, 1, 2, 3, 4, 5, 6, 7, 8, 9] are selected
2024-05-08 13:30:11,301 - [INFO] - advertise keys finished
2024-05-08 13:30:11,302 - [INFO] - U_1 users: 0,1,2,3,4,5,6,7,8,9
2024-05-08 13:30:12,694 - [INFO] - share secret finished
2024-05-08 13:30:12,694 - [INFO] - U_2 users: 0,1,2,3,4,5,6,7,8,9
2024-05-08 13:30:20,813 - [INFO] - mask gradients finished
2024-05-08 13:30:22,247 - [INFO] - unmask gradients finished
2024-05-08 13:30:22,247 - [INFO] - U_3 users: 0,1,2,3,4,5,6,7,8,9
2024-05-08 13:30:23,283 - [INFO] - Round  68,Testing accuracy: 61.80,Time:  12.11s
2024-05-08 13:30:23,283 - [INFO] - clients [0, 1, 2, 3, 4, 5, 6, 7, 8, 9] are selected
2024-05-08 13:30:23,410 - [INFO] - advertise keys finished
2024-05-08 13:30:23,411 - [INFO] - U_1 users: 0,1,2,3,4,5,6,7,8,9
2024-05-08 13:30:24,872 - [INFO] - share secret finished
2024-05-08 13:30:24,872 - [INFO] - U_2 users: 0,1,2,3,4,5,6,7,8,9
2024-05-08 13:30:32,696 - [INFO] - mask gradients finished
2024-05-08 13:30:34,058 - [INFO] - unmask gradients finished
2024-05-08 13:30:34,059 - [INFO] - U_3 users: 0,1,2,3,4,5,6,7,8,9
2024-05-08 13:30:35,053 - [INFO] - Round  69,Testing accuracy: 62.24,Time:  11.77s
2024-05-08 13:30:35,053 - [INFO] - clients [0, 1, 2, 3, 4, 5, 6, 7, 8, 9] are selected
2024-05-08 13:30:35,177 - [INFO] - advertise keys finished
2024-05-08 13:30:35,177 - [INFO] - U_1 users: 0,1,2,3,4,5,6,7,8,9
2024-05-08 13:30:36,542 - [INFO] - share secret finished
2024-05-08 13:30:36,542 - [INFO] - U_2 users: 0,1,2,3,4,5,6,7,8,9
2024-05-08 13:30:44,390 - [INFO] - mask gradients finished
2024-05-08 13:30:45,826 - [INFO] - unmask gradients finished
2024-05-08 13:30:45,826 - [INFO] - U_3 users: 0,1,2,3,4,5,6,7,8,9
2024-05-08 13:30:46,884 - [INFO] - Round  70,Testing accuracy: 62.56,Time:  11.83s
2024-05-08 13:30:46,884 - [INFO] - clients [0, 1, 2, 3, 4, 5, 6, 7, 8, 9] are selected
2024-05-08 13:30:47,007 - [INFO] - advertise keys finished
2024-05-08 13:30:47,007 - [INFO] - U_1 users: 0,1,2,3,4,5,6,7,8,9
2024-05-08 13:30:48,434 - [INFO] - share secret finished
2024-05-08 13:30:48,435 - [INFO] - U_2 users: 0,1,2,3,4,5,6,7,8,9
2024-05-08 13:30:56,486 - [INFO] - mask gradients finished
2024-05-08 13:30:57,878 - [INFO] - unmask gradients finished
2024-05-08 13:30:57,879 - [INFO] - U_3 users: 0,1,2,3,4,5,6,7,8,9
2024-05-08 13:30:58,855 - [INFO] - Round  71,Testing accuracy: 63.00,Time:  11.97s
2024-05-08 13:30:58,855 - [INFO] - clients [0, 1, 2, 3, 4, 5, 6, 7, 8, 9] are selected
2024-05-08 13:30:58,977 - [INFO] - advertise keys finished
2024-05-08 13:30:58,977 - [INFO] - U_1 users: 0,1,2,3,4,5,6,7,8,9
2024-05-08 13:31:00,366 - [INFO] - share secret finished
2024-05-08 13:31:00,366 - [INFO] - U_2 users: 0,1,2,3,4,5,6,7,8,9
2024-05-08 13:31:08,088 - [INFO] - mask gradients finished
2024-05-08 13:31:09,482 - [INFO] - unmask gradients finished
2024-05-08 13:31:09,482 - [INFO] - U_3 users: 0,1,2,3,4,5,6,7,8,9
2024-05-08 13:31:10,481 - [INFO] - Round  72,Testing accuracy: 63.37,Time:  11.63s
2024-05-08 13:31:10,482 - [INFO] - clients [0, 1, 2, 3, 4, 5, 6, 7, 8, 9] are selected
2024-05-08 13:31:10,603 - [INFO] - advertise keys finished
2024-05-08 13:31:10,603 - [INFO] - U_1 users: 0,1,2,3,4,5,6,7,8,9
2024-05-08 13:31:11,989 - [INFO] - share secret finished
2024-05-08 13:31:11,989 - [INFO] - U_2 users: 0,1,2,3,4,5,6,7,8,9
2024-05-08 13:31:19,924 - [INFO] - mask gradients finished
2024-05-08 13:31:21,363 - [INFO] - unmask gradients finished
2024-05-08 13:31:21,363 - [INFO] - U_3 users: 0,1,2,3,4,5,6,7,8,9
2024-05-08 13:31:22,398 - [INFO] - Round  73,Testing accuracy: 63.78,Time:  11.92s
2024-05-08 13:31:22,398 - [INFO] - clients [0, 1, 2, 3, 4, 5, 6, 7, 8, 9] are selected
2024-05-08 13:31:22,524 - [INFO] - advertise keys finished
2024-05-08 13:31:22,524 - [INFO] - U_1 users: 0,1,2,3,4,5,6,7,8,9
2024-05-08 13:31:24,027 - [INFO] - share secret finished
2024-05-08 13:31:24,027 - [INFO] - U_2 users: 0,1,2,3,4,5,6,7,8,9
2024-05-08 13:31:32,107 - [INFO] - mask gradients finished
2024-05-08 13:31:33,482 - [INFO] - unmask gradients finished
2024-05-08 13:31:33,482 - [INFO] - U_3 users: 0,1,2,3,4,5,6,7,8,9
2024-05-08 13:31:34,504 - [INFO] - Round  74,Testing accuracy: 64.08,Time:  12.11s
2024-05-08 13:31:34,504 - [INFO] - clients [0, 1, 2, 3, 4, 5, 6, 7, 8, 9] are selected
2024-05-08 13:31:34,627 - [INFO] - advertise keys finished
2024-05-08 13:31:34,627 - [INFO] - U_1 users: 0,1,2,3,4,5,6,7,8,9
2024-05-08 13:31:36,001 - [INFO] - share secret finished
2024-05-08 13:31:36,001 - [INFO] - U_2 users: 0,1,2,3,4,5,6,7,8,9
2024-05-08 13:31:43,636 - [INFO] - mask gradients finished
2024-05-08 13:31:45,066 - [INFO] - unmask gradients finished
2024-05-08 13:31:45,066 - [INFO] - U_3 users: 0,1,2,3,4,5,6,7,8,9
2024-05-08 13:31:46,107 - [INFO] - Round  75,Testing accuracy: 64.42,Time:  11.60s
2024-05-08 13:31:46,107 - [INFO] - clients [0, 1, 2, 3, 4, 5, 6, 7, 8, 9] are selected
2024-05-08 13:31:46,230 - [INFO] - advertise keys finished
2024-05-08 13:31:46,230 - [INFO] - U_1 users: 0,1,2,3,4,5,6,7,8,9
2024-05-08 13:31:47,656 - [INFO] - share secret finished
2024-05-08 13:31:47,656 - [INFO] - U_2 users: 0,1,2,3,4,5,6,7,8,9
2024-05-08 13:31:55,787 - [INFO] - mask gradients finished
2024-05-08 13:31:57,213 - [INFO] - unmask gradients finished
2024-05-08 13:31:57,213 - [INFO] - U_3 users: 0,1,2,3,4,5,6,7,8,9
2024-05-08 13:31:58,226 - [INFO] - Round  76,Testing accuracy: 64.82,Time:  12.12s
2024-05-08 13:31:58,226 - [INFO] - clients [0, 1, 2, 3, 4, 5, 6, 7, 8, 9] are selected
2024-05-08 13:31:58,350 - [INFO] - advertise keys finished
2024-05-08 13:31:58,350 - [INFO] - U_1 users: 0,1,2,3,4,5,6,7,8,9
2024-05-08 13:31:59,728 - [INFO] - share secret finished
2024-05-08 13:31:59,728 - [INFO] - U_2 users: 0,1,2,3,4,5,6,7,8,9
2024-05-08 13:32:07,449 - [INFO] - mask gradients finished
2024-05-08 13:32:08,832 - [INFO] - unmask gradients finished
2024-05-08 13:32:08,832 - [INFO] - U_3 users: 0,1,2,3,4,5,6,7,8,9
2024-05-08 13:32:09,835 - [INFO] - Round  77,Testing accuracy: 65.08,Time:  11.61s
2024-05-08 13:32:09,835 - [INFO] - clients [0, 1, 2, 3, 4, 5, 6, 7, 8, 9] are selected
2024-05-08 13:32:09,955 - [INFO] - advertise keys finished
2024-05-08 13:32:09,956 - [INFO] - U_1 users: 0,1,2,3,4,5,6,7,8,9
2024-05-08 13:32:11,324 - [INFO] - share secret finished
2024-05-08 13:32:11,325 - [INFO] - U_2 users: 0,1,2,3,4,5,6,7,8,9
2024-05-08 13:32:19,287 - [INFO] - mask gradients finished
2024-05-08 13:32:20,714 - [INFO] - unmask gradients finished
2024-05-08 13:32:20,714 - [INFO] - U_3 users: 0,1,2,3,4,5,6,7,8,9
2024-05-08 13:32:21,783 - [INFO] - Round  78,Testing accuracy: 65.36,Time:  11.95s
2024-05-08 13:32:21,784 - [INFO] - clients [0, 1, 2, 3, 4, 5, 6, 7, 8, 9] are selected
2024-05-08 13:32:21,906 - [INFO] - advertise keys finished
2024-05-08 13:32:21,906 - [INFO] - U_1 users: 0,1,2,3,4,5,6,7,8,9
2024-05-08 13:32:23,333 - [INFO] - share secret finished
2024-05-08 13:32:23,333 - [INFO] - U_2 users: 0,1,2,3,4,5,6,7,8,9
2024-05-08 13:32:31,239 - [INFO] - mask gradients finished
2024-05-08 13:32:32,625 - [INFO] - unmask gradients finished
2024-05-08 13:32:32,625 - [INFO] - U_3 users: 0,1,2,3,4,5,6,7,8,9
2024-05-08 13:32:33,640 - [INFO] - Round  79,Testing accuracy: 65.59,Time:  11.86s
2024-05-08 13:32:33,640 - [INFO] - clients [0, 1, 2, 3, 4, 5, 6, 7, 8, 9] are selected
2024-05-08 13:32:33,762 - [INFO] - advertise keys finished
2024-05-08 13:32:33,762 - [INFO] - U_1 users: 0,1,2,3,4,5,6,7,8,9
2024-05-08 13:32:35,123 - [INFO] - share secret finished
2024-05-08 13:32:35,123 - [INFO] - U_2 users: 0,1,2,3,4,5,6,7,8,9
2024-05-08 13:32:42,777 - [INFO] - mask gradients finished
2024-05-08 13:32:44,169 - [INFO] - unmask gradients finished
2024-05-08 13:32:44,169 - [INFO] - U_3 users: 0,1,2,3,4,5,6,7,8,9
2024-05-08 13:32:45,244 - [INFO] - Round  80,Testing accuracy: 65.93,Time:  11.60s
2024-05-08 13:32:45,244 - [INFO] - clients [0, 1, 2, 3, 4, 5, 6, 7, 8, 9] are selected
2024-05-08 13:32:45,379 - [INFO] - advertise keys finished
2024-05-08 13:32:45,379 - [INFO] - U_1 users: 0,1,2,3,4,5,6,7,8,9
2024-05-08 13:32:46,846 - [INFO] - share secret finished
2024-05-08 13:32:46,846 - [INFO] - U_2 users: 0,1,2,3,4,5,6,7,8,9
2024-05-08 13:32:54,906 - [INFO] - mask gradients finished
2024-05-08 13:32:56,326 - [INFO] - unmask gradients finished
2024-05-08 13:32:56,326 - [INFO] - U_3 users: 0,1,2,3,4,5,6,7,8,9
2024-05-08 13:32:57,469 - [INFO] - Round  81,Testing accuracy: 66.21,Time:  12.22s
2024-05-08 13:32:57,469 - [INFO] - clients [0, 1, 2, 3, 4, 5, 6, 7, 8, 9] are selected
2024-05-08 13:32:57,591 - [INFO] - advertise keys finished
2024-05-08 13:32:57,591 - [INFO] - U_1 users: 0,1,2,3,4,5,6,7,8,9
2024-05-08 13:32:58,990 - [INFO] - share secret finished
2024-05-08 13:32:58,990 - [INFO] - U_2 users: 0,1,2,3,4,5,6,7,8,9
2024-05-08 13:33:06,729 - [INFO] - mask gradients finished
2024-05-08 13:33:08,117 - [INFO] - unmask gradients finished
2024-05-08 13:33:08,117 - [INFO] - U_3 users: 0,1,2,3,4,5,6,7,8,9
2024-05-08 13:33:09,181 - [INFO] - Round  82,Testing accuracy: 66.46,Time:  11.71s
2024-05-08 13:33:09,182 - [INFO] - clients [0, 1, 2, 3, 4, 5, 6, 7, 8, 9] are selected
2024-05-08 13:33:09,301 - [INFO] - advertise keys finished
2024-05-08 13:33:09,301 - [INFO] - U_1 users: 0,1,2,3,4,5,6,7,8,9
2024-05-08 13:33:10,678 - [INFO] - share secret finished
2024-05-08 13:33:10,678 - [INFO] - U_2 users: 0,1,2,3,4,5,6,7,8,9
2024-05-08 13:33:18,564 - [INFO] - mask gradients finished
2024-05-08 13:33:19,980 - [INFO] - unmask gradients finished
2024-05-08 13:33:19,981 - [INFO] - U_3 users: 0,1,2,3,4,5,6,7,8,9
2024-05-08 13:33:21,078 - [INFO] - Round  83,Testing accuracy: 66.73,Time:  11.90s
2024-05-08 13:33:21,078 - [INFO] - clients [0, 1, 2, 3, 4, 5, 6, 7, 8, 9] are selected
2024-05-08 13:33:21,205 - [INFO] - advertise keys finished
2024-05-08 13:33:21,205 - [INFO] - U_1 users: 0,1,2,3,4,5,6,7,8,9
2024-05-08 13:33:22,642 - [INFO] - share secret finished
2024-05-08 13:33:22,642 - [INFO] - U_2 users: 0,1,2,3,4,5,6,7,8,9
2024-05-08 13:33:30,584 - [INFO] - mask gradients finished
2024-05-08 13:33:31,970 - [INFO] - unmask gradients finished
2024-05-08 13:33:31,970 - [INFO] - U_3 users: 0,1,2,3,4,5,6,7,8,9
2024-05-08 13:33:32,984 - [INFO] - Round  84,Testing accuracy: 66.89,Time:  11.91s
2024-05-08 13:33:32,985 - [INFO] - clients [0, 1, 2, 3, 4, 5, 6, 7, 8, 9] are selected
2024-05-08 13:33:33,110 - [INFO] - advertise keys finished
2024-05-08 13:33:33,110 - [INFO] - U_1 users: 0,1,2,3,4,5,6,7,8,9
2024-05-08 13:33:34,531 - [INFO] - share secret finished
2024-05-08 13:33:34,531 - [INFO] - U_2 users: 0,1,2,3,4,5,6,7,8,9
2024-05-08 13:33:42,224 - [INFO] - mask gradients finished
2024-05-08 13:33:43,596 - [INFO] - unmask gradients finished
2024-05-08 13:33:43,596 - [INFO] - U_3 users: 0,1,2,3,4,5,6,7,8,9
2024-05-08 13:33:44,608 - [INFO] - Round  85,Testing accuracy: 67.03,Time:  11.62s
2024-05-08 13:33:44,609 - [INFO] - clients [0, 1, 2, 3, 4, 5, 6, 7, 8, 9] are selected
2024-05-08 13:33:44,731 - [INFO] - advertise keys finished
2024-05-08 13:33:44,731 - [INFO] - U_1 users: 0,1,2,3,4,5,6,7,8,9
2024-05-08 13:33:46,207 - [INFO] - share secret finished
2024-05-08 13:33:46,207 - [INFO] - U_2 users: 0,1,2,3,4,5,6,7,8,9
2024-05-08 13:33:54,338 - [INFO] - mask gradients finished
2024-05-08 13:33:55,764 - [INFO] - unmask gradients finished
2024-05-08 13:33:55,765 - [INFO] - U_3 users: 0,1,2,3,4,5,6,7,8,9
2024-05-08 13:33:56,811 - [INFO] - Round  86,Testing accuracy: 67.09,Time:  12.20s
2024-05-08 13:33:56,811 - [INFO] - clients [0, 1, 2, 3, 4, 5, 6, 7, 8, 9] are selected
2024-05-08 13:33:56,938 - [INFO] - advertise keys finished
2024-05-08 13:33:56,938 - [INFO] - U_1 users: 0,1,2,3,4,5,6,7,8,9
2024-05-08 13:33:58,354 - [INFO] - share secret finished
2024-05-08 13:33:58,354 - [INFO] - U_2 users: 0,1,2,3,4,5,6,7,8,9
2024-05-08 13:34:06,210 - [INFO] - mask gradients finished
2024-05-08 13:34:07,603 - [INFO] - unmask gradients finished
2024-05-08 13:34:07,603 - [INFO] - U_3 users: 0,1,2,3,4,5,6,7,8,9
2024-05-08 13:34:08,587 - [INFO] - Round  87,Testing accuracy: 67.24,Time:  11.78s
2024-05-08 13:34:08,587 - [INFO] - clients [0, 1, 2, 3, 4, 5, 6, 7, 8, 9] are selected
2024-05-08 13:34:08,710 - [INFO] - advertise keys finished
2024-05-08 13:34:08,710 - [INFO] - U_1 users: 0,1,2,3,4,5,6,7,8,9
2024-05-08 13:34:10,076 - [INFO] - share secret finished
2024-05-08 13:34:10,076 - [INFO] - U_2 users: 0,1,2,3,4,5,6,7,8,9
2024-05-08 13:34:17,800 - [INFO] - mask gradients finished
2024-05-08 13:34:19,218 - [INFO] - unmask gradients finished
2024-05-08 13:34:19,218 - [INFO] - U_3 users: 0,1,2,3,4,5,6,7,8,9
2024-05-08 13:34:20,266 - [INFO] - Round  88,Testing accuracy: 67.38,Time:  11.68s
2024-05-08 13:34:20,267 - [INFO] - clients [0, 1, 2, 3, 4, 5, 6, 7, 8, 9] are selected
2024-05-08 13:34:20,398 - [INFO] - advertise keys finished
2024-05-08 13:34:20,398 - [INFO] - U_1 users: 0,1,2,3,4,5,6,7,8,9
2024-05-08 13:34:21,836 - [INFO] - share secret finished
2024-05-08 13:34:21,836 - [INFO] - U_2 users: 0,1,2,3,4,5,6,7,8,9
2024-05-08 13:34:29,874 - [INFO] - mask gradients finished
2024-05-08 13:34:31,254 - [INFO] - unmask gradients finished
2024-05-08 13:34:31,254 - [INFO] - U_3 users: 0,1,2,3,4,5,6,7,8,9
2024-05-08 13:34:32,256 - [INFO] - Round  89,Testing accuracy: 67.54,Time:  11.99s
2024-05-08 13:34:32,256 - [INFO] - clients [0, 1, 2, 3, 4, 5, 6, 7, 8, 9] are selected
2024-05-08 13:34:32,376 - [INFO] - advertise keys finished
2024-05-08 13:34:32,376 - [INFO] - U_1 users: 0,1,2,3,4,5,6,7,8,9
2024-05-08 13:34:33,754 - [INFO] - share secret finished
2024-05-08 13:34:33,754 - [INFO] - U_2 users: 0,1,2,3,4,5,6,7,8,9
2024-05-08 13:34:41,477 - [INFO] - mask gradients finished
2024-05-08 13:34:42,865 - [INFO] - unmask gradients finished
2024-05-08 13:34:42,866 - [INFO] - U_3 users: 0,1,2,3,4,5,6,7,8,9
2024-05-08 13:34:43,868 - [INFO] - Round  90,Testing accuracy: 67.65,Time:  11.61s
2024-05-08 13:34:43,868 - [INFO] - clients [0, 1, 2, 3, 4, 5, 6, 7, 8, 9] are selected
2024-05-08 13:34:43,989 - [INFO] - advertise keys finished
2024-05-08 13:34:43,989 - [INFO] - U_1 users: 0,1,2,3,4,5,6,7,8,9
2024-05-08 13:34:45,387 - [INFO] - share secret finished
2024-05-08 13:34:45,387 - [INFO] - U_2 users: 0,1,2,3,4,5,6,7,8,9
2024-05-08 13:34:53,671 - [INFO] - mask gradients finished
2024-05-08 13:34:55,095 - [INFO] - unmask gradients finished
2024-05-08 13:34:55,096 - [INFO] - U_3 users: 0,1,2,3,4,5,6,7,8,9
2024-05-08 13:34:56,151 - [INFO] - Round  91,Testing accuracy: 67.91,Time:  12.28s
2024-05-08 13:34:56,151 - [INFO] - clients [0, 1, 2, 3, 4, 5, 6, 7, 8, 9] are selected
2024-05-08 13:34:56,280 - [INFO] - advertise keys finished
2024-05-08 13:34:56,280 - [INFO] - U_1 users: 0,1,2,3,4,5,6,7,8,9
2024-05-08 13:34:57,725 - [INFO] - share secret finished
2024-05-08 13:34:57,725 - [INFO] - U_2 users: 0,1,2,3,4,5,6,7,8,9
2024-05-08 13:35:05,601 - [INFO] - mask gradients finished
2024-05-08 13:35:06,971 - [INFO] - unmask gradients finished
2024-05-08 13:35:06,972 - [INFO] - U_3 users: 0,1,2,3,4,5,6,7,8,9
2024-05-08 13:35:07,967 - [INFO] - Round  92,Testing accuracy: 68.11,Time:  11.82s
2024-05-08 13:35:07,967 - [INFO] - clients [0, 1, 2, 3, 4, 5, 6, 7, 8, 9] are selected
2024-05-08 13:35:08,089 - [INFO] - advertise keys finished
2024-05-08 13:35:08,089 - [INFO] - U_1 users: 0,1,2,3,4,5,6,7,8,9
2024-05-08 13:35:09,452 - [INFO] - share secret finished
2024-05-08 13:35:09,452 - [INFO] - U_2 users: 0,1,2,3,4,5,6,7,8,9
2024-05-08 13:35:17,158 - [INFO] - mask gradients finished
2024-05-08 13:35:18,588 - [INFO] - unmask gradients finished
2024-05-08 13:35:18,588 - [INFO] - U_3 users: 0,1,2,3,4,5,6,7,8,9
2024-05-08 13:35:19,612 - [INFO] - Round  93,Testing accuracy: 68.32,Time:  11.64s
2024-05-08 13:35:19,612 - [INFO] - clients [0, 1, 2, 3, 4, 5, 6, 7, 8, 9] are selected
2024-05-08 13:35:19,738 - [INFO] - advertise keys finished
2024-05-08 13:35:19,738 - [INFO] - U_1 users: 0,1,2,3,4,5,6,7,8,9
2024-05-08 13:35:21,172 - [INFO] - share secret finished
2024-05-08 13:35:21,172 - [INFO] - U_2 users: 0,1,2,3,4,5,6,7,8,9
2024-05-08 13:35:30,553 - [INFO] - mask gradients finished
2024-05-08 13:35:32,234 - [INFO] - unmask gradients finished
2024-05-08 13:35:32,234 - [INFO] - U_3 users: 0,1,2,3,4,5,6,7,8,9
2024-05-08 13:35:33,514 - [INFO] - Round  94,Testing accuracy: 68.53,Time:  13.90s
2024-05-08 13:35:33,514 - [INFO] - clients [0, 1, 2, 3, 4, 5, 6, 7, 8, 9] are selected
2024-05-08 13:35:33,658 - [INFO] - advertise keys finished
2024-05-08 13:35:33,658 - [INFO] - U_1 users: 0,1,2,3,4,5,6,7,8,9
2024-05-08 13:35:35,257 - [INFO] - share secret finished
2024-05-08 13:35:35,257 - [INFO] - U_2 users: 0,1,2,3,4,5,6,7,8,9
2024-05-08 13:35:44,796 - [INFO] - mask gradients finished
2024-05-08 13:35:46,400 - [INFO] - unmask gradients finished
2024-05-08 13:35:46,400 - [INFO] - U_3 users: 0,1,2,3,4,5,6,7,8,9
2024-05-08 13:35:47,572 - [INFO] - Round  95,Testing accuracy: 68.69,Time:  14.06s
2024-05-08 13:35:47,572 - [INFO] - clients [0, 1, 2, 3, 4, 5, 6, 7, 8, 9] are selected
2024-05-08 13:35:47,712 - [INFO] - advertise keys finished
2024-05-08 13:35:47,712 - [INFO] - U_1 users: 0,1,2,3,4,5,6,7,8,9
2024-05-08 13:35:49,319 - [INFO] - share secret finished
2024-05-08 13:35:49,319 - [INFO] - U_2 users: 0,1,2,3,4,5,6,7,8,9
2024-05-08 13:35:58,806 - [INFO] - mask gradients finished
2024-05-08 13:36:00,459 - [INFO] - unmask gradients finished
2024-05-08 13:36:00,459 - [INFO] - U_3 users: 0,1,2,3,4,5,6,7,8,9
2024-05-08 13:36:01,726 - [INFO] - Round  96,Testing accuracy: 68.80,Time:  14.15s
2024-05-08 13:36:01,726 - [INFO] - clients [0, 1, 2, 3, 4, 5, 6, 7, 8, 9] are selected
2024-05-08 13:36:01,869 - [INFO] - advertise keys finished
2024-05-08 13:36:01,869 - [INFO] - U_1 users: 0,1,2,3,4,5,6,7,8,9
2024-05-08 13:36:03,506 - [INFO] - share secret finished
2024-05-08 13:36:03,506 - [INFO] - U_2 users: 0,1,2,3,4,5,6,7,8,9
2024-05-08 13:36:13,033 - [INFO] - mask gradients finished
2024-05-08 13:36:14,564 - [INFO] - unmask gradients finished
2024-05-08 13:36:14,564 - [INFO] - U_3 users: 0,1,2,3,4,5,6,7,8,9
2024-05-08 13:36:15,810 - [INFO] - Round  97,Testing accuracy: 68.97,Time:  14.08s
2024-05-08 13:36:15,810 - [INFO] - clients [0, 1, 2, 3, 4, 5, 6, 7, 8, 9] are selected
2024-05-08 13:36:15,953 - [INFO] - advertise keys finished
2024-05-08 13:36:15,953 - [INFO] - U_1 users: 0,1,2,3,4,5,6,7,8,9
2024-05-08 13:36:17,563 - [INFO] - share secret finished
2024-05-08 13:36:17,563 - [INFO] - U_2 users: 0,1,2,3,4,5,6,7,8,9
2024-05-08 13:36:26,793 - [INFO] - mask gradients finished
2024-05-08 13:36:28,347 - [INFO] - unmask gradients finished
2024-05-08 13:36:28,347 - [INFO] - U_3 users: 0,1,2,3,4,5,6,7,8,9
2024-05-08 13:36:29,473 - [INFO] - Round  98,Testing accuracy: 69.11,Time:  13.66s
2024-05-08 13:36:29,473 - [INFO] - clients [0, 1, 2, 3, 4, 5, 6, 7, 8, 9] are selected
2024-05-08 13:36:29,600 - [INFO] - advertise keys finished
2024-05-08 13:36:29,600 - [INFO] - U_1 users: 0,1,2,3,4,5,6,7,8,9
2024-05-08 13:36:31,131 - [INFO] - share secret finished
2024-05-08 13:36:31,131 - [INFO] - U_2 users: 0,1,2,3,4,5,6,7,8,9
2024-05-08 13:36:39,831 - [INFO] - mask gradients finished
2024-05-08 13:36:41,372 - [INFO] - unmask gradients finished
2024-05-08 13:36:41,372 - [INFO] - U_3 users: 0,1,2,3,4,5,6,7,8,9
2024-05-08 13:36:42,486 - [INFO] - Round  99,Testing accuracy: 69.25,Time:  13.01s
2024-05-14 14:52:01,454 - [INFO] - dataset [mnist] is loaded
2024-05-14 14:52:01,462 - [INFO] - model [mlp] is built
2024-05-14 14:52:01,462 - [INFO] - dp mechanism [no_dp] is set
2024-05-14 14:52:01,462 - [INFO] - The server has been initialized
2024-05-14 14:52:03,270 - [INFO] - The clients[10] have been initialized
2024-05-14 14:52:03,271 - [INFO] - protocal [SecAgg] start
2024-05-14 14:52:03,272 - [INFO] - clients [0, 1, 2, 3, 4, 5, 6, 7, 8, 9] are selected
2024-05-14 14:52:03,555 - [INFO] - advertise keys finished
2024-05-14 14:52:03,556 - [INFO] - U_1 users: 0,1,2,3,4,5,6,7,8,9
2024-05-14 14:52:06,653 - [INFO] - share secret finished
2024-05-14 14:52:06,653 - [INFO] - U_2 users: 0,1,2,3,4,5,6,7,8,9
2024-05-14 14:52:25,502 - [INFO] - mask gradients finished
2024-05-14 14:52:44,506 - [INFO] - dataset [mnist] is loaded
2024-05-14 14:52:44,508 - [INFO] - model [mlp] is built
2024-05-14 14:52:44,508 - [INFO] - dp mechanism [no_dp] is set
2024-05-14 14:52:44,509 - [INFO] - The server has been initialized
2024-05-14 14:52:46,807 - [INFO] - The clients[10] have been initialized
2024-05-14 14:52:46,807 - [INFO] - protocal [SecAgg] start
2024-05-14 14:52:46,808 - [INFO] - clients [0, 1, 2, 3, 4, 5, 6, 7, 8, 9] are selected
2024-05-14 14:52:47,084 - [INFO] - advertise keys finished
2024-05-14 14:52:47,085 - [INFO] - U_1 users: 0,1,2,3,4,5,6,7,8,9
2024-05-14 14:52:50,285 - [INFO] - share secret finished
2024-05-14 14:52:50,285 - [INFO] - U_2 users: 0,1,2,3,4,5,6,7,8,9
2024-05-14 14:53:09,693 - [INFO] - mask gradients finished
2024-05-14 14:53:12,968 - [INFO] - unmask gradients finished
2024-05-14 14:53:12,969 - [INFO] - U_3 users: 2,8,9,1,3,5,7,6,4,0
2024-05-14 14:53:15,565 - [INFO] - Round   0,Testing accuracy: 12.87,Time:  28.76s
2024-05-14 14:53:15,566 - [INFO] - clients [0, 1, 2, 3, 4, 5, 6, 7, 8, 9] are selected
2024-05-14 14:53:15,839 - [INFO] - advertise keys finished
2024-05-14 14:53:15,839 - [INFO] - U_1 users: 0,1,2,3,4,5,6,7,8,9
2024-05-14 14:53:19,110 - [INFO] - share secret finished
2024-05-14 14:53:19,111 - [INFO] - U_2 users: 0,1,2,3,4,5,6,7,8,9
2024-05-14 14:53:43,023 - [INFO] - dataset [mnist] is loaded
2024-05-14 14:53:43,025 - [INFO] - model [mlp] is built
2024-05-14 14:53:43,026 - [INFO] - dp mechanism [no_dp] is set
2024-05-14 14:53:43,026 - [INFO] - The server has been initialized
2024-05-14 14:53:44,575 - [INFO] - The clients[10] have been initialized
2024-05-14 14:53:44,577 - [INFO] - protocal [SecAgg] start
2024-05-14 14:53:44,578 - [INFO] - clients [0, 1, 2, 3, 4, 5, 6, 7, 8, 9] are selected
2024-05-14 14:53:44,871 - [INFO] - advertise keys finished
2024-05-14 14:53:44,871 - [INFO] - U_1 users: 0,1,2,3,4,5,6,7,8,9
2024-05-14 14:53:48,062 - [INFO] - share secret finished
2024-05-14 14:53:48,062 - [INFO] - U_2 users: 0,1,2,3,4,5,6,7,8,9
2024-05-14 14:54:07,752 - [INFO] - mask gradients finished
2024-05-14 14:54:45,771 - [INFO] - dataset [mnist] is loaded
2024-05-14 14:54:45,773 - [INFO] - model [mlp] is built
2024-05-14 14:54:45,774 - [INFO] - dp mechanism [no_dp] is set
2024-05-14 14:54:45,775 - [INFO] - The server has been initialized
2024-05-14 14:54:47,236 - [INFO] - The clients[10] have been initialized
2024-05-14 14:54:47,237 - [INFO] - protocal [SecAgg] start
2024-05-14 14:54:47,237 - [INFO] - clients [0, 1, 2, 3, 4, 5, 6, 7, 8, 9] are selected
2024-05-14 14:54:47,510 - [INFO] - advertise keys finished
2024-05-14 14:54:47,510 - [INFO] - U_1 users: 0,1,2,3,4,5,6,7,8,9
2024-05-14 14:54:50,692 - [INFO] - share secret finished
2024-05-14 14:54:50,692 - [INFO] - U_2 users: 0,1,2,3,4,5,6,7,8,9
2024-05-14 14:55:09,359 - [INFO] - mask gradients finished
2024-05-14 14:55:21,306 - [INFO] - dataset [mnist] is loaded
2024-05-14 14:55:21,309 - [INFO] - model [mlp] is built
2024-05-14 14:55:21,310 - [INFO] - dp mechanism [no_dp] is set
2024-05-14 14:55:21,310 - [INFO] - The server has been initialized
2024-05-14 14:55:22,804 - [INFO] - The clients[10] have been initialized
2024-05-14 14:55:22,804 - [INFO] - protocal [SecAgg] start
2024-05-14 14:55:22,805 - [INFO] - clients [0, 1, 2, 3, 4, 5, 6, 7, 8, 9] are selected
2024-05-14 14:55:23,080 - [INFO] - advertise keys finished
2024-05-14 14:55:23,080 - [INFO] - U_1 users: 0,1,2,3,4,5,6,7,8,9
2024-05-14 14:55:26,348 - [INFO] - share secret finished
2024-05-14 14:55:26,349 - [INFO] - U_2 users: 0,1,2,3,4,5,6,7,8,9
2024-05-14 14:55:44,664 - [INFO] - mask gradients finished
2024-05-14 14:56:36,520 - [INFO] - dataset [mnist] is loaded
2024-05-14 14:56:36,522 - [INFO] - model [mlp] is built
2024-05-14 14:56:36,523 - [INFO] - dp mechanism [no_dp] is set
2024-05-14 14:56:36,523 - [INFO] - The server has been initialized
2024-05-14 14:56:38,797 - [INFO] - The clients[10] have been initialized
2024-05-14 14:56:38,798 - [INFO] - protocal [SecAgg] start
2024-05-14 14:56:38,798 - [INFO] - clients [0, 1, 2, 3, 4, 5, 6, 7, 8, 9] are selected
2024-05-14 14:56:39,106 - [INFO] - advertise keys finished
2024-05-14 14:56:39,106 - [INFO] - U_1 users: 0,1,2,3,4,5,6,7,8,9
2024-05-14 14:56:42,327 - [INFO] - share secret finished
2024-05-14 14:56:42,327 - [INFO] - U_2 users: 0,1,2,3,4,5,6,7,8,9
2024-05-14 14:57:01,210 - [INFO] - mask gradients finished
2024-05-14 14:58:24,569 - [INFO] - dataset [mnist] is loaded
2024-05-14 14:58:24,572 - [INFO] - model [mlp] is built
2024-05-14 14:58:24,572 - [INFO] - dp mechanism [no_dp] is set
2024-05-14 14:58:24,572 - [INFO] - The server has been initialized
2024-05-14 14:58:26,294 - [INFO] - The clients[10] have been initialized
2024-05-14 14:58:26,295 - [INFO] - protocal [SecAgg] start
2024-05-14 14:58:26,296 - [INFO] - clients [0, 1, 2, 3, 4, 5, 6, 7, 8, 9] are selected
2024-05-14 14:58:26,567 - [INFO] - advertise keys finished
2024-05-14 14:58:26,568 - [INFO] - U_1 users: 0,1,2,3,4,5,6,7,8,9
2024-05-14 14:58:29,729 - [INFO] - share secret finished
2024-05-14 14:58:29,730 - [INFO] - U_2 users: 0,1,2,3,4,5,6,7,8,9
2024-05-14 14:58:49,075 - [INFO] - mask gradients finished
2024-05-14 15:01:08,524 - [INFO] - dataset [mnist] is loaded
2024-05-14 15:01:08,526 - [INFO] - model [mlp] is built
2024-05-14 15:01:08,526 - [INFO] - dp mechanism [no_dp] is set
2024-05-14 15:01:08,527 - [INFO] - The server has been initialized
2024-05-14 15:01:09,773 - [INFO] - The clients[10] have been initialized
2024-05-14 15:01:09,774 - [INFO] - protocal [SecAgg] start
2024-05-14 15:01:09,774 - [INFO] - clients [0, 1, 2, 3, 4, 5, 6, 7, 8, 9] are selected
2024-05-14 15:01:10,070 - [INFO] - advertise keys finished
2024-05-14 15:01:10,070 - [INFO] - U_1 users: 0,1,2,3,4,5,6,7,8,9
2024-05-14 15:01:13,328 - [INFO] - share secret finished
2024-05-14 15:01:13,328 - [INFO] - U_2 users: 0,1,2,3,4,5,6,7,8,9
2024-05-14 15:01:32,745 - [INFO] - mask gradients finished
2024-05-14 15:03:20,945 - [INFO] - dataset [mnist] is loaded
2024-05-14 15:03:20,947 - [INFO] - model [mlp] is built
2024-05-14 15:03:20,948 - [INFO] - dp mechanism [no_dp] is set
2024-05-14 15:03:20,948 - [INFO] - The server has been initialized
2024-05-14 15:03:22,651 - [INFO] - The clients[10] have been initialized
2024-05-14 15:03:22,652 - [INFO] - protocal [SecAgg] start
2024-05-14 15:03:22,657 - [INFO] - clients [0, 1, 2, 3, 4, 5, 6, 7, 8, 9] are selected
2024-05-14 15:03:22,942 - [INFO] - advertise keys finished
2024-05-14 15:03:22,943 - [INFO] - U_1 users: 0,1,2,3,4,5,6,7,8,9
2024-05-14 15:03:26,184 - [INFO] - share secret finished
2024-05-14 15:03:26,184 - [INFO] - U_2 users: 0,1,2,3,4,5,6,7,8,9
2024-05-14 15:03:45,780 - [INFO] - mask gradients finished
2024-05-14 15:05:00,767 - [INFO] - dataset [mnist] is loaded
2024-05-14 15:05:00,769 - [INFO] - model [mlp] is built
2024-05-14 15:05:00,770 - [INFO] - dp mechanism [no_dp] is set
2024-05-14 15:05:00,770 - [INFO] - The server has been initialized
2024-05-14 15:05:02,344 - [INFO] - The clients[10] have been initialized
2024-05-14 15:05:02,344 - [INFO] - protocal [SecAgg] start
2024-05-14 15:05:02,344 - [INFO] - clients [0, 1, 2, 3, 4, 5, 6, 7, 8, 9] are selected
2024-05-14 15:05:02,623 - [INFO] - advertise keys finished
2024-05-14 15:05:02,623 - [INFO] - U_1 users: 0,1,2,3,4,5,6,7,8,9
2024-05-14 15:05:05,794 - [INFO] - share secret finished
2024-05-14 15:05:05,794 - [INFO] - U_2 users: 0,1,2,3,4,5,6,7,8,9
2024-05-14 15:05:24,150 - [INFO] - mask gradients finished
2024-05-14 15:05:27,402 - [INFO] - unmask gradients finished
2024-05-14 15:05:27,403 - [INFO] - U_3 users: 0,1,2,3,4,5,6,7,8,9
2024-05-14 15:05:29,788 - [INFO] - Round   0,Testing accuracy: 12.87,Time:  27.44s
2024-05-14 15:56:25,322 - [INFO] - dataset [mnist] is loaded
2024-05-14 15:56:25,325 - [INFO] - model [mlp] is built
2024-05-14 15:56:25,326 - [INFO] - dp mechanism [no_dp] is set
2024-05-14 15:56:25,326 - [INFO] - The server has been initialized
2024-05-14 15:56:27,263 - [INFO] - The clients[10] have been initialized
2024-05-14 15:56:27,264 - [INFO] - protocal [SecAgg] start
2024-05-14 15:56:27,264 - [INFO] - clients [0, 1, 2, 3, 4, 5, 6, 7, 8, 9] are selected
2024-05-14 15:56:27,548 - [INFO] - advertise keys finished
2024-05-14 15:56:27,549 - [INFO] - U_1 users: 0,1,2,3,4,5,6,7,8,9
2024-05-14 15:56:30,690 - [INFO] - share secret finished
2024-05-14 15:56:30,690 - [INFO] - U_2 users: 0,1,2,3,4,5,6,7,8,9
2024-05-14 15:56:49,338 - [INFO] - mask gradients finished
2024-05-14 16:02:39,434 - [INFO] - dataset [mnist] is loaded
2024-05-14 16:02:39,436 - [INFO] - model [mlp] is built
2024-05-14 16:02:39,437 - [INFO] - dp mechanism [no_dp] is set
2024-05-14 16:02:39,437 - [INFO] - The server has been initialized
2024-05-14 16:02:41,191 - [INFO] - The clients[10] have been initialized
2024-05-14 16:02:41,191 - [INFO] - protocal [SecAgg] start
2024-05-14 16:02:41,192 - [INFO] - clients [0, 1, 2, 3, 4, 5, 6, 7, 8, 9] are selected
2024-05-14 16:02:41,470 - [INFO] - advertise keys finished
2024-05-14 16:02:41,471 - [INFO] - U_1 users: 0,1,2,3,4,5,6,7,8,9
2024-05-14 16:02:44,677 - [INFO] - share secret finished
2024-05-14 16:02:44,677 - [INFO] - U_2 users: 0,1,2,3,4,5,6,7,8,9
2024-05-14 16:03:03,056 - [INFO] - mask gradients finished
2024-05-14 16:03:05,941 - [INFO] - unmask gradients finished
2024-05-14 16:03:05,942 - [INFO] - U_3 users: 0,1,2,3,4,5,6,7,8,9
2024-05-14 16:03:08,389 - [INFO] - Round   0,Testing accuracy: 12.87,Time:  27.20s
2024-05-14 16:03:20,077 - [INFO] - dataset [mnist] is loaded
2024-05-14 16:03:20,079 - [INFO] - model [mlp] is built
2024-05-14 16:03:20,081 - [INFO] - dp mechanism [no_dp] is set
2024-05-14 16:03:20,081 - [INFO] - The server has been initialized
2024-05-14 16:03:35,788 - [INFO] - The clients[100] have been initialized
2024-05-14 16:03:35,788 - [INFO] - protocal [SecAgg] start
2024-05-14 16:03:35,788 - [INFO] - clients [0, 1, 2, 3, 4, 5, 6, 7, 8, 9, 10, 11, 12, 13, 14, 15, 16, 17, 18, 19, 20, 21, 22, 23, 24, 25, 26, 27, 28, 29, 30, 31, 32, 33, 34, 35, 36, 37, 38, 39, 40, 41, 42, 43, 44, 45, 46, 47, 48, 49, 50, 51, 52, 53, 54, 55, 56, 57, 58, 59, 60, 61, 62, 63, 64, 65, 66, 67, 68, 69, 70, 71, 72, 73, 74, 75, 76, 77, 78, 79, 80, 81, 82, 83, 84, 85, 86, 87, 88, 89, 90, 91, 92, 93, 94, 95, 96, 97, 98, 99] are selected
2024-05-14 16:03:38,653 - [INFO] - advertise keys finished
2024-05-14 16:03:38,653 - [INFO] - U_1 users: 0,1,2,3,4,5,6,7,8,9,10,11,12,13,14,15,16,17,18,19,20,21,22,23,24,25,26,27,28,29,30,31,32,33,34,35,36,37,38,39,40,41,42,43,44,45,46,47,48,49,50,51,52,53,54,55,56,57,58,59,60,61,62,63,64,65,66,67,68,69,70,71,72,73,74,75,76,77,78,79,80,81,82,83,84,85,86,87,88,89,90,91,92,93,94,95,96,97,98,99
2024-05-14 16:09:19,825 - [INFO] - share secret finished
2024-05-14 16:09:19,825 - [INFO] - U_2 users: 0,1,2,3,4,5,6,7,8,9,10,11,12,13,14,15,16,17,18,19,20,21,22,23,24,25,26,27,28,29,30,31,32,33,34,35,36,37,38,39,40,41,42,43,44,45,46,47,48,49,50,51,52,53,54,55,56,57,58,59,60,61,62,63,64,65,66,67,68,69,70,71,72,73,74,75,76,77,78,79,80,81,82,83,84,85,86,87,88,89,90,91,92,93,94,95,96,97,98,99
2024-05-14 16:13:24,955 - [INFO] - dataset [mnist] is loaded
2024-05-14 16:13:24,957 - [INFO] - model [mlp] is built
2024-05-14 16:13:24,958 - [INFO] - dp mechanism [no_dp] is set
2024-05-14 16:13:24,958 - [INFO] - The server has been initialized
2024-05-14 16:13:33,519 - [INFO] - The clients[50] have been initialized
2024-05-14 16:13:33,520 - [INFO] - protocal [SecAgg] start
2024-05-14 16:13:33,520 - [INFO] - clients [0, 1, 2, 3, 4, 5, 6, 7, 8, 9, 10, 11, 12, 13, 14, 15, 16, 17, 18, 19, 20, 21, 22, 23, 24, 25, 26, 27, 28, 29, 30, 31, 32, 33, 34, 35, 36, 37, 38, 39, 40, 41, 42, 43, 44, 45, 46, 47, 48, 49] are selected
2024-05-14 16:13:34,953 - [INFO] - advertise keys finished
2024-05-14 16:13:34,954 - [INFO] - U_1 users: 0,1,2,3,4,5,6,7,8,9,10,11,12,13,14,15,16,17,18,19,20,21,22,23,24,25,26,27,28,29,30,31,32,33,34,35,36,37,38,39,40,41,42,43,44,45,46,47,48,49
2024-05-14 16:15:00,632 - [INFO] - share secret finished
2024-05-14 16:15:00,633 - [INFO] - U_2 users: 0,1,2,3,4,5,6,7,8,9,10,11,12,13,14,15,16,17,18,19,20,21,22,23,24,25,26,27,28,29,30,31,32,33,34,35,36,37,38,39,40,41,42,43,44,45,46,47,48,49
2024-05-14 16:16:44,566 - [INFO] - mask gradients finished
2024-05-14 16:18:09,503 - [INFO] - unmask gradients finished
2024-05-14 16:18:09,504 - [INFO] - U_3 users: 0,1,2,3,4,5,6,7,8,9,10,11,12,13,14,15,16,17,18,19,20,21,22,23,24,25,26,27,28,29,30,31,32,33,34,35,36,37,38,39,40,41,42,43,44,45,46,47,48,49
2024-05-14 16:18:12,173 - [INFO] - Round   0,Testing accuracy: 12.91,Time:  278.65s
2024-05-14 16:20:57,172 - [INFO] - dataset [mnist] is loaded
2024-05-14 16:20:57,174 - [INFO] - model [mlp] is built
2024-05-14 16:20:57,174 - [INFO] - dp mechanism [no_dp] is set
2024-05-14 16:20:57,175 - [INFO] - The server has been initialized
2024-05-14 16:21:04,416 - [INFO] - The clients[50] have been initialized
2024-05-14 16:21:04,417 - [INFO] - protocal [SecAgg] start
2024-05-14 16:21:04,417 - [INFO] - clients [0, 1, 2, 3, 4, 5, 6, 7, 8, 9, 10, 11, 12, 13, 14, 15, 16, 17, 18, 19, 20, 21, 22, 23, 24, 25, 26, 27, 28, 29, 30, 31, 32, 33, 34, 35, 36, 37, 38, 39, 40, 41, 42, 43, 44, 45, 46, 47, 48, 49] are selected
2024-05-14 16:21:05,874 - [INFO] - advertise keys finished
2024-05-14 16:21:05,875 - [INFO] - U_1 users: 0,1,2,3,4,5,6,7,8,9,10,11,12,13,14,15,16,17,18,19,20,21,22,23,24,25,26,27,28,29,30,31,32,33,34,35,36,37,38,39,40,41,42,43,44,45,46,47,48,49
2024-05-14 16:22:31,355 - [INFO] - share secret finished
2024-05-14 16:22:31,356 - [INFO] - U_2 users: 0,1,2,3,4,5,6,7,8,9,10,11,12,13,14,15,16,17,18,19,20,21,22,23,24,25,26,27,28,29,30,31,32,33,34,35,36,37,38,39,40,41,42,43,44,45,46,47,48,49
2024-05-14 16:24:15,018 - [INFO] - mask gradients finished
2024-05-14 16:25:23,385 - [INFO] - unmask gradients finished
2024-05-14 16:25:23,385 - [INFO] - U_3 users: 0,1,2,3,4,5,6,7,8,9,10,11,12,13,14,15,16,17,18,19,20,21,22,23,24,25,26,27,28,29,30,31,32,33,34,35,36,37,38,39,40,41,42,43,44,45,46,47,48,49
2024-05-14 16:25:25,992 - [INFO] - Round   0,Testing accuracy: 12.91,Time:  261.57s
2024-05-14 16:36:33,716 - [INFO] - dataset [mnist] is loaded
2024-05-14 16:36:33,719 - [INFO] - model [mlp] is built
2024-05-14 16:36:33,719 - [INFO] - dp mechanism [no_dp] is set
2024-05-14 16:36:33,720 - [INFO] - The server has been initialized
2024-05-14 16:36:41,149 - [INFO] - The clients[50] have been initialized
2024-05-14 16:36:41,149 - [INFO] - protocal [SecAgg] start
2024-05-14 16:36:41,150 - [INFO] - clients [0, 1, 2, 3, 4, 5, 6, 7, 8, 9, 10, 11, 12, 13, 14, 15, 16, 17, 18, 19, 20, 21, 22, 23, 24, 25, 26, 27, 28, 29, 30, 31, 32, 33, 34, 35, 36, 37, 38, 39, 40, 41, 42, 43, 44, 45, 46, 47, 48, 49] are selected
2024-05-14 16:36:42,595 - [INFO] - advertise keys finished
2024-05-14 16:36:42,595 - [INFO] - U_1 users: 0,1,2,3,4,5,6,7,8,9,10,11,12,13,14,15,16,17,18,19,20,21,22,23,24,25,26,27,28,29,30,31,32,33,34,35,36,37,38,39,40,41,42,43,44,45,46,47,48,49
2024-05-14 16:38:07,802 - [INFO] - share secret finished
2024-05-14 16:38:07,802 - [INFO] - U_2 users: 0,1,2,3,4,5,6,7,8,9,10,11,12,13,14,15,16,17,18,19,20,21,22,23,24,25,26,27,28,29,30,31,32,33,34,35,36,37,38,39,40,41,42,43,44,45,46,47,48,49
2024-05-14 16:39:50,914 - [INFO] - mask gradients finished
2024-05-14 16:40:51,574 - [INFO] - unmask gradients finished
2024-05-14 16:40:51,575 - [INFO] - U_3 users: 0,1,2,3,4,5,6,7,8,9,10,11,12,13,14,15,16,17,18,19,20,21,22,23,24,25,26,27,28,29,30,31,32,33,34,35,36,37,38,39,40,41,42,43,44,45,46,47,48,49
2024-05-14 16:40:54,409 - [INFO] - Round   0,Testing accuracy: 12.91,Time:  253.26s
2024-05-14 17:42:28,821 - [INFO] - dataset [mnist] is loaded
2024-05-14 17:42:28,823 - [INFO] - model [mlp] is built
2024-05-14 17:42:28,824 - [INFO] - dp mechanism [no_dp] is set
2024-05-14 17:42:28,824 - [INFO] - The server has been initialized
2024-05-14 17:42:35,644 - [INFO] - The clients[50] have been initialized
2024-05-14 17:42:35,644 - [INFO] - protocal [SecAgg] start
2024-05-14 17:42:35,644 - [INFO] - clients [0, 1, 2, 3, 4, 5, 6, 7, 8, 9, 10, 11, 12, 13, 14, 15, 16, 17, 18, 19, 20, 21, 22, 23, 24, 25, 26, 27, 28, 29, 30, 31, 32, 33, 34, 35, 36, 37, 38, 39, 40, 41, 42, 43, 44, 45, 46, 47, 48, 49] are selected
2024-05-14 17:42:37,041 - [INFO] - advertise keys finished
2024-05-14 17:42:37,042 - [INFO] - U_1 users: 0,1,2,3,4,5,6,7,8,9,10,11,12,13,14,15,16,17,18,19,20,21,22,23,24,25,26,27,28,29,30,31,32,33,34,35,36,37,38,39,40,41,42,43,44,45,46,47,48,49
2024-05-14 17:44:02,115 - [INFO] - share secret finished
2024-05-14 17:44:02,115 - [INFO] - U_2 users: 0,1,2,3,4,5,6,7,8,9,10,11,12,13,14,15,16,17,18,19,20,21,22,23,24,25,26,27,28,29,30,31,32,33,34,35,36,37,38,39,40,41,42,43,44,45,46,47,48,49
2024-05-14 17:45:45,690 - [INFO] - mask gradients finished
2024-05-14 17:47:07,581 - [INFO] - unmask gradients finished
2024-05-14 17:47:07,582 - [INFO] - U_3 users: 0,1,10,11,12,13,14,15,16,17,18,19,2,20,21,22,23,24,25,26,27,28,29,3,30,31,32,33,34,35,36,37,38,39,4,40,41,42,43,44,45,46,47,48,49,5,6,7,8,9
2024-05-14 17:47:10,185 - [INFO] - Round   0,Testing accuracy: 12.91,Time:  274.54s
2024-05-14 17:47:31,984 - [INFO] - dataset [mnist] is loaded
2024-05-14 17:47:31,986 - [INFO] - model [mlp] is built
2024-05-14 17:47:31,987 - [INFO] - dp mechanism [no_dp] is set
2024-05-14 17:47:31,987 - [INFO] - The server has been initialized
2024-05-14 17:47:39,911 - [INFO] - The clients[50] have been initialized
2024-05-14 17:47:39,912 - [INFO] - protocal [SecAgg] start
2024-05-14 17:47:39,912 - [INFO] - clients [0, 1, 2, 3, 4, 5, 6, 7, 8, 9, 10, 11, 12, 13, 14, 15, 16, 17, 18, 19, 20, 21, 22, 23, 24, 25, 26, 27, 28, 29, 30, 31, 32, 33, 34, 35, 36, 37, 38, 39, 40, 41, 42, 43, 44, 45, 46, 47, 48, 49] are selected
2024-05-14 17:47:41,333 - [INFO] - advertise keys finished
2024-05-14 17:47:41,333 - [INFO] - U_1 users: 0,1,2,3,4,5,6,7,8,9,10,11,12,13,14,15,16,17,18,19,20,21,22,23,24,25,26,27,28,29,30,31,32,33,34,35,36,37,38,39,40,41,42,43,44,45,46,47,48,49
2024-05-14 17:49:06,394 - [INFO] - share secret finished
2024-05-14 17:49:06,394 - [INFO] - U_2 users: 0,1,2,3,4,5,6,7,8,9,10,11,12,13,14,15,16,17,18,19,20,21,22,23,24,25,26,27,28,29,30,31,32,33,34,35,36,37,38,39,40,41,42,43,44,45,46,47,48,49
2024-05-14 17:50:50,592 - [INFO] - mask gradients finished
2024-05-14 17:53:19,907 - [INFO] - dataset [mnist] is loaded
2024-05-14 17:53:19,911 - [INFO] - model [mlp] is built
2024-05-14 17:53:19,911 - [INFO] - dp mechanism [no_dp] is set
2024-05-14 17:53:19,912 - [INFO] - The server has been initialized
2024-05-14 17:53:29,391 - [INFO] - dataset [mnist] is loaded
2024-05-14 17:53:29,393 - [INFO] - model [mlp] is built
2024-05-14 17:53:29,394 - [INFO] - dp mechanism [no_dp] is set
2024-05-14 17:53:29,394 - [INFO] - The server has been initialized
2024-05-14 17:53:30,995 - [INFO] - The clients[10] have been initialized
2024-05-14 17:53:30,995 - [INFO] - protocal [SecAgg] start
2024-05-14 17:53:30,995 - [INFO] - clients [0, 1, 2, 3, 4, 5, 6, 7, 8, 9] are selected
2024-05-14 17:53:31,282 - [INFO] - advertise keys finished
2024-05-14 17:53:31,282 - [INFO] - U_1 users: 0,1,2,3,4,5,6,7,8,9
2024-05-14 17:53:34,442 - [INFO] - share secret finished
2024-05-14 17:53:34,442 - [INFO] - U_2 users: 0,1,2,3,4,5,6,7,8,9
2024-05-14 17:53:52,668 - [INFO] - mask gradients finished
2024-05-14 17:54:57,776 - [INFO] - dataset [mnist] is loaded
2024-05-14 17:54:57,778 - [INFO] - model [mlp] is built
2024-05-14 17:54:57,779 - [INFO] - dp mechanism [no_dp] is set
2024-05-14 17:54:57,779 - [INFO] - The server has been initialized
2024-05-14 17:54:59,580 - [INFO] - The clients[10] have been initialized
2024-05-14 17:54:59,580 - [INFO] - protocal [SecAgg] start
2024-05-14 17:54:59,580 - [INFO] - clients [0, 1, 2, 3, 4, 5, 6, 7, 8, 9] are selected
2024-05-14 17:54:59,852 - [INFO] - advertise keys finished
2024-05-14 17:54:59,853 - [INFO] - U_1 users: 0,1,2,3,4,5,6,7,8,9
2024-05-14 17:55:03,128 - [INFO] - share secret finished
2024-05-14 17:55:03,129 - [INFO] - U_2 users: 0,1,2,3,4,5,6,7,8,9
2024-05-14 17:55:23,256 - [INFO] - mask gradients finished
2024-05-14 17:55:59,337 - [INFO] - dataset [mnist] is loaded
2024-05-14 17:55:59,340 - [INFO] - model [mlp] is built
2024-05-14 17:55:59,341 - [INFO] - dp mechanism [no_dp] is set
2024-05-14 17:55:59,341 - [INFO] - The server has been initialized
2024-05-14 17:56:00,744 - [INFO] - The clients[10] have been initialized
2024-05-14 17:56:00,744 - [INFO] - protocal [SecAgg] start
2024-05-14 17:56:00,750 - [INFO] - clients [0, 1, 2, 3, 4, 5, 6, 7, 8, 9] are selected
2024-05-14 17:56:01,027 - [INFO] - advertise keys finished
2024-05-14 17:56:01,027 - [INFO] - U_1 users: 0,1,2,3,4,5,6,7,8,9
2024-05-14 17:56:04,200 - [INFO] - share secret finished
2024-05-14 17:56:04,201 - [INFO] - U_2 users: 0,1,2,3,4,5,6,7,8,9
2024-05-14 17:56:23,813 - [INFO] - mask gradients finished
2024-05-14 17:57:34,677 - [INFO] - dataset [mnist] is loaded
2024-05-14 17:57:34,680 - [INFO] - model [mlp] is built
2024-05-14 17:57:34,680 - [INFO] - dp mechanism [no_dp] is set
2024-05-14 17:57:34,681 - [INFO] - The server has been initialized
2024-05-14 17:57:36,252 - [INFO] - The clients[10] have been initialized
2024-05-14 17:57:36,253 - [INFO] - protocal [SecAgg] start
2024-05-14 17:57:36,253 - [INFO] - clients [0, 1, 2, 3, 4, 5, 6, 7, 8, 9] are selected
2024-05-14 17:57:36,535 - [INFO] - advertise keys finished
2024-05-14 17:57:36,535 - [INFO] - U_1 users: 0,1,2,3,4,5,6,7,8,9
2024-05-14 17:57:39,683 - [INFO] - share secret finished
2024-05-14 17:57:39,684 - [INFO] - U_2 users: 0,1,2,3,4,5,6,7,8,9
2024-05-14 17:57:57,969 - [INFO] - mask gradients finished
2024-05-14 17:58:01,838 - [INFO] - unmask gradients finished
2024-05-14 17:58:01,839 - [INFO] - U_3 users: 0,2,4,5,6,7,8,9
2024-05-14 17:58:04,174 - [INFO] - Round   0,Testing accuracy: 10.51,Time:  27.92s
2024-05-14 17:59:21,929 - [INFO] - dataset [mnist] is loaded
2024-05-14 17:59:21,932 - [INFO] - model [mlp] is built
2024-05-14 17:59:21,933 - [INFO] - dp mechanism [no_dp] is set
2024-05-14 17:59:21,933 - [INFO] - The server has been initialized
2024-05-14 17:59:30,098 - [INFO] - The clients[50] have been initialized
2024-05-14 17:59:30,099 - [INFO] - protocal [SecAgg] start
2024-05-14 17:59:30,099 - [INFO] - clients [0, 1, 2, 3, 4, 5, 6, 7, 8, 9, 10, 11, 12, 13, 14, 15, 16, 17, 18, 19, 20, 21, 22, 23, 24, 25, 26, 27, 28, 29, 30, 31, 32, 33, 34, 35, 36, 37, 38, 39, 40, 41, 42, 43, 44, 45, 46, 47, 48, 49] are selected
2024-05-14 17:59:31,513 - [INFO] - advertise keys finished
2024-05-14 17:59:31,513 - [INFO] - U_1 users: 0,1,2,3,4,5,6,7,8,9,10,11,12,13,14,15,16,17,18,19,20,21,22,23,24,25,26,27,28,29,30,31,32,33,34,35,36,37,38,39,40,41,42,43,44,45,46,47,48,49
2024-05-14 18:00:57,232 - [INFO] - share secret finished
2024-05-14 18:00:57,232 - [INFO] - U_2 users: 0,1,2,3,4,5,6,7,8,9,10,11,12,13,14,15,16,17,18,19,20,21,22,23,24,25,26,27,28,29,30,31,32,33,34,35,36,37,38,39,40,41,42,43,44,45,46,47,48,49
2024-05-14 18:02:40,274 - [INFO] - mask gradients finished
2024-05-14 18:04:05,948 - [INFO] - unmask gradients finished
2024-05-14 18:04:05,949 - [INFO] - U_3 users: 0,1,10,11,12,13,14,15,16,17,18,19,2,20,21,22,23,24,25,26,27,28,29,3,30,31,32,33,34,35,36,37,38,39,4,40,41,42,43,44,45,46,47,48,49,5,6,7,8,9
2024-05-14 18:04:08,626 - [INFO] - Round   0,Testing accuracy: 12.91,Time:  278.53s
2024-05-14 18:04:24,747 - [INFO] - dataset [mnist] is loaded
2024-05-14 18:04:24,749 - [INFO] - model [mlp] is built
2024-05-14 18:04:24,749 - [INFO] - dp mechanism [no_dp] is set
2024-05-14 18:04:24,750 - [INFO] - The server has been initialized
2024-05-14 18:04:33,653 - [INFO] - The clients[50] have been initialized
2024-05-14 18:04:33,653 - [INFO] - protocal [SecAgg] start
2024-05-14 18:04:33,653 - [INFO] - clients [0, 1, 2, 3, 4, 5, 6, 7, 8, 9, 10, 11, 12, 13, 14, 15, 16, 17, 18, 19, 20, 21, 22, 23, 24, 25, 26, 27, 28, 29, 30, 31, 32, 33, 34, 35, 36, 37, 38, 39, 40, 41, 42, 43, 44, 45, 46, 47, 48, 49] are selected
2024-05-14 18:04:35,115 - [INFO] - advertise keys finished
2024-05-14 18:04:35,115 - [INFO] - U_1 users: 0,1,2,3,4,5,6,7,8,9,10,11,12,13,14,15,16,17,18,19,20,21,22,23,24,25,26,27,28,29,30,31,32,33,34,35,36,37,38,39,40,41,42,43,44,45,46,47,48,49
2024-05-14 18:06:00,076 - [INFO] - share secret finished
2024-05-14 18:06:00,076 - [INFO] - U_2 users: 0,1,2,3,4,5,6,7,8,9,10,11,12,13,14,15,16,17,18,19,20,21,22,23,24,25,26,27,28,29,30,31,32,33,34,35,36,37,38,39,40,41,42,43,44,45,46,47,48,49
2024-05-14 18:07:44,107 - [INFO] - mask gradients finished
2024-05-14 18:09:22,254 - [INFO] - unmask gradients finished
2024-05-14 18:09:22,255 - [INFO] - U_3 users: 0,1,11,12,14,15,16,17,18,19,2,20,22,23,24,25,28,3,30,31,32,33,36,37,38,39,4,40,42,43,44,45,46,47,48,49,5,6,8,9
2024-05-14 18:09:24,791 - [INFO] - Round   0,Testing accuracy: 18.22,Time:  291.14s
2024-05-14 18:10:04,103 - [INFO] - dataset [mnist] is loaded
2024-05-14 18:10:04,105 - [INFO] - model [mlp] is built
2024-05-14 18:10:04,106 - [INFO] - dp mechanism [no_dp] is set
2024-05-14 18:10:04,106 - [INFO] - The server has been initialized
2024-05-14 18:10:12,884 - [INFO] - The clients[50] have been initialized
2024-05-14 18:10:12,884 - [INFO] - protocal [SecAgg] start
2024-05-14 18:10:12,885 - [INFO] - clients [0, 1, 2, 3, 4, 5, 6, 7, 8, 9, 10, 11, 12, 13, 14, 15, 16, 17, 18, 19, 20, 21, 22, 23, 24, 25, 26, 27, 28, 29, 30, 31, 32, 33, 34, 35, 36, 37, 38, 39, 40, 41, 42, 43, 44, 45, 46, 47, 48, 49] are selected
2024-05-14 18:10:14,317 - [INFO] - advertise keys finished
2024-05-14 18:10:14,318 - [INFO] - U_1 users: 0,1,2,3,4,5,6,7,8,9,10,11,12,13,14,15,16,17,18,19,20,21,22,23,24,25,26,27,28,29,30,31,32,33,34,35,36,37,38,39,40,41,42,43,44,45,46,47,48,49
2024-05-14 18:11:39,673 - [INFO] - share secret finished
2024-05-14 18:11:39,673 - [INFO] - U_2 users: 0,1,2,3,4,5,6,7,8,9,10,11,12,13,14,15,16,17,18,19,20,21,22,23,24,25,26,27,28,29,30,31,32,33,34,35,36,37,38,39,40,41,42,43,44,45,46,47,48,49
2024-05-14 18:13:22,590 - [INFO] - mask gradients finished
2024-05-14 18:14:55,427 - [INFO] - unmask gradients finished
2024-05-14 18:14:55,427 - [INFO] - U_3 users: 1,10,11,12,13,14,15,17,18,19,2,20,21,22,23,24,25,26,27,28,29,3,30,31,32,33,35,36,38,39,4,40,41,42,43,44,45,47,48,49,5,6,7,8,9
2024-05-14 18:14:57,993 - [INFO] - Round   0,Testing accuracy: 8.77,Time:  285.11s
2024-05-14 19:16:45,786 - [INFO] - dataset [mnist] is loaded
2024-05-14 19:16:45,788 - [INFO] - model [mlp] is built
2024-05-14 19:16:45,788 - [INFO] - dp mechanism [no_dp] is set
2024-05-14 19:16:45,788 - [INFO] - The server has been initialized
2024-05-14 19:16:46,967 - [INFO] - The clients[10] have been initialized
2024-05-14 19:16:46,967 - [INFO] - protocal [SecAgg] start
2024-05-14 19:16:46,967 - [INFO] - clients [0, 1, 2, 3, 4, 5, 6, 7, 8, 9] are selected
2024-05-14 19:16:47,133 - [INFO] - advertise keys finished
2024-05-14 19:16:47,133 - [INFO] - U_1 users: 0,1,2,3,4,5,6,7,8,9
2024-05-14 19:16:48,888 - [INFO] - share secret finished
2024-05-14 19:16:48,889 - [INFO] - U_2 users: 0,1,2,3,4,5,6,7,8,9
2024-05-14 19:16:58,779 - [INFO] - mask gradients finished
2024-05-14 19:17:00,705 - [INFO] - unmask gradients finished
2024-05-14 19:17:00,706 - [INFO] - U_3 users: 0,1,2,3,4,5,7,8,9
2024-05-14 19:17:01,930 - [INFO] - Round   0,Testing accuracy: 8.98,Time:  14.96s
2024-05-14 19:17:01,930 - [INFO] - clients [0, 1, 2, 3, 4, 5, 6, 7, 8, 9] are selected
2024-05-14 19:17:02,078 - [INFO] - advertise keys finished
2024-05-14 19:17:02,079 - [INFO] - U_1 users: 0,1,2,3,4,5,6,7,8,9
2024-05-14 19:17:03,779 - [INFO] - share secret finished
2024-05-14 19:17:03,780 - [INFO] - U_2 users: 0,1,2,3,4,5,6,7,8,9
2024-05-14 19:17:13,343 - [INFO] - mask gradients finished
2024-05-14 19:17:15,257 - [INFO] - unmask gradients finished
2024-05-14 19:17:15,257 - [INFO] - U_3 users: 0,1,2,3,4,5,7,8,9
2024-05-14 19:17:16,497 - [INFO] - Round   1,Testing accuracy: 9.82,Time:  14.57s
2024-05-14 19:17:16,497 - [INFO] - clients [0, 1, 2, 3, 4, 5, 6, 7, 8, 9] are selected
2024-05-14 19:17:16,647 - [INFO] - advertise keys finished
2024-05-14 19:17:16,647 - [INFO] - U_1 users: 0,1,2,3,4,5,6,7,8,9
2024-05-14 19:17:18,340 - [INFO] - share secret finished
2024-05-14 19:17:18,340 - [INFO] - U_2 users: 0,1,2,3,4,5,6,7,8,9
2024-05-14 19:17:30,516 - [INFO] - mask gradients finished
2024-05-14 19:17:34,128 - [INFO] - unmask gradients finished
2024-05-14 19:17:34,128 - [INFO] - U_3 users: 0,1,2,4,5,6,7,8,9
2024-05-14 19:17:36,557 - [INFO] - Round   2,Testing accuracy: 8.59,Time:  20.06s
2024-05-14 19:17:36,557 - [INFO] - clients [0, 1, 2, 3, 4, 5, 6, 7, 8, 9] are selected
2024-05-14 19:17:36,829 - [INFO] - advertise keys finished
2024-05-14 19:17:36,830 - [INFO] - U_1 users: 0,1,2,3,4,5,6,7,8,9
2024-05-14 19:17:40,053 - [INFO] - share secret finished
2024-05-14 19:17:40,053 - [INFO] - U_2 users: 0,1,2,3,4,5,6,7,8,9
2024-05-14 19:17:58,570 - [INFO] - mask gradients finished
2024-05-14 19:18:02,167 - [INFO] - unmask gradients finished
2024-05-14 19:18:02,168 - [INFO] - U_3 users: 0,1,2,3,4,5,6,8,9
2024-05-14 19:18:04,628 - [INFO] - Round   3,Testing accuracy: 8.98,Time:  28.07s
2024-05-14 19:18:04,629 - [INFO] - clients [0, 1, 2, 3, 4, 5, 6, 7, 8, 9] are selected
2024-05-14 19:18:04,897 - [INFO] - advertise keys finished
2024-05-14 19:18:04,898 - [INFO] - U_1 users: 0,1,2,3,4,5,6,7,8,9
2024-05-14 19:18:08,065 - [INFO] - share secret finished
2024-05-14 19:18:08,066 - [INFO] - U_2 users: 0,1,2,3,4,5,6,7,8,9
2024-05-14 19:18:26,541 - [INFO] - mask gradients finished
2024-05-14 19:18:30,229 - [INFO] - unmask gradients finished
2024-05-14 19:18:30,229 - [INFO] - U_3 users: 0,2,3,4,5,6,7,8,9
2024-05-14 19:18:32,636 - [INFO] - Round   4,Testing accuracy: 10.65,Time:  28.01s
2024-05-14 19:18:32,636 - [INFO] - clients [0, 1, 2, 3, 4, 5, 6, 7, 8, 9] are selected
2024-05-14 19:18:32,905 - [INFO] - advertise keys finished
2024-05-14 19:18:32,906 - [INFO] - U_1 users: 0,1,2,3,4,5,6,7,8,9
2024-05-14 19:18:36,094 - [INFO] - share secret finished
2024-05-14 19:18:36,095 - [INFO] - U_2 users: 0,1,2,3,4,5,6,7,8,9
2024-05-14 19:18:54,660 - [INFO] - mask gradients finished
2024-05-14 19:18:58,332 - [INFO] - unmask gradients finished
2024-05-14 19:18:58,333 - [INFO] - U_3 users: 0,1,2,3,4,5,6,7,8
2024-05-14 19:19:00,699 - [INFO] - Round   5,Testing accuracy: 9.00,Time:  28.06s
2024-05-14 19:19:00,699 - [INFO] - clients [0, 1, 2, 3, 4, 5, 6, 7, 8, 9] are selected
2024-05-14 19:19:00,968 - [INFO] - advertise keys finished
2024-05-14 19:19:00,969 - [INFO] - U_1 users: 0,1,2,3,4,5,6,7,8,9
2024-05-14 19:19:04,165 - [INFO] - share secret finished
2024-05-14 19:19:04,165 - [INFO] - U_2 users: 0,1,2,3,4,5,6,7,8,9
2024-05-14 19:19:22,668 - [INFO] - mask gradients finished
2024-05-14 19:19:26,274 - [INFO] - unmask gradients finished
2024-05-14 19:19:26,275 - [INFO] - U_3 users: 0,1,2,3,4,5,6,7,9
2024-05-14 19:19:28,782 - [INFO] - Round   6,Testing accuracy: 8.75,Time:  28.08s
2024-05-14 19:19:28,782 - [INFO] - clients [0, 1, 2, 3, 4, 5, 6, 7, 8, 9] are selected
2024-05-14 19:19:29,052 - [INFO] - advertise keys finished
2024-05-14 19:19:29,052 - [INFO] - U_1 users: 0,1,2,3,4,5,6,7,8,9
2024-05-14 19:19:32,257 - [INFO] - share secret finished
2024-05-14 19:19:32,258 - [INFO] - U_2 users: 0,1,2,3,4,5,6,7,8,9
2024-05-14 19:19:51,008 - [INFO] - mask gradients finished
2024-05-14 19:19:54,555 - [INFO] - unmask gradients finished
2024-05-14 19:19:54,558 - [INFO] - U_3 users: 1,2,3,4,5,6,7,8,9
2024-05-14 19:19:57,072 - [INFO] - Round   7,Testing accuracy: 18.32,Time:  28.29s
2024-05-14 19:19:57,073 - [INFO] - clients [0, 1, 2, 3, 4, 5, 6, 7, 8, 9] are selected
2024-05-14 19:19:57,343 - [INFO] - advertise keys finished
2024-05-14 19:19:57,343 - [INFO] - U_1 users: 0,1,2,3,4,5,6,7,8,9
2024-05-14 19:20:00,536 - [INFO] - share secret finished
2024-05-14 19:20:00,536 - [INFO] - U_2 users: 0,1,2,3,4,5,6,7,8,9
2024-05-14 19:20:18,742 - [INFO] - mask gradients finished
2024-05-14 19:20:22,327 - [INFO] - unmask gradients finished
2024-05-14 19:20:22,327 - [INFO] - U_3 users: 0,1,2,4,5,6,7,8,9
2024-05-14 19:20:24,784 - [INFO] - Round   8,Testing accuracy: 20.27,Time:  27.71s
2024-05-14 19:20:24,784 - [INFO] - clients [0, 1, 2, 3, 4, 5, 6, 7, 8, 9] are selected
2024-05-14 19:20:25,067 - [INFO] - advertise keys finished
2024-05-14 19:20:25,067 - [INFO] - U_1 users: 0,1,2,3,4,5,6,7,8,9
2024-05-14 19:20:28,242 - [INFO] - share secret finished
2024-05-14 19:20:28,242 - [INFO] - U_2 users: 0,1,2,3,4,5,6,7,8,9
2024-05-14 19:20:46,226 - [INFO] - mask gradients finished
2024-05-14 19:20:49,727 - [INFO] - unmask gradients finished
2024-05-14 19:20:49,727 - [INFO] - U_3 users: 0,1,3,4,5,6,7,8,9
2024-05-14 19:20:52,191 - [INFO] - Round   9,Testing accuracy: 11.40,Time:  27.41s
2024-05-14 19:20:52,192 - [INFO] - clients [0, 1, 2, 3, 4, 5, 6, 7, 8, 9] are selected
2024-05-14 19:20:52,471 - [INFO] - advertise keys finished
2024-05-14 19:20:52,471 - [INFO] - U_1 users: 0,1,2,3,4,5,6,7,8,9
2024-05-14 19:20:55,730 - [INFO] - share secret finished
2024-05-14 19:20:55,730 - [INFO] - U_2 users: 0,1,2,3,4,5,6,7,8,9
2024-05-14 19:21:13,813 - [INFO] - mask gradients finished
2024-05-14 19:21:17,410 - [INFO] - unmask gradients finished
2024-05-14 19:21:17,410 - [INFO] - U_3 users: 0,1,2,3,4,5,6,8,9
2024-05-14 19:21:19,856 - [INFO] - Round  10,Testing accuracy: 20.19,Time:  27.66s
2024-05-14 19:21:19,857 - [INFO] - clients [0, 1, 2, 3, 4, 5, 6, 7, 8, 9] are selected
2024-05-14 19:21:20,125 - [INFO] - advertise keys finished
2024-05-14 19:21:20,125 - [INFO] - U_1 users: 0,1,2,3,4,5,6,7,8,9
2024-05-14 19:21:23,336 - [INFO] - share secret finished
2024-05-14 19:21:23,336 - [INFO] - U_2 users: 0,1,2,3,4,5,6,7,8,9
2024-05-14 19:21:41,417 - [INFO] - mask gradients finished
2024-05-14 19:21:44,995 - [INFO] - unmask gradients finished
2024-05-14 19:21:44,996 - [INFO] - U_3 users: 0,1,2,3,4,5,6,7,9
2024-05-14 19:21:47,415 - [INFO] - Round  11,Testing accuracy: 19.92,Time:  27.56s
2024-05-14 19:21:47,415 - [INFO] - clients [0, 1, 2, 3, 4, 5, 6, 7, 8, 9] are selected
2024-05-14 19:21:47,687 - [INFO] - advertise keys finished
2024-05-14 19:21:47,687 - [INFO] - U_1 users: 0,1,2,3,4,5,6,7,8,9
2024-05-14 19:21:50,883 - [INFO] - share secret finished
2024-05-14 19:21:50,884 - [INFO] - U_2 users: 0,1,2,3,4,5,6,7,8,9
2024-05-14 19:22:09,770 - [INFO] - mask gradients finished
2024-05-14 19:22:13,332 - [INFO] - unmask gradients finished
2024-05-14 19:22:13,333 - [INFO] - U_3 users: 0,1,2,3,4,5,7,8,9
2024-05-14 19:22:15,738 - [INFO] - Round  12,Testing accuracy: 19.90,Time:  28.32s
2024-05-14 19:22:15,738 - [INFO] - clients [0, 1, 2, 3, 4, 5, 6, 7, 8, 9] are selected
2024-05-14 19:22:16,027 - [INFO] - advertise keys finished
2024-05-14 19:22:16,028 - [INFO] - U_1 users: 0,1,2,3,4,5,6,7,8,9
2024-05-14 19:22:19,250 - [INFO] - share secret finished
2024-05-14 19:22:19,250 - [INFO] - U_2 users: 0,1,2,3,4,5,6,7,8,9
2024-05-14 19:22:37,351 - [INFO] - mask gradients finished
2024-05-14 19:22:40,911 - [INFO] - unmask gradients finished
2024-05-14 19:22:40,912 - [INFO] - U_3 users: 0,1,2,3,4,5,6,7,9
2024-05-14 19:22:43,248 - [INFO] - Round  13,Testing accuracy: 19.88,Time:  27.51s
2024-05-14 19:22:43,249 - [INFO] - clients [0, 1, 2, 3, 4, 5, 6, 7, 8, 9] are selected
2024-05-14 19:22:43,524 - [INFO] - advertise keys finished
2024-05-14 19:22:43,524 - [INFO] - U_1 users: 0,1,2,3,4,5,6,7,8,9
2024-05-14 19:22:46,801 - [INFO] - share secret finished
2024-05-14 19:22:46,801 - [INFO] - U_2 users: 0,1,2,3,4,5,6,7,8,9
2024-05-14 19:23:04,841 - [INFO] - mask gradients finished
2024-05-14 19:23:08,383 - [INFO] - unmask gradients finished
2024-05-14 19:23:08,384 - [INFO] - U_3 users: 0,1,2,3,4,5,7,8,9
2024-05-14 19:23:10,813 - [INFO] - Round  14,Testing accuracy: 19.91,Time:  27.56s
2024-05-14 19:23:10,814 - [INFO] - clients [0, 1, 2, 3, 4, 5, 6, 7, 8, 9] are selected
2024-05-14 19:23:11,088 - [INFO] - advertise keys finished
2024-05-14 19:23:11,088 - [INFO] - U_1 users: 0,1,2,3,4,5,6,7,8,9
2024-05-14 19:23:14,220 - [INFO] - share secret finished
2024-05-14 19:23:14,221 - [INFO] - U_2 users: 0,1,2,3,4,5,6,7,8,9
2024-05-14 19:23:32,200 - [INFO] - mask gradients finished
2024-05-14 19:23:35,790 - [INFO] - unmask gradients finished
2024-05-14 19:23:35,791 - [INFO] - U_3 users: 0,1,2,3,4,5,6,8,9
2024-05-14 19:23:38,145 - [INFO] - Round  15,Testing accuracy: 19.95,Time:  27.33s
2024-05-14 19:23:38,145 - [INFO] - clients [0, 1, 2, 3, 4, 5, 6, 7, 8, 9] are selected
2024-05-14 19:23:38,417 - [INFO] - advertise keys finished
2024-05-14 19:23:38,418 - [INFO] - U_1 users: 0,1,2,3,4,5,6,7,8,9
2024-05-14 19:23:41,673 - [INFO] - share secret finished
2024-05-14 19:23:41,673 - [INFO] - U_2 users: 0,1,2,3,4,5,6,7,8,9
2024-05-14 19:23:59,818 - [INFO] - mask gradients finished
2024-05-14 19:24:03,400 - [INFO] - unmask gradients finished
2024-05-14 19:24:03,400 - [INFO] - U_3 users: 1,2,3,4,5,6,7,8,9
2024-05-14 19:24:05,832 - [INFO] - Round  16,Testing accuracy: 19.94,Time:  27.69s
2024-05-14 19:24:05,832 - [INFO] - clients [0, 1, 2, 3, 4, 5, 6, 7, 8, 9] are selected
2024-05-14 19:24:06,103 - [INFO] - advertise keys finished
2024-05-14 19:24:06,104 - [INFO] - U_1 users: 0,1,2,3,4,5,6,7,8,9
2024-05-14 19:24:09,327 - [INFO] - share secret finished
2024-05-14 19:24:09,327 - [INFO] - U_2 users: 0,1,2,3,4,5,6,7,8,9
2024-05-14 19:24:27,524 - [INFO] - mask gradients finished
2024-05-14 19:24:31,217 - [INFO] - unmask gradients finished
2024-05-14 19:24:31,218 - [INFO] - U_3 users: 0,1,2,3,4,5,7,8,9
2024-05-14 19:24:33,540 - [INFO] - Round  17,Testing accuracy: 19.94,Time:  27.71s
2024-05-14 19:24:33,542 - [INFO] - clients [0, 1, 2, 3, 4, 5, 6, 7, 8, 9] are selected
2024-05-14 19:24:33,809 - [INFO] - advertise keys finished
2024-05-14 19:24:33,809 - [INFO] - U_1 users: 0,1,2,3,4,5,6,7,8,9
2024-05-14 19:24:37,005 - [INFO] - share secret finished
2024-05-14 19:24:37,005 - [INFO] - U_2 users: 0,1,2,3,4,5,6,7,8,9
2024-05-14 19:24:54,832 - [INFO] - mask gradients finished
2024-05-14 19:24:58,348 - [INFO] - unmask gradients finished
2024-05-14 19:24:58,348 - [INFO] - U_3 users: 0,1,2,3,4,5,7,8,9
2024-05-14 19:25:00,630 - [INFO] - Round  18,Testing accuracy: 19.96,Time:  27.09s
2024-05-14 19:25:00,630 - [INFO] - clients [0, 1, 2, 3, 4, 5, 6, 7, 8, 9] are selected
2024-05-14 19:25:00,918 - [INFO] - advertise keys finished
2024-05-14 19:25:00,918 - [INFO] - U_1 users: 0,1,2,3,4,5,6,7,8,9
2024-05-14 19:25:04,089 - [INFO] - share secret finished
2024-05-14 19:25:04,089 - [INFO] - U_2 users: 0,1,2,3,4,5,6,7,8,9
2024-05-14 19:25:22,491 - [INFO] - mask gradients finished
2024-05-14 19:25:26,052 - [INFO] - unmask gradients finished
2024-05-14 19:25:26,053 - [INFO] - U_3 users: 0,1,2,3,5,6,7,8,9
2024-05-14 19:25:28,425 - [INFO] - Round  19,Testing accuracy: 19.91,Time:  27.80s
2024-05-14 19:25:28,426 - [INFO] - clients [0, 1, 2, 3, 4, 5, 6, 7, 8, 9] are selected
2024-05-14 19:25:28,695 - [INFO] - advertise keys finished
2024-05-14 19:25:28,695 - [INFO] - U_1 users: 0,1,2,3,4,5,6,7,8,9
2024-05-14 19:25:31,911 - [INFO] - share secret finished
2024-05-14 19:25:31,912 - [INFO] - U_2 users: 0,1,2,3,4,5,6,7,8,9
2024-05-14 19:25:50,137 - [INFO] - mask gradients finished
2024-05-14 19:25:53,678 - [INFO] - unmask gradients finished
2024-05-14 19:25:53,679 - [INFO] - U_3 users: 0,1,2,3,4,5,6,7,9
2024-05-14 19:25:56,156 - [INFO] - Round  20,Testing accuracy: 19.86,Time:  27.73s
2024-05-14 19:25:56,157 - [INFO] - clients [0, 1, 2, 3, 4, 5, 6, 7, 8, 9] are selected
2024-05-14 19:25:56,443 - [INFO] - advertise keys finished
2024-05-14 19:25:56,443 - [INFO] - U_1 users: 0,1,2,3,4,5,6,7,8,9
2024-05-14 19:25:59,717 - [INFO] - share secret finished
2024-05-14 19:25:59,718 - [INFO] - U_2 users: 0,1,2,3,4,5,6,7,8,9
2024-05-14 19:26:17,880 - [INFO] - mask gradients finished
2024-05-14 19:26:21,393 - [INFO] - unmask gradients finished
2024-05-14 19:26:21,393 - [INFO] - U_3 users: 0,2,3,4,5,6,7,8,9
2024-05-14 19:26:23,781 - [INFO] - Round  21,Testing accuracy: 19.83,Time:  27.62s
2024-05-14 19:26:23,781 - [INFO] - clients [0, 1, 2, 3, 4, 5, 6, 7, 8, 9] are selected
2024-05-14 19:26:24,061 - [INFO] - advertise keys finished
2024-05-14 19:26:24,062 - [INFO] - U_1 users: 0,1,2,3,4,5,6,7,8,9
2024-05-14 19:26:27,255 - [INFO] - share secret finished
2024-05-14 19:26:27,255 - [INFO] - U_2 users: 0,1,2,3,4,5,6,7,8,9
2024-05-14 19:26:45,392 - [INFO] - mask gradients finished
2024-05-14 19:26:48,940 - [INFO] - unmask gradients finished
2024-05-14 19:26:48,940 - [INFO] - U_3 users: 0,1,2,3,4,5,6,7,8
2024-05-14 19:26:50,451 - [INFO] - Round  22,Testing accuracy: 19.84,Time:  26.67s
2024-05-14 19:26:50,452 - [INFO] - clients [0, 1, 2, 3, 4, 5, 6, 7, 8, 9] are selected
2024-05-14 19:26:50,601 - [INFO] - advertise keys finished
2024-05-14 19:26:50,601 - [INFO] - U_1 users: 0,1,2,3,4,5,6,7,8,9
2024-05-14 19:26:52,309 - [INFO] - share secret finished
2024-05-14 19:26:52,309 - [INFO] - U_2 users: 0,1,2,3,4,5,6,7,8,9
2024-05-14 19:38:30,523 - [INFO] - mask gradients finished
2024-05-14 19:38:32,428 - [INFO] - unmask gradients finished
2024-05-14 19:38:32,428 - [INFO] - U_3 users: 0,1,2,3,5,6,7,8,9
2024-05-14 19:38:33,770 - [INFO] - Round  23,Testing accuracy: 19.82,Time:  703.32s
2024-05-14 19:38:33,770 - [INFO] - clients [0, 1, 2, 3, 4, 5, 6, 7, 8, 9] are selected
2024-05-14 19:38:33,921 - [INFO] - advertise keys finished
2024-05-14 19:38:33,921 - [INFO] - U_1 users: 0,1,2,3,4,5,6,7,8,9
2024-05-14 19:38:35,633 - [INFO] - share secret finished
2024-05-14 19:38:35,633 - [INFO] - U_2 users: 0,1,2,3,4,5,6,7,8,9
2024-05-14 19:38:45,397 - [INFO] - mask gradients finished
2024-05-14 19:38:47,312 - [INFO] - unmask gradients finished
2024-05-14 19:38:47,313 - [INFO] - U_3 users: 0,1,2,3,4,5,6,7,9
2024-05-14 19:38:48,586 - [INFO] - Round  24,Testing accuracy: 19.81,Time:  14.82s
2024-05-14 19:38:48,586 - [INFO] - clients [0, 1, 2, 3, 4, 5, 6, 7, 8, 9] are selected
2024-05-14 19:38:48,735 - [INFO] - advertise keys finished
2024-05-14 19:38:48,735 - [INFO] - U_1 users: 0,1,2,3,4,5,6,7,8,9
2024-05-14 19:38:50,428 - [INFO] - share secret finished
2024-05-14 19:38:50,429 - [INFO] - U_2 users: 0,1,2,3,4,5,6,7,8,9
2024-05-14 19:38:59,987 - [INFO] - mask gradients finished
2024-05-14 19:39:01,889 - [INFO] - unmask gradients finished
2024-05-14 19:39:01,890 - [INFO] - U_3 users: 0,1,2,3,4,5,6,7,8
2024-05-14 19:39:03,120 - [INFO] - Round  25,Testing accuracy: 19.81,Time:  14.53s
2024-05-14 19:39:03,120 - [INFO] - clients [0, 1, 2, 3, 4, 5, 6, 7, 8, 9] are selected
2024-05-14 19:39:03,270 - [INFO] - advertise keys finished
2024-05-14 19:39:03,270 - [INFO] - U_1 users: 0,1,2,3,4,5,6,7,8,9
2024-05-14 19:39:04,967 - [INFO] - share secret finished
2024-05-14 19:39:04,968 - [INFO] - U_2 users: 0,1,2,3,4,5,6,7,8,9
2024-05-14 19:39:14,648 - [INFO] - mask gradients finished
2024-05-14 19:39:16,560 - [INFO] - unmask gradients finished
2024-05-14 19:39:16,560 - [INFO] - U_3 users: 0,1,2,4,5,6,7,8,9
2024-05-14 19:39:17,778 - [INFO] - Round  26,Testing accuracy: 19.83,Time:  14.66s
2024-05-14 19:39:17,779 - [INFO] - clients [0, 1, 2, 3, 4, 5, 6, 7, 8, 9] are selected
2024-05-14 19:39:17,927 - [INFO] - advertise keys finished
2024-05-14 19:39:17,927 - [INFO] - U_1 users: 0,1,2,3,4,5,6,7,8,9
2024-05-14 19:39:19,646 - [INFO] - share secret finished
2024-05-14 19:39:19,646 - [INFO] - U_2 users: 0,1,2,3,4,5,6,7,8,9
2024-05-14 19:39:29,077 - [INFO] - mask gradients finished
2024-05-14 19:39:30,987 - [INFO] - unmask gradients finished
2024-05-14 19:39:30,987 - [INFO] - U_3 users: 0,1,2,4,5,6,7,8,9
2024-05-14 19:39:32,256 - [INFO] - Round  27,Testing accuracy: 19.81,Time:  14.48s
2024-05-14 19:39:32,257 - [INFO] - clients [0, 1, 2, 3, 4, 5, 6, 7, 8, 9] are selected
2024-05-14 19:39:32,407 - [INFO] - advertise keys finished
2024-05-14 19:39:32,408 - [INFO] - U_1 users: 0,1,2,3,4,5,6,7,8,9
2024-05-14 19:39:34,113 - [INFO] - share secret finished
2024-05-14 19:39:34,113 - [INFO] - U_2 users: 0,1,2,3,4,5,6,7,8,9
2024-05-14 19:39:43,704 - [INFO] - mask gradients finished
2024-05-14 19:39:45,614 - [INFO] - unmask gradients finished
2024-05-14 19:39:45,614 - [INFO] - U_3 users: 0,1,2,3,4,5,6,7,9
2024-05-14 19:39:46,847 - [INFO] - Round  28,Testing accuracy: 19.83,Time:  14.59s
2024-05-14 19:39:46,848 - [INFO] - clients [0, 1, 2, 3, 4, 5, 6, 7, 8, 9] are selected
2024-05-14 19:39:46,996 - [INFO] - advertise keys finished
2024-05-14 19:39:46,997 - [INFO] - U_1 users: 0,1,2,3,4,5,6,7,8,9
2024-05-14 19:39:48,704 - [INFO] - share secret finished
2024-05-14 19:39:48,704 - [INFO] - U_2 users: 0,1,2,3,4,5,6,7,8,9
2024-05-14 19:40:04,687 - [INFO] - mask gradients finished
2024-05-14 19:40:08,252 - [INFO] - unmask gradients finished
2024-05-14 19:40:08,253 - [INFO] - U_3 users: 0,1,2,3,4,6,7,8,9
2024-05-14 19:40:10,562 - [INFO] - Round  29,Testing accuracy: 19.84,Time:  23.71s
2024-05-14 19:40:10,563 - [INFO] - clients [0, 1, 2, 3, 4, 5, 6, 7, 8, 9] are selected
2024-05-14 19:40:10,851 - [INFO] - advertise keys finished
2024-05-14 19:40:10,851 - [INFO] - U_1 users: 0,1,2,3,4,5,6,7,8,9
2024-05-14 19:40:13,947 - [INFO] - share secret finished
2024-05-14 19:40:13,948 - [INFO] - U_2 users: 0,1,2,3,4,5,6,7,8,9
2024-05-14 19:40:31,943 - [INFO] - mask gradients finished
2024-05-14 19:40:35,438 - [INFO] - unmask gradients finished
2024-05-14 19:40:35,438 - [INFO] - U_3 users: 0,1,2,3,4,5,7,8,9
2024-05-14 19:40:37,852 - [INFO] - Round  30,Testing accuracy: 19.84,Time:  27.29s
2024-05-14 19:40:37,853 - [INFO] - clients [0, 1, 2, 3, 4, 5, 6, 7, 8, 9] are selected
2024-05-14 19:40:38,134 - [INFO] - advertise keys finished
2024-05-14 19:40:38,135 - [INFO] - U_1 users: 0,1,2,3,4,5,6,7,8,9
2024-05-14 19:40:41,232 - [INFO] - share secret finished
2024-05-14 19:40:41,233 - [INFO] - U_2 users: 0,1,2,3,4,5,6,7,8,9
2024-05-14 19:40:59,213 - [INFO] - mask gradients finished
2024-05-14 19:41:02,711 - [INFO] - unmask gradients finished
2024-05-14 19:41:02,711 - [INFO] - U_3 users: 0,1,2,3,4,6,7,8,9
2024-05-14 19:41:05,063 - [INFO] - Round  31,Testing accuracy: 19.87,Time:  27.21s
2024-05-14 19:41:05,063 - [INFO] - clients [0, 1, 2, 3, 4, 5, 6, 7, 8, 9] are selected
2024-05-14 19:41:05,333 - [INFO] - advertise keys finished
2024-05-14 19:41:05,334 - [INFO] - U_1 users: 0,1,2,3,4,5,6,7,8,9
2024-05-14 19:41:08,434 - [INFO] - share secret finished
2024-05-14 19:41:08,434 - [INFO] - U_2 users: 0,1,2,3,4,5,6,7,8,9
2024-05-14 19:41:26,471 - [INFO] - mask gradients finished
2024-05-14 19:41:30,011 - [INFO] - unmask gradients finished
2024-05-14 19:41:30,012 - [INFO] - U_3 users: 0,1,2,3,5,6,7,8,9
2024-05-14 19:41:32,390 - [INFO] - Round  32,Testing accuracy: 19.85,Time:  27.33s
2024-05-14 19:41:32,391 - [INFO] - clients [0, 1, 2, 3, 4, 5, 6, 7, 8, 9] are selected
2024-05-14 19:41:32,657 - [INFO] - advertise keys finished
2024-05-14 19:41:32,657 - [INFO] - U_1 users: 0,1,2,3,4,5,6,7,8,9
2024-05-14 19:41:35,804 - [INFO] - share secret finished
2024-05-14 19:41:35,805 - [INFO] - U_2 users: 0,1,2,3,4,5,6,7,8,9
2024-05-14 19:41:53,772 - [INFO] - mask gradients finished
2024-05-14 19:41:57,333 - [INFO] - unmask gradients finished
2024-05-14 19:41:57,333 - [INFO] - U_3 users: 0,1,2,3,4,5,7,8,9
2024-05-14 19:41:59,714 - [INFO] - Round  33,Testing accuracy: 19.86,Time:  27.32s
2024-05-14 19:41:59,716 - [INFO] - clients [0, 1, 2, 3, 4, 5, 6, 7, 8, 9] are selected
2024-05-14 19:41:59,992 - [INFO] - advertise keys finished
2024-05-14 19:41:59,992 - [INFO] - U_1 users: 0,1,2,3,4,5,6,7,8,9
2024-05-14 19:42:03,100 - [INFO] - share secret finished
2024-05-14 19:42:03,101 - [INFO] - U_2 users: 0,1,2,3,4,5,6,7,8,9
2024-05-14 19:42:21,435 - [INFO] - mask gradients finished
2024-05-14 19:42:25,013 - [INFO] - unmask gradients finished
2024-05-14 19:42:25,014 - [INFO] - U_3 users: 0,1,2,3,4,5,7,8,9
2024-05-14 19:42:27,396 - [INFO] - Round  34,Testing accuracy: 19.89,Time:  27.68s
2024-05-14 19:42:27,397 - [INFO] - clients [0, 1, 2, 3, 4, 5, 6, 7, 8, 9] are selected
2024-05-14 19:42:27,683 - [INFO] - advertise keys finished
2024-05-14 19:42:27,683 - [INFO] - U_1 users: 0,1,2,3,4,5,6,7,8,9
2024-05-14 19:42:30,755 - [INFO] - share secret finished
2024-05-14 19:42:30,756 - [INFO] - U_2 users: 0,1,2,3,4,5,6,7,8,9
2024-05-14 19:42:48,919 - [INFO] - mask gradients finished
2024-05-14 19:42:52,416 - [INFO] - unmask gradients finished
2024-05-14 19:42:52,417 - [INFO] - U_3 users: 0,1,2,3,4,5,6,7,9
2024-05-14 19:42:54,865 - [INFO] - Round  35,Testing accuracy: 19.87,Time:  27.47s
2024-05-14 19:42:54,865 - [INFO] - clients [0, 1, 2, 3, 4, 5, 6, 7, 8, 9] are selected
2024-05-14 19:42:55,133 - [INFO] - advertise keys finished
2024-05-14 19:42:55,133 - [INFO] - U_1 users: 0,1,2,3,4,5,6,7,8,9
2024-05-14 19:42:58,207 - [INFO] - share secret finished
2024-05-14 19:42:58,207 - [INFO] - U_2 users: 0,1,2,3,4,5,6,7,8,9
2024-05-14 19:43:16,116 - [INFO] - mask gradients finished
2024-05-14 19:43:19,646 - [INFO] - unmask gradients finished
2024-05-14 19:43:19,647 - [INFO] - U_3 users: 0,1,2,3,5,6,7,8,9
2024-05-14 19:43:22,035 - [INFO] - Round  36,Testing accuracy: 19.89,Time:  27.17s
2024-05-14 19:43:22,036 - [INFO] - clients [0, 1, 2, 3, 4, 5, 6, 7, 8, 9] are selected
2024-05-14 19:43:22,314 - [INFO] - advertise keys finished
2024-05-14 19:43:22,314 - [INFO] - U_1 users: 0,1,2,3,4,5,6,7,8,9
2024-05-14 19:43:25,404 - [INFO] - share secret finished
2024-05-14 19:43:25,404 - [INFO] - U_2 users: 0,1,2,3,4,5,6,7,8,9
2024-05-14 19:43:43,677 - [INFO] - mask gradients finished
2024-05-14 19:43:47,154 - [INFO] - unmask gradients finished
2024-05-14 19:43:47,154 - [INFO] - U_3 users: 0,1,2,3,4,5,6,7,8
2024-05-14 19:43:49,740 - [INFO] - Round  37,Testing accuracy: 19.91,Time:  27.70s
2024-05-14 19:43:49,740 - [INFO] - clients [0, 1, 2, 3, 4, 5, 6, 7, 8, 9] are selected
2024-05-14 19:43:50,010 - [INFO] - advertise keys finished
2024-05-14 19:43:50,010 - [INFO] - U_1 users: 0,1,2,3,4,5,6,7,8,9
2024-05-14 19:43:53,091 - [INFO] - share secret finished
2024-05-14 19:43:53,091 - [INFO] - U_2 users: 0,1,2,3,4,5,6,7,8,9
2024-05-14 19:44:10,948 - [INFO] - mask gradients finished
2024-05-14 19:44:14,431 - [INFO] - unmask gradients finished
2024-05-14 19:44:14,431 - [INFO] - U_3 users: 0,1,2,4,5,6,7,8,9
2024-05-14 19:44:16,855 - [INFO] - Round  38,Testing accuracy: 19.90,Time:  27.12s
2024-05-14 19:44:16,856 - [INFO] - clients [0, 1, 2, 3, 4, 5, 6, 7, 8, 9] are selected
2024-05-14 19:44:17,140 - [INFO] - advertise keys finished
2024-05-14 19:44:17,141 - [INFO] - U_1 users: 0,1,2,3,4,5,6,7,8,9
2024-05-14 19:44:20,226 - [INFO] - share secret finished
2024-05-14 19:44:20,227 - [INFO] - U_2 users: 0,1,2,3,4,5,6,7,8,9
2024-05-14 19:44:38,016 - [INFO] - mask gradients finished
2024-05-14 19:44:41,459 - [INFO] - unmask gradients finished
2024-05-14 19:44:41,459 - [INFO] - U_3 users: 1,2,3,4,5,6,7,8,9
2024-05-14 19:44:43,900 - [INFO] - Round  39,Testing accuracy: 19.89,Time:  27.04s
2024-05-14 19:44:43,900 - [INFO] - clients [0, 1, 2, 3, 4, 5, 6, 7, 8, 9] are selected
2024-05-14 19:44:44,168 - [INFO] - advertise keys finished
2024-05-14 19:44:44,168 - [INFO] - U_1 users: 0,1,2,3,4,5,6,7,8,9
2024-05-14 19:44:47,399 - [INFO] - share secret finished
2024-05-14 19:44:47,399 - [INFO] - U_2 users: 0,1,2,3,4,5,6,7,8,9
2024-05-14 19:45:05,169 - [INFO] - mask gradients finished
2024-05-14 19:45:08,601 - [INFO] - unmask gradients finished
2024-05-14 19:45:08,602 - [INFO] - U_3 users: 0,1,2,4,5,6,7,8,9
2024-05-14 19:45:10,982 - [INFO] - Round  40,Testing accuracy: 19.91,Time:  27.08s
2024-05-14 19:45:10,982 - [INFO] - clients [0, 1, 2, 3, 4, 5, 6, 7, 8, 9] are selected
2024-05-14 19:45:11,246 - [INFO] - advertise keys finished
2024-05-14 19:45:11,246 - [INFO] - U_1 users: 0,1,2,3,4,5,6,7,8,9
2024-05-14 19:45:14,337 - [INFO] - share secret finished
2024-05-14 19:45:14,338 - [INFO] - U_2 users: 0,1,2,3,4,5,6,7,8,9
2024-05-14 19:45:32,204 - [INFO] - mask gradients finished
2024-05-14 19:45:35,729 - [INFO] - unmask gradients finished
2024-05-14 19:45:35,730 - [INFO] - U_3 users: 0,1,2,3,5,6,7,8,9
2024-05-14 19:45:38,100 - [INFO] - Round  41,Testing accuracy: 19.90,Time:  27.12s
2024-05-14 19:45:38,101 - [INFO] - clients [0, 1, 2, 3, 4, 5, 6, 7, 8, 9] are selected
2024-05-14 19:45:38,369 - [INFO] - advertise keys finished
2024-05-14 19:45:38,369 - [INFO] - U_1 users: 0,1,2,3,4,5,6,7,8,9
2024-05-14 19:45:41,566 - [INFO] - share secret finished
2024-05-14 19:45:41,566 - [INFO] - U_2 users: 0,1,2,3,4,5,6,7,8,9
2024-05-14 19:45:59,664 - [INFO] - mask gradients finished
2024-05-14 19:46:03,153 - [INFO] - unmask gradients finished
2024-05-14 19:46:03,154 - [INFO] - U_3 users: 0,1,3,4,5,6,7,8,9
2024-05-14 19:46:05,540 - [INFO] - Round  42,Testing accuracy: 19.90,Time:  27.44s
2024-05-14 19:46:05,540 - [INFO] - clients [0, 1, 2, 3, 4, 5, 6, 7, 8, 9] are selected
2024-05-14 19:46:05,807 - [INFO] - advertise keys finished
2024-05-14 19:46:05,807 - [INFO] - U_1 users: 0,1,2,3,4,5,6,7,8,9
2024-05-14 19:46:08,934 - [INFO] - share secret finished
2024-05-14 19:46:08,934 - [INFO] - U_2 users: 0,1,2,3,4,5,6,7,8,9
2024-05-14 19:46:26,889 - [INFO] - mask gradients finished
2024-05-14 19:46:30,371 - [INFO] - unmask gradients finished
2024-05-14 19:46:30,371 - [INFO] - U_3 users: 0,1,2,3,4,5,6,7,8
2024-05-14 19:46:32,772 - [INFO] - Round  43,Testing accuracy: 19.90,Time:  27.23s
2024-05-14 19:46:32,773 - [INFO] - clients [0, 1, 2, 3, 4, 5, 6, 7, 8, 9] are selected
2024-05-14 19:46:33,039 - [INFO] - advertise keys finished
2024-05-14 19:46:33,039 - [INFO] - U_1 users: 0,1,2,3,4,5,6,7,8,9
2024-05-14 19:46:36,179 - [INFO] - share secret finished
2024-05-14 19:46:36,179 - [INFO] - U_2 users: 0,1,2,3,4,5,6,7,8,9
2024-05-14 19:46:54,602 - [INFO] - mask gradients finished
2024-05-14 19:46:58,082 - [INFO] - unmask gradients finished
2024-05-14 19:46:58,082 - [INFO] - U_3 users: 0,1,2,3,4,5,7,8,9
2024-05-14 19:47:00,451 - [INFO] - Round  44,Testing accuracy: 19.90,Time:  27.68s
2024-05-14 19:47:00,452 - [INFO] - clients [0, 1, 2, 3, 4, 5, 6, 7, 8, 9] are selected
2024-05-14 19:47:00,723 - [INFO] - advertise keys finished
2024-05-14 19:47:00,724 - [INFO] - U_1 users: 0,1,2,3,4,5,6,7,8,9
2024-05-14 19:47:03,895 - [INFO] - share secret finished
2024-05-14 19:47:03,895 - [INFO] - U_2 users: 0,1,2,3,4,5,6,7,8,9
2024-05-14 19:47:22,543 - [INFO] - mask gradients finished
2024-05-14 19:47:26,055 - [INFO] - unmask gradients finished
2024-05-14 19:47:26,056 - [INFO] - U_3 users: 0,1,2,3,5,6,7,8,9
2024-05-14 19:47:28,410 - [INFO] - Round  45,Testing accuracy: 19.90,Time:  27.96s
2024-05-14 19:47:28,411 - [INFO] - clients [0, 1, 2, 3, 4, 5, 6, 7, 8, 9] are selected
2024-05-14 19:47:28,685 - [INFO] - advertise keys finished
2024-05-14 19:47:28,685 - [INFO] - U_1 users: 0,1,2,3,4,5,6,7,8,9
2024-05-14 19:47:31,871 - [INFO] - share secret finished
2024-05-14 19:47:31,872 - [INFO] - U_2 users: 0,1,2,3,4,5,6,7,8,9
2024-05-14 19:47:50,345 - [INFO] - mask gradients finished
2024-05-14 19:47:53,916 - [INFO] - unmask gradients finished
2024-05-14 19:47:53,916 - [INFO] - U_3 users: 0,1,2,3,4,6,7,8,9
2024-05-14 19:47:56,280 - [INFO] - Round  46,Testing accuracy: 19.91,Time:  27.87s
2024-05-14 19:47:56,280 - [INFO] - clients [0, 1, 2, 3, 4, 5, 6, 7, 8, 9] are selected
2024-05-14 19:47:56,551 - [INFO] - advertise keys finished
2024-05-14 19:47:56,551 - [INFO] - U_1 users: 0,1,2,3,4,5,6,7,8,9
2024-05-14 19:47:59,625 - [INFO] - share secret finished
2024-05-14 19:47:59,625 - [INFO] - U_2 users: 0,1,2,3,4,5,6,7,8,9
2024-05-14 19:48:18,207 - [INFO] - mask gradients finished
2024-05-14 19:48:21,909 - [INFO] - unmask gradients finished
2024-05-14 19:48:21,910 - [INFO] - U_3 users: 1,2,3,4,5,6,7,8,9
2024-05-14 19:48:24,277 - [INFO] - Round  47,Testing accuracy: 19.90,Time:  28.00s
2024-05-14 19:48:24,278 - [INFO] - clients [0, 1, 2, 3, 4, 5, 6, 7, 8, 9] are selected
2024-05-14 19:48:24,547 - [INFO] - advertise keys finished
2024-05-14 19:48:24,548 - [INFO] - U_1 users: 0,1,2,3,4,5,6,7,8,9
2024-05-14 19:48:28,005 - [INFO] - share secret finished
2024-05-14 19:48:28,006 - [INFO] - U_2 users: 0,1,2,3,4,5,6,7,8,9
2024-05-14 19:48:45,551 - [INFO] - mask gradients finished
2024-05-14 19:48:47,457 - [INFO] - unmask gradients finished
2024-05-14 19:48:47,457 - [INFO] - U_3 users: 1,2,3,4,5,6,7,8,9
2024-05-14 19:49:23,511 - [INFO] - Round  48,Testing accuracy: 19.89,Time:  59.23s
2024-05-14 19:49:23,511 - [INFO] - clients [0, 1, 2, 3, 4, 5, 6, 7, 8, 9] are selected
2024-05-14 19:49:23,660 - [INFO] - advertise keys finished
2024-05-14 19:49:23,660 - [INFO] - U_1 users: 0,1,2,3,4,5,6,7,8,9
2024-05-14 19:49:25,377 - [INFO] - share secret finished
2024-05-14 19:49:25,377 - [INFO] - U_2 users: 0,1,2,3,4,5,6,7,8,9
2024-05-14 19:49:35,247 - [INFO] - mask gradients finished
2024-05-14 19:49:37,168 - [INFO] - unmask gradients finished
2024-05-14 19:49:37,168 - [INFO] - U_3 users: 0,1,2,3,4,5,6,8,9
2024-05-14 19:49:38,430 - [INFO] - Round  49,Testing accuracy: 19.90,Time:  14.92s
2024-05-14 19:49:38,431 - [INFO] - clients [0, 1, 2, 3, 4, 5, 6, 7, 8, 9] are selected
2024-05-14 19:49:38,593 - [INFO] - advertise keys finished
2024-05-14 19:49:38,593 - [INFO] - U_1 users: 0,1,2,3,4,5,6,7,8,9
2024-05-14 19:49:40,306 - [INFO] - share secret finished
2024-05-14 19:49:40,306 - [INFO] - U_2 users: 0,1,2,3,4,5,6,7,8,9
2024-05-14 19:49:49,858 - [INFO] - mask gradients finished
2024-05-14 19:49:51,750 - [INFO] - unmask gradients finished
2024-05-14 19:49:51,751 - [INFO] - U_3 users: 0,2,3,4,5,6,7,8,9
2024-05-14 19:49:53,012 - [INFO] - Round  50,Testing accuracy: 19.90,Time:  14.58s
2024-05-14 19:49:53,012 - [INFO] - clients [0, 1, 2, 3, 4, 5, 6, 7, 8, 9] are selected
2024-05-14 19:49:53,162 - [INFO] - advertise keys finished
2024-05-14 19:49:53,162 - [INFO] - U_1 users: 0,1,2,3,4,5,6,7,8,9
2024-05-14 19:49:54,901 - [INFO] - share secret finished
2024-05-14 19:49:54,902 - [INFO] - U_2 users: 0,1,2,3,4,5,6,7,8,9
2024-05-14 19:50:04,396 - [INFO] - mask gradients finished
2024-05-14 19:50:06,295 - [INFO] - unmask gradients finished
2024-05-14 19:50:06,295 - [INFO] - U_3 users: 0,1,2,4,5,6,7,8,9
2024-05-14 19:50:07,508 - [INFO] - Round  51,Testing accuracy: 19.91,Time:  14.50s
2024-05-14 19:50:07,508 - [INFO] - clients [0, 1, 2, 3, 4, 5, 6, 7, 8, 9] are selected
2024-05-14 19:50:07,657 - [INFO] - advertise keys finished
2024-05-14 19:50:07,657 - [INFO] - U_1 users: 0,1,2,3,4,5,6,7,8,9
2024-05-14 19:50:09,368 - [INFO] - share secret finished
2024-05-14 19:50:09,369 - [INFO] - U_2 users: 0,1,2,3,4,5,6,7,8,9
2024-05-14 19:50:18,923 - [INFO] - mask gradients finished
2024-05-14 19:50:20,855 - [INFO] - unmask gradients finished
2024-05-14 19:50:20,856 - [INFO] - U_3 users: 0,1,2,3,5,6,7,8,9
2024-05-14 19:50:22,068 - [INFO] - Round  52,Testing accuracy: 19.91,Time:  14.56s
2024-05-14 19:50:22,068 - [INFO] - clients [0, 1, 2, 3, 4, 5, 6, 7, 8, 9] are selected
2024-05-14 19:50:22,217 - [INFO] - advertise keys finished
2024-05-14 19:50:22,217 - [INFO] - U_1 users: 0,1,2,3,4,5,6,7,8,9
2024-05-14 19:50:23,935 - [INFO] - share secret finished
2024-05-14 19:50:23,935 - [INFO] - U_2 users: 0,1,2,3,4,5,6,7,8,9
2024-05-14 19:50:33,461 - [INFO] - mask gradients finished
2024-05-14 19:50:35,413 - [INFO] - unmask gradients finished
2024-05-14 19:50:35,413 - [INFO] - U_3 users: 0,1,2,3,4,6,7,8,9
2024-05-14 19:50:36,785 - [INFO] - Round  53,Testing accuracy: 19.91,Time:  14.72s
2024-05-14 19:50:36,785 - [INFO] - clients [0, 1, 2, 3, 4, 5, 6, 7, 8, 9] are selected
2024-05-14 19:50:36,939 - [INFO] - advertise keys finished
2024-05-14 19:50:36,939 - [INFO] - U_1 users: 0,1,2,3,4,5,6,7,8,9
2024-05-14 19:50:38,662 - [INFO] - share secret finished
2024-05-14 19:50:38,662 - [INFO] - U_2 users: 0,1,2,3,4,5,6,7,8,9
2024-05-14 19:50:48,418 - [INFO] - mask gradients finished
2024-05-14 19:50:50,326 - [INFO] - unmask gradients finished
2024-05-14 19:50:50,326 - [INFO] - U_3 users: 0,1,2,3,4,5,6,7,8
2024-05-14 19:50:51,557 - [INFO] - Round  54,Testing accuracy: 19.91,Time:  14.77s
2024-05-14 19:50:51,557 - [INFO] - clients [0, 1, 2, 3, 4, 5, 6, 7, 8, 9] are selected
2024-05-14 19:50:51,707 - [INFO] - advertise keys finished
2024-05-14 19:50:51,707 - [INFO] - U_1 users: 0,1,2,3,4,5,6,7,8,9
2024-05-14 19:50:54,554 - [INFO] - share secret finished
2024-05-14 19:50:54,554 - [INFO] - U_2 users: 0,1,2,3,4,5,6,7,8,9
2024-05-14 19:51:13,604 - [INFO] - mask gradients finished
2024-05-14 19:51:17,081 - [INFO] - unmask gradients finished
2024-05-14 19:51:17,081 - [INFO] - U_3 users: 0,1,2,3,4,5,6,7,8
2024-05-14 19:51:19,428 - [INFO] - Round  55,Testing accuracy: 19.90,Time:  27.87s
2024-05-14 19:51:19,428 - [INFO] - clients [0, 1, 2, 3, 4, 5, 6, 7, 8, 9] are selected
2024-05-14 19:51:19,707 - [INFO] - advertise keys finished
2024-05-14 19:51:19,708 - [INFO] - U_1 users: 0,1,2,3,4,5,6,7,8,9
2024-05-14 19:51:22,922 - [INFO] - share secret finished
2024-05-14 19:51:22,923 - [INFO] - U_2 users: 0,1,2,3,4,5,6,7,8,9
2024-05-14 19:51:41,189 - [INFO] - mask gradients finished
2024-05-14 19:51:44,660 - [INFO] - unmask gradients finished
2024-05-14 19:51:44,660 - [INFO] - U_3 users: 0,1,2,4,5,6,7,8,9
2024-05-14 19:51:47,020 - [INFO] - Round  56,Testing accuracy: 19.90,Time:  27.59s
2024-05-14 19:51:47,020 - [INFO] - clients [0, 1, 2, 3, 4, 5, 6, 7, 8, 9] are selected
2024-05-14 19:51:47,288 - [INFO] - advertise keys finished
2024-05-14 19:51:47,288 - [INFO] - U_1 users: 0,1,2,3,4,5,6,7,8,9
2024-05-14 19:51:50,395 - [INFO] - share secret finished
2024-05-14 19:51:50,396 - [INFO] - U_2 users: 0,1,2,3,4,5,6,7,8,9
2024-05-14 19:52:08,410 - [INFO] - mask gradients finished
2024-05-14 19:52:11,861 - [INFO] - unmask gradients finished
2024-05-14 19:52:11,862 - [INFO] - U_3 users: 0,1,2,3,4,6,7,8,9
2024-05-14 19:52:14,242 - [INFO] - Round  57,Testing accuracy: 19.89,Time:  27.22s
2024-05-14 19:52:14,242 - [INFO] - clients [0, 1, 2, 3, 4, 5, 6, 7, 8, 9] are selected
2024-05-14 19:52:14,513 - [INFO] - advertise keys finished
2024-05-14 19:52:14,514 - [INFO] - U_1 users: 0,1,2,3,4,5,6,7,8,9
2024-05-14 19:52:17,589 - [INFO] - share secret finished
2024-05-14 19:52:17,589 - [INFO] - U_2 users: 0,1,2,3,4,5,6,7,8,9
2024-05-14 19:52:35,844 - [INFO] - mask gradients finished
2024-05-14 19:52:39,329 - [INFO] - unmask gradients finished
2024-05-14 19:52:39,330 - [INFO] - U_3 users: 0,1,2,3,4,5,6,8,9
2024-05-14 19:52:41,650 - [INFO] - Round  58,Testing accuracy: 19.89,Time:  27.41s
2024-05-14 19:52:41,651 - [INFO] - clients [0, 1, 2, 3, 4, 5, 6, 7, 8, 9] are selected
2024-05-14 19:52:41,925 - [INFO] - advertise keys finished
2024-05-14 19:52:41,925 - [INFO] - U_1 users: 0,1,2,3,4,5,6,7,8,9
2024-05-14 19:52:45,003 - [INFO] - share secret finished
2024-05-14 19:52:45,003 - [INFO] - U_2 users: 0,1,2,3,4,5,6,7,8,9
2024-05-14 19:53:03,122 - [INFO] - mask gradients finished
2024-05-14 19:53:06,706 - [INFO] - unmask gradients finished
2024-05-14 19:53:06,707 - [INFO] - U_3 users: 0,1,3,4,5,6,7,8,9
2024-05-14 19:53:09,010 - [INFO] - Round  59,Testing accuracy: 19.89,Time:  27.36s
2024-05-14 19:53:09,011 - [INFO] - clients [0, 1, 2, 3, 4, 5, 6, 7, 8, 9] are selected
2024-05-14 19:53:09,294 - [INFO] - advertise keys finished
2024-05-14 19:53:09,295 - [INFO] - U_1 users: 0,1,2,3,4,5,6,7,8,9
2024-05-14 19:53:12,447 - [INFO] - share secret finished
2024-05-14 19:53:12,447 - [INFO] - U_2 users: 0,1,2,3,4,5,6,7,8,9
2024-05-14 19:53:30,484 - [INFO] - mask gradients finished
2024-05-14 19:53:34,085 - [INFO] - unmask gradients finished
2024-05-14 19:53:34,085 - [INFO] - U_3 users: 0,1,2,4,5,6,7,8,9
2024-05-14 19:53:36,444 - [INFO] - Round  60,Testing accuracy: 19.89,Time:  27.43s
2024-05-14 19:53:36,445 - [INFO] - clients [0, 1, 2, 3, 4, 5, 6, 7, 8, 9] are selected
2024-05-14 19:53:36,722 - [INFO] - advertise keys finished
2024-05-14 19:53:36,722 - [INFO] - U_1 users: 0,1,2,3,4,5,6,7,8,9
2024-05-14 19:53:39,826 - [INFO] - share secret finished
2024-05-14 19:53:39,827 - [INFO] - U_2 users: 0,1,2,3,4,5,6,7,8,9
2024-05-14 19:53:57,624 - [INFO] - mask gradients finished
2024-05-14 19:54:01,194 - [INFO] - unmask gradients finished
2024-05-14 19:54:01,194 - [INFO] - U_3 users: 0,1,2,3,4,5,6,7,8
2024-05-14 19:54:03,659 - [INFO] - Round  61,Testing accuracy: 19.89,Time:  27.21s
2024-05-14 19:54:03,659 - [INFO] - clients [0, 1, 2, 3, 4, 5, 6, 7, 8, 9] are selected
2024-05-14 19:54:03,949 - [INFO] - advertise keys finished
2024-05-14 19:54:03,949 - [INFO] - U_1 users: 0,1,2,3,4,5,6,7,8,9
2024-05-14 19:54:07,049 - [INFO] - share secret finished
2024-05-14 19:54:07,049 - [INFO] - U_2 users: 0,1,2,3,4,5,6,7,8,9
2024-05-14 19:54:24,855 - [INFO] - mask gradients finished
2024-05-14 19:54:28,468 - [INFO] - unmask gradients finished
2024-05-14 19:54:28,469 - [INFO] - U_3 users: 0,1,2,3,4,5,6,7,8
2024-05-14 19:54:30,815 - [INFO] - Round  62,Testing accuracy: 19.89,Time:  27.16s
2024-05-14 19:54:30,816 - [INFO] - clients [0, 1, 2, 3, 4, 5, 6, 7, 8, 9] are selected
2024-05-14 19:54:31,086 - [INFO] - advertise keys finished
2024-05-14 19:54:31,086 - [INFO] - U_1 users: 0,1,2,3,4,5,6,7,8,9
2024-05-14 19:54:34,200 - [INFO] - share secret finished
2024-05-14 19:54:34,201 - [INFO] - U_2 users: 0,1,2,3,4,5,6,7,8,9
2024-05-14 19:54:51,921 - [INFO] - mask gradients finished
2024-05-14 19:54:55,557 - [INFO] - unmask gradients finished
2024-05-14 19:54:55,557 - [INFO] - U_3 users: 0,1,2,3,4,5,7,8,9
2024-05-14 19:54:58,296 - [INFO] - Round  63,Testing accuracy: 19.89,Time:  27.48s
2024-05-14 19:54:58,297 - [INFO] - clients [0, 1, 2, 3, 4, 5, 6, 7, 8, 9] are selected
2024-05-14 19:54:58,583 - [INFO] - advertise keys finished
2024-05-14 19:54:58,584 - [INFO] - U_1 users: 0,1,2,3,4,5,6,7,8,9
2024-05-14 19:55:01,803 - [INFO] - share secret finished
2024-05-14 19:55:01,803 - [INFO] - U_2 users: 0,1,2,3,4,5,6,7,8,9
2024-05-14 19:55:19,933 - [INFO] - mask gradients finished
2024-05-14 19:55:23,404 - [INFO] - unmask gradients finished
2024-05-14 19:55:23,405 - [INFO] - U_3 users: 0,1,2,3,4,5,6,7,8
2024-05-14 19:55:25,917 - [INFO] - Round  64,Testing accuracy: 19.89,Time:  27.62s
2024-05-14 19:55:25,918 - [INFO] - clients [0, 1, 2, 3, 4, 5, 6, 7, 8, 9] are selected
2024-05-14 19:55:26,189 - [INFO] - advertise keys finished
2024-05-14 19:55:26,189 - [INFO] - U_1 users: 0,1,2,3,4,5,6,7,8,9
2024-05-14 19:55:29,275 - [INFO] - share secret finished
2024-05-14 19:55:29,276 - [INFO] - U_2 users: 0,1,2,3,4,5,6,7,8,9
2024-05-14 19:55:44,106 - [INFO] - mask gradients finished
2024-05-14 19:55:47,753 - [INFO] - unmask gradients finished
2024-05-14 19:55:47,753 - [INFO] - U_3 users: 0,1,2,3,4,5,6,7,8
2024-05-14 19:55:50,359 - [INFO] - Round  65,Testing accuracy: 19.89,Time:  24.44s
2024-05-14 19:55:50,360 - [INFO] - clients [0, 1, 2, 3, 4, 5, 6, 7, 8, 9] are selected
2024-05-14 19:55:50,637 - [INFO] - advertise keys finished
2024-05-14 19:55:50,637 - [INFO] - U_1 users: 0,1,2,3,4,5,6,7,8,9
2024-05-14 19:55:53,845 - [INFO] - share secret finished
2024-05-14 19:55:53,846 - [INFO] - U_2 users: 0,1,2,3,4,5,6,7,8,9
2024-05-14 19:56:12,488 - [INFO] - mask gradients finished
2024-05-14 19:56:15,987 - [INFO] - unmask gradients finished
2024-05-14 19:56:15,988 - [INFO] - U_3 users: 0,1,2,4,5,6,7,8,9
2024-05-14 19:56:18,440 - [INFO] - Round  66,Testing accuracy: 19.89,Time:  28.08s
2024-05-14 19:56:18,441 - [INFO] - clients [0, 1, 2, 3, 4, 5, 6, 7, 8, 9] are selected
2024-05-14 19:56:18,713 - [INFO] - advertise keys finished
2024-05-14 19:56:18,714 - [INFO] - U_1 users: 0,1,2,3,4,5,6,7,8,9
2024-05-14 19:56:21,807 - [INFO] - share secret finished
2024-05-14 19:56:21,808 - [INFO] - U_2 users: 0,1,2,3,4,5,6,7,8,9
2024-05-14 19:56:40,399 - [INFO] - mask gradients finished
2024-05-14 19:56:43,860 - [INFO] - unmask gradients finished
2024-05-14 19:56:43,860 - [INFO] - U_3 users: 0,1,2,3,4,5,6,8,9
2024-05-14 19:56:46,274 - [INFO] - Round  67,Testing accuracy: 19.89,Time:  27.83s
2024-05-14 19:56:46,275 - [INFO] - clients [0, 1, 2, 3, 4, 5, 6, 7, 8, 9] are selected
2024-05-14 19:56:46,564 - [INFO] - advertise keys finished
2024-05-14 19:56:46,564 - [INFO] - U_1 users: 0,1,2,3,4,5,6,7,8,9
2024-05-14 19:56:49,640 - [INFO] - share secret finished
2024-05-14 19:56:49,640 - [INFO] - U_2 users: 0,1,2,3,4,5,6,7,8,9
2024-05-14 19:57:07,747 - [INFO] - mask gradients finished
2024-05-14 19:57:11,209 - [INFO] - unmask gradients finished
2024-05-14 19:57:11,209 - [INFO] - U_3 users: 0,1,2,4,5,6,7,8,9
2024-05-14 19:57:13,655 - [INFO] - Round  68,Testing accuracy: 19.89,Time:  27.38s
2024-05-14 19:57:13,656 - [INFO] - clients [0, 1, 2, 3, 4, 5, 6, 7, 8, 9] are selected
2024-05-14 19:57:13,932 - [INFO] - advertise keys finished
2024-05-14 19:57:13,933 - [INFO] - U_1 users: 0,1,2,3,4,5,6,7,8,9
2024-05-14 19:57:17,029 - [INFO] - share secret finished
2024-05-14 19:57:17,030 - [INFO] - U_2 users: 0,1,2,3,4,5,6,7,8,9
2024-05-14 19:57:34,839 - [INFO] - mask gradients finished
2024-05-14 19:57:38,361 - [INFO] - unmask gradients finished
2024-05-14 19:57:38,361 - [INFO] - U_3 users: 0,1,2,3,4,5,6,7,9
2024-05-14 19:57:40,827 - [INFO] - Round  69,Testing accuracy: 19.89,Time:  27.17s
2024-05-14 19:57:40,827 - [INFO] - clients [0, 1, 2, 3, 4, 5, 6, 7, 8, 9] are selected
2024-05-14 19:57:41,099 - [INFO] - advertise keys finished
2024-05-14 19:57:41,100 - [INFO] - U_1 users: 0,1,2,3,4,5,6,7,8,9
2024-05-14 19:57:44,286 - [INFO] - share secret finished
2024-05-14 19:57:44,286 - [INFO] - U_2 users: 0,1,2,3,4,5,6,7,8,9
2024-05-14 19:58:02,064 - [INFO] - mask gradients finished
2024-05-14 19:58:05,620 - [INFO] - unmask gradients finished
2024-05-14 19:58:05,621 - [INFO] - U_3 users: 0,1,2,4,5,6,7,8,9
2024-05-14 19:58:07,966 - [INFO] - Round  70,Testing accuracy: 19.89,Time:  27.14s
2024-05-14 19:58:07,967 - [INFO] - clients [0, 1, 2, 3, 4, 5, 6, 7, 8, 9] are selected
2024-05-14 19:58:08,238 - [INFO] - advertise keys finished
2024-05-14 19:58:08,238 - [INFO] - U_1 users: 0,1,2,3,4,5,6,7,8,9
2024-05-14 19:58:11,322 - [INFO] - share secret finished
2024-05-14 19:58:11,322 - [INFO] - U_2 users: 0,1,2,3,4,5,6,7,8,9
2024-05-14 19:58:29,381 - [INFO] - mask gradients finished
2024-05-14 19:58:32,881 - [INFO] - unmask gradients finished
2024-05-14 19:58:32,882 - [INFO] - U_3 users: 1,2,3,4,5,6,7,8,9
2024-05-14 19:58:35,226 - [INFO] - Round  71,Testing accuracy: 19.89,Time:  27.26s
2024-05-14 19:58:35,227 - [INFO] - clients [0, 1, 2, 3, 4, 5, 6, 7, 8, 9] are selected
2024-05-14 19:58:35,514 - [INFO] - advertise keys finished
2024-05-14 19:58:35,515 - [INFO] - U_1 users: 0,1,2,3,4,5,6,7,8,9
2024-05-14 19:58:38,586 - [INFO] - share secret finished
2024-05-14 19:58:38,587 - [INFO] - U_2 users: 0,1,2,3,4,5,6,7,8,9
2024-05-14 19:58:56,616 - [INFO] - mask gradients finished
2024-05-14 19:59:00,087 - [INFO] - unmask gradients finished
2024-05-14 19:59:00,088 - [INFO] - U_3 users: 0,1,2,3,4,5,6,7,9
2024-05-14 19:59:02,472 - [INFO] - Round  72,Testing accuracy: 19.89,Time:  27.25s
2024-05-14 19:59:02,473 - [INFO] - clients [0, 1, 2, 3, 4, 5, 6, 7, 8, 9] are selected
2024-05-14 19:59:02,764 - [INFO] - advertise keys finished
2024-05-14 19:59:02,765 - [INFO] - U_1 users: 0,1,2,3,4,5,6,7,8,9
2024-05-14 19:59:05,935 - [INFO] - share secret finished
2024-05-14 19:59:05,936 - [INFO] - U_2 users: 0,1,2,3,4,5,6,7,8,9
2024-05-14 19:59:24,234 - [INFO] - mask gradients finished
2024-05-14 19:59:27,746 - [INFO] - unmask gradients finished
2024-05-14 19:59:27,747 - [INFO] - U_3 users: 0,1,3,4,5,6,7,8,9
2024-05-14 19:59:30,080 - [INFO] - Round  73,Testing accuracy: 19.89,Time:  27.61s
2024-05-14 19:59:30,080 - [INFO] - clients [0, 1, 2, 3, 4, 5, 6, 7, 8, 9] are selected
2024-05-14 19:59:30,341 - [INFO] - advertise keys finished
2024-05-14 19:59:30,342 - [INFO] - U_1 users: 0,1,2,3,4,5,6,7,8,9
2024-05-14 19:59:33,439 - [INFO] - share secret finished
2024-05-14 19:59:33,440 - [INFO] - U_2 users: 0,1,2,3,4,5,6,7,8,9
2024-05-14 19:59:51,369 - [INFO] - mask gradients finished
2024-05-14 19:59:54,831 - [INFO] - unmask gradients finished
2024-05-14 19:59:54,832 - [INFO] - U_3 users: 0,2,3,4,5,6,7,8,9
2024-05-14 19:59:57,227 - [INFO] - Round  74,Testing accuracy: 19.89,Time:  27.15s
2024-05-14 19:59:57,227 - [INFO] - clients [0, 1, 2, 3, 4, 5, 6, 7, 8, 9] are selected
2024-05-14 19:59:57,500 - [INFO] - advertise keys finished
2024-05-14 19:59:57,501 - [INFO] - U_1 users: 0,1,2,3,4,5,6,7,8,9
2024-05-14 20:00:00,576 - [INFO] - share secret finished
2024-05-14 20:00:00,576 - [INFO] - U_2 users: 0,1,2,3,4,5,6,7,8,9
2024-05-14 20:00:18,617 - [INFO] - mask gradients finished
2024-05-14 20:00:22,113 - [INFO] - unmask gradients finished
2024-05-14 20:00:22,113 - [INFO] - U_3 users: 0,1,2,3,4,5,6,7,9
2024-05-14 20:00:24,421 - [INFO] - Round  75,Testing accuracy: 19.89,Time:  27.19s
2024-05-14 20:00:24,422 - [INFO] - clients [0, 1, 2, 3, 4, 5, 6, 7, 8, 9] are selected
2024-05-14 20:00:24,687 - [INFO] - advertise keys finished
2024-05-14 20:00:24,687 - [INFO] - U_1 users: 0,1,2,3,4,5,6,7,8,9
2024-05-14 20:00:27,764 - [INFO] - share secret finished
2024-05-14 20:00:27,764 - [INFO] - U_2 users: 0,1,2,3,4,5,6,7,8,9
2024-05-14 20:00:45,546 - [INFO] - mask gradients finished
2024-05-14 20:00:49,013 - [INFO] - unmask gradients finished
2024-05-14 20:00:49,014 - [INFO] - U_3 users: 0,1,2,3,5,6,7,8,9
2024-05-14 20:00:51,322 - [INFO] - Round  76,Testing accuracy: 19.89,Time:  26.90s
2024-05-14 20:00:51,322 - [INFO] - clients [0, 1, 2, 3, 4, 5, 6, 7, 8, 9] are selected
2024-05-14 20:00:51,597 - [INFO] - advertise keys finished
2024-05-14 20:00:51,597 - [INFO] - U_1 users: 0,1,2,3,4,5,6,7,8,9
2024-05-14 20:00:54,685 - [INFO] - share secret finished
2024-05-14 20:00:54,685 - [INFO] - U_2 users: 0,1,2,3,4,5,6,7,8,9
2024-05-14 20:01:12,800 - [INFO] - mask gradients finished
2024-05-14 20:01:16,274 - [INFO] - unmask gradients finished
2024-05-14 20:01:16,275 - [INFO] - U_3 users: 0,1,2,3,4,5,6,7,8
2024-05-14 20:01:18,644 - [INFO] - Round  77,Testing accuracy: 19.89,Time:  27.32s
2024-05-14 20:01:18,644 - [INFO] - clients [0, 1, 2, 3, 4, 5, 6, 7, 8, 9] are selected
2024-05-14 20:01:18,920 - [INFO] - advertise keys finished
2024-05-14 20:01:18,921 - [INFO] - U_1 users: 0,1,2,3,4,5,6,7,8,9
2024-05-14 20:01:21,989 - [INFO] - share secret finished
2024-05-14 20:01:21,989 - [INFO] - U_2 users: 0,1,2,3,4,5,6,7,8,9
2024-05-14 20:01:40,022 - [INFO] - mask gradients finished
2024-05-14 20:01:43,455 - [INFO] - unmask gradients finished
2024-05-14 20:01:43,455 - [INFO] - U_3 users: 0,1,2,3,4,5,6,7,9
2024-05-14 20:01:45,820 - [INFO] - Round  78,Testing accuracy: 19.89,Time:  27.18s
2024-05-14 20:01:45,820 - [INFO] - clients [0, 1, 2, 3, 4, 5, 6, 7, 8, 9] are selected
2024-05-14 20:01:46,090 - [INFO] - advertise keys finished
2024-05-14 20:01:46,090 - [INFO] - U_1 users: 0,1,2,3,4,5,6,7,8,9
2024-05-14 20:01:49,185 - [INFO] - share secret finished
2024-05-14 20:01:49,186 - [INFO] - U_2 users: 0,1,2,3,4,5,6,7,8,9
2024-05-14 20:02:07,367 - [INFO] - mask gradients finished
2024-05-14 20:02:10,831 - [INFO] - unmask gradients finished
2024-05-14 20:02:10,831 - [INFO] - U_3 users: 0,1,2,3,4,5,6,8,9
2024-05-14 20:02:13,284 - [INFO] - Round  79,Testing accuracy: 19.89,Time:  27.46s
2024-05-14 20:02:13,285 - [INFO] - clients [0, 1, 2, 3, 4, 5, 6, 7, 8, 9] are selected
2024-05-14 20:02:13,555 - [INFO] - advertise keys finished
2024-05-14 20:02:13,556 - [INFO] - U_1 users: 0,1,2,3,4,5,6,7,8,9
2024-05-14 20:02:16,699 - [INFO] - share secret finished
2024-05-14 20:02:16,700 - [INFO] - U_2 users: 0,1,2,3,4,5,6,7,8,9
2024-05-14 20:02:34,698 - [INFO] - mask gradients finished
2024-05-14 20:02:38,142 - [INFO] - unmask gradients finished
2024-05-14 20:02:38,144 - [INFO] - U_3 users: 0,1,3,4,5,6,7,8,9
2024-05-14 20:02:40,526 - [INFO] - Round  80,Testing accuracy: 19.89,Time:  27.24s
2024-05-14 20:02:40,526 - [INFO] - clients [0, 1, 2, 3, 4, 5, 6, 7, 8, 9] are selected
2024-05-14 20:02:40,791 - [INFO] - advertise keys finished
2024-05-14 20:02:40,792 - [INFO] - U_1 users: 0,1,2,3,4,5,6,7,8,9
2024-05-14 20:02:44,008 - [INFO] - share secret finished
2024-05-14 20:02:44,008 - [INFO] - U_2 users: 0,1,2,3,4,5,6,7,8,9
2024-05-14 20:03:01,966 - [INFO] - mask gradients finished
2024-05-14 20:03:05,462 - [INFO] - unmask gradients finished
2024-05-14 20:03:05,463 - [INFO] - U_3 users: 0,1,2,3,4,6,7,8,9
2024-05-14 20:03:07,848 - [INFO] - Round  81,Testing accuracy: 19.89,Time:  27.32s
2024-05-14 20:03:07,849 - [INFO] - clients [0, 1, 2, 3, 4, 5, 6, 7, 8, 9] are selected
2024-05-14 20:03:08,122 - [INFO] - advertise keys finished
2024-05-14 20:03:08,122 - [INFO] - U_1 users: 0,1,2,3,4,5,6,7,8,9
2024-05-14 20:03:11,185 - [INFO] - share secret finished
2024-05-14 20:03:11,186 - [INFO] - U_2 users: 0,1,2,3,4,5,6,7,8,9
2024-05-14 20:03:29,115 - [INFO] - mask gradients finished
2024-05-14 20:03:32,594 - [INFO] - unmask gradients finished
2024-05-14 20:03:32,595 - [INFO] - U_3 users: 0,1,2,4,5,6,7,8,9
2024-05-14 20:03:34,972 - [INFO] - Round  82,Testing accuracy: 19.89,Time:  27.12s
2024-05-14 20:03:34,972 - [INFO] - clients [0, 1, 2, 3, 4, 5, 6, 7, 8, 9] are selected
2024-05-14 20:03:35,238 - [INFO] - advertise keys finished
2024-05-14 20:03:35,238 - [INFO] - U_1 users: 0,1,2,3,4,5,6,7,8,9
2024-05-14 20:03:38,327 - [INFO] - share secret finished
2024-05-14 20:03:38,327 - [INFO] - U_2 users: 0,1,2,3,4,5,6,7,8,9
2024-05-14 20:03:56,182 - [INFO] - mask gradients finished
2024-05-14 20:03:59,733 - [INFO] - unmask gradients finished
2024-05-14 20:03:59,734 - [INFO] - U_3 users: 0,2,3,4,5,6,7,8,9
2024-05-14 20:04:02,105 - [INFO] - Round  83,Testing accuracy: 19.89,Time:  27.13s
2024-05-14 20:04:02,105 - [INFO] - clients [0, 1, 2, 3, 4, 5, 6, 7, 8, 9] are selected
2024-05-14 20:04:02,375 - [INFO] - advertise keys finished
2024-05-14 20:04:02,375 - [INFO] - U_1 users: 0,1,2,3,4,5,6,7,8,9
2024-05-14 20:04:05,460 - [INFO] - share secret finished
2024-05-14 20:04:05,461 - [INFO] - U_2 users: 0,1,2,3,4,5,6,7,8,9
2024-05-14 20:04:23,578 - [INFO] - mask gradients finished
2024-05-14 20:04:27,067 - [INFO] - unmask gradients finished
2024-05-14 20:04:27,067 - [INFO] - U_3 users: 0,1,2,3,4,5,6,8,9
2024-05-14 20:04:29,337 - [INFO] - Round  84,Testing accuracy: 19.89,Time:  27.23s
2024-05-14 20:04:29,337 - [INFO] - clients [0, 1, 2, 3, 4, 5, 6, 7, 8, 9] are selected
2024-05-14 20:04:29,631 - [INFO] - advertise keys finished
2024-05-14 20:04:29,631 - [INFO] - U_1 users: 0,1,2,3,4,5,6,7,8,9
2024-05-14 20:04:32,751 - [INFO] - share secret finished
2024-05-14 20:04:32,751 - [INFO] - U_2 users: 0,1,2,3,4,5,6,7,8,9
2024-05-14 20:04:50,556 - [INFO] - mask gradients finished
2024-05-14 20:04:53,997 - [INFO] - unmask gradients finished
2024-05-14 20:04:53,997 - [INFO] - U_3 users: 0,1,2,3,4,5,7,8,9
2024-05-14 20:04:56,397 - [INFO] - Round  85,Testing accuracy: 19.89,Time:  27.06s
2024-05-14 20:04:56,398 - [INFO] - clients [0, 1, 2, 3, 4, 5, 6, 7, 8, 9] are selected
2024-05-14 20:04:56,667 - [INFO] - advertise keys finished
2024-05-14 20:04:56,667 - [INFO] - U_1 users: 0,1,2,3,4,5,6,7,8,9
2024-05-14 20:04:59,770 - [INFO] - share secret finished
2024-05-14 20:04:59,771 - [INFO] - U_2 users: 0,1,2,3,4,5,6,7,8,9
2024-05-14 20:05:17,694 - [INFO] - mask gradients finished
2024-05-14 20:05:21,146 - [INFO] - unmask gradients finished
2024-05-14 20:05:21,147 - [INFO] - U_3 users: 0,1,2,3,4,5,6,8,9
2024-05-14 20:05:23,532 - [INFO] - Round  86,Testing accuracy: 19.89,Time:  27.13s
2024-05-14 20:05:23,533 - [INFO] - clients [0, 1, 2, 3, 4, 5, 6, 7, 8, 9] are selected
2024-05-14 20:05:23,802 - [INFO] - advertise keys finished
2024-05-14 20:05:23,803 - [INFO] - U_1 users: 0,1,2,3,4,5,6,7,8,9
2024-05-14 20:05:26,898 - [INFO] - share secret finished
2024-05-14 20:05:26,899 - [INFO] - U_2 users: 0,1,2,3,4,5,6,7,8,9
2024-05-14 20:16:05,742 - [INFO] - mask gradients finished
2024-05-14 20:16:07,651 - [INFO] - unmask gradients finished
2024-05-14 20:16:07,651 - [INFO] - U_3 users: 0,1,2,3,4,6,7,8,9
2024-05-14 20:16:08,879 - [INFO] - Round  87,Testing accuracy: 19.89,Time:  645.35s
2024-05-14 20:16:08,880 - [INFO] - clients [0, 1, 2, 3, 4, 5, 6, 7, 8, 9] are selected
2024-05-14 20:16:09,031 - [INFO] - advertise keys finished
2024-05-14 20:16:09,031 - [INFO] - U_1 users: 0,1,2,3,4,5,6,7,8,9
2024-05-14 20:16:10,742 - [INFO] - share secret finished
2024-05-14 20:16:10,742 - [INFO] - U_2 users: 0,1,2,3,4,5,6,7,8,9
2024-05-14 20:16:20,431 - [INFO] - mask gradients finished
2024-05-14 20:16:22,396 - [INFO] - unmask gradients finished
2024-05-14 20:16:22,396 - [INFO] - U_3 users: 0,1,2,3,4,6,7,8,9
2024-05-14 20:16:23,639 - [INFO] - Round  88,Testing accuracy: 19.89,Time:  14.76s
2024-05-14 20:16:23,639 - [INFO] - clients [0, 1, 2, 3, 4, 5, 6, 7, 8, 9] are selected
2024-05-14 20:16:23,793 - [INFO] - advertise keys finished
2024-05-14 20:16:23,793 - [INFO] - U_1 users: 0,1,2,3,4,5,6,7,8,9
2024-05-14 20:16:25,495 - [INFO] - share secret finished
2024-05-14 20:16:25,495 - [INFO] - U_2 users: 0,1,2,3,4,5,6,7,8,9
2024-05-14 20:16:35,091 - [INFO] - mask gradients finished
2024-05-14 20:16:37,102 - [INFO] - unmask gradients finished
2024-05-14 20:16:37,102 - [INFO] - U_3 users: 0,1,2,4,5,6,7,8,9
2024-05-14 20:16:38,311 - [INFO] - Round  89,Testing accuracy: 19.89,Time:  14.67s
2024-05-14 20:16:38,311 - [INFO] - clients [0, 1, 2, 3, 4, 5, 6, 7, 8, 9] are selected
2024-05-14 20:16:38,460 - [INFO] - advertise keys finished
2024-05-14 20:16:38,460 - [INFO] - U_1 users: 0,1,2,3,4,5,6,7,8,9
2024-05-14 20:16:40,154 - [INFO] - share secret finished
2024-05-14 20:16:40,154 - [INFO] - U_2 users: 0,1,2,3,4,5,6,7,8,9
2024-05-14 20:16:49,569 - [INFO] - mask gradients finished
2024-05-14 20:16:51,574 - [INFO] - unmask gradients finished
2024-05-14 20:16:51,574 - [INFO] - U_3 users: 0,1,2,3,4,5,6,7,9
2024-05-14 20:16:52,809 - [INFO] - Round  90,Testing accuracy: 19.89,Time:  14.50s
2024-05-14 20:16:52,809 - [INFO] - clients [0, 1, 2, 3, 4, 5, 6, 7, 8, 9] are selected
2024-05-14 20:16:52,958 - [INFO] - advertise keys finished
2024-05-14 20:16:52,958 - [INFO] - U_1 users: 0,1,2,3,4,5,6,7,8,9
2024-05-14 20:16:54,664 - [INFO] - share secret finished
2024-05-14 20:16:54,665 - [INFO] - U_2 users: 0,1,2,3,4,5,6,7,8,9
2024-05-14 20:17:04,196 - [INFO] - mask gradients finished
2024-05-14 20:17:06,089 - [INFO] - unmask gradients finished
2024-05-14 20:17:06,089 - [INFO] - U_3 users: 0,1,2,3,5,6,7,8,9
2024-05-14 20:17:07,431 - [INFO] - Round  91,Testing accuracy: 19.89,Time:  14.62s
2024-05-14 20:17:07,431 - [INFO] - clients [0, 1, 2, 3, 4, 5, 6, 7, 8, 9] are selected
2024-05-14 20:17:07,580 - [INFO] - advertise keys finished
2024-05-14 20:17:07,580 - [INFO] - U_1 users: 0,1,2,3,4,5,6,7,8,9
2024-05-14 20:17:09,277 - [INFO] - share secret finished
2024-05-14 20:17:09,277 - [INFO] - U_2 users: 0,1,2,3,4,5,6,7,8,9
2024-05-14 20:17:18,643 - [INFO] - mask gradients finished
2024-05-14 20:17:20,540 - [INFO] - unmask gradients finished
2024-05-14 20:17:20,540 - [INFO] - U_3 users: 0,1,2,3,4,5,6,8,9
2024-05-14 20:17:21,865 - [INFO] - Round  92,Testing accuracy: 19.89,Time:  14.43s
2024-05-14 20:17:21,865 - [INFO] - clients [0, 1, 2, 3, 4, 5, 6, 7, 8, 9] are selected
2024-05-14 20:17:22,014 - [INFO] - advertise keys finished
2024-05-14 20:17:22,014 - [INFO] - U_1 users: 0,1,2,3,4,5,6,7,8,9
2024-05-14 20:17:23,714 - [INFO] - share secret finished
2024-05-14 20:17:23,715 - [INFO] - U_2 users: 0,1,2,3,4,5,6,7,8,9
2024-05-14 20:17:33,068 - [INFO] - mask gradients finished
2024-05-14 20:17:36,463 - [INFO] - unmask gradients finished
2024-05-14 20:17:36,464 - [INFO] - U_3 users: 0,1,2,3,5,6,7,8,9
2024-05-14 20:17:38,906 - [INFO] - Round  93,Testing accuracy: 19.89,Time:  17.04s
2024-05-14 20:17:38,907 - [INFO] - clients [0, 1, 2, 3, 4, 5, 6, 7, 8, 9] are selected
2024-05-14 20:17:39,177 - [INFO] - advertise keys finished
2024-05-14 20:17:39,177 - [INFO] - U_1 users: 0,1,2,3,4,5,6,7,8,9
2024-05-14 20:17:42,309 - [INFO] - share secret finished
2024-05-14 20:17:42,309 - [INFO] - U_2 users: 0,1,2,3,4,5,6,7,8,9
2024-05-14 20:18:00,368 - [INFO] - mask gradients finished
2024-05-14 20:18:03,852 - [INFO] - unmask gradients finished
2024-05-14 20:18:03,853 - [INFO] - U_3 users: 1,2,3,4,5,6,7,8,9
2024-05-14 20:18:06,312 - [INFO] - Round  94,Testing accuracy: 19.89,Time:  27.41s
2024-05-14 20:18:06,313 - [INFO] - clients [0, 1, 2, 3, 4, 5, 6, 7, 8, 9] are selected
2024-05-14 20:18:06,582 - [INFO] - advertise keys finished
2024-05-14 20:18:06,582 - [INFO] - U_1 users: 0,1,2,3,4,5,6,7,8,9
2024-05-14 20:18:09,682 - [INFO] - share secret finished
2024-05-14 20:18:09,682 - [INFO] - U_2 users: 0,1,2,3,4,5,6,7,8,9
2024-05-14 20:18:27,442 - [INFO] - mask gradients finished
2024-05-14 20:18:30,882 - [INFO] - unmask gradients finished
2024-05-14 20:18:30,883 - [INFO] - U_3 users: 0,1,2,3,5,6,7,8,9
2024-05-14 20:18:33,322 - [INFO] - Round  95,Testing accuracy: 19.89,Time:  27.01s
2024-05-14 20:18:33,322 - [INFO] - clients [0, 1, 2, 3, 4, 5, 6, 7, 8, 9] are selected
2024-05-14 20:18:33,597 - [INFO] - advertise keys finished
2024-05-14 20:18:33,597 - [INFO] - U_1 users: 0,1,2,3,4,5,6,7,8,9
2024-05-14 20:18:36,666 - [INFO] - share secret finished
2024-05-14 20:18:36,666 - [INFO] - U_2 users: 0,1,2,3,4,5,6,7,8,9
2024-05-14 20:18:54,504 - [INFO] - mask gradients finished
2024-05-14 20:18:58,020 - [INFO] - unmask gradients finished
2024-05-14 20:18:58,021 - [INFO] - U_3 users: 0,1,2,4,5,6,7,8,9
2024-05-14 20:19:00,402 - [INFO] - Round  96,Testing accuracy: 19.89,Time:  27.08s
2024-05-14 20:19:00,403 - [INFO] - clients [0, 1, 2, 3, 4, 5, 6, 7, 8, 9] are selected
2024-05-14 20:19:00,675 - [INFO] - advertise keys finished
2024-05-14 20:19:00,676 - [INFO] - U_1 users: 0,1,2,3,4,5,6,7,8,9
2024-05-14 20:19:03,760 - [INFO] - share secret finished
2024-05-14 20:19:03,760 - [INFO] - U_2 users: 0,1,2,3,4,5,6,7,8,9
2024-05-14 20:19:21,543 - [INFO] - mask gradients finished
2024-05-14 20:19:25,088 - [INFO] - unmask gradients finished
2024-05-14 20:19:25,089 - [INFO] - U_3 users: 0,1,2,3,5,6,7,8,9
2024-05-14 20:19:27,403 - [INFO] - Round  97,Testing accuracy: 19.89,Time:  27.00s
2024-05-14 20:19:27,404 - [INFO] - clients [0, 1, 2, 3, 4, 5, 6, 7, 8, 9] are selected
2024-05-14 20:19:27,672 - [INFO] - advertise keys finished
2024-05-14 20:19:27,672 - [INFO] - U_1 users: 0,1,2,3,4,5,6,7,8,9
2024-05-14 20:19:30,889 - [INFO] - share secret finished
2024-05-14 20:19:30,889 - [INFO] - U_2 users: 0,1,2,3,4,5,6,7,8,9
2024-05-14 20:19:49,295 - [INFO] - mask gradients finished
2024-05-14 20:19:52,822 - [INFO] - unmask gradients finished
2024-05-14 20:19:52,823 - [INFO] - U_3 users: 0,1,2,3,4,5,6,7,9
2024-05-14 20:19:55,182 - [INFO] - Round  98,Testing accuracy: 19.89,Time:  27.78s
2024-05-14 20:19:55,183 - [INFO] - clients [0, 1, 2, 3, 4, 5, 6, 7, 8, 9] are selected
2024-05-14 20:19:55,455 - [INFO] - advertise keys finished
2024-05-14 20:19:55,455 - [INFO] - U_1 users: 0,1,2,3,4,5,6,7,8,9
2024-05-14 20:19:58,533 - [INFO] - share secret finished
2024-05-14 20:19:58,534 - [INFO] - U_2 users: 0,1,2,3,4,5,6,7,8,9
2024-05-14 20:20:16,590 - [INFO] - mask gradients finished
2024-05-14 20:20:20,089 - [INFO] - unmask gradients finished
2024-05-14 20:20:20,090 - [INFO] - U_3 users: 0,1,2,3,4,5,7,8,9
2024-05-14 20:20:22,475 - [INFO] - Round  99,Testing accuracy: 19.89,Time:  27.29s
